┎ 0x00000000 H
┖ 0x0000003f
╓ 0x00000040 S ".note.gnu.build-id" SHT_NOTE [SHF_ALLOC]
╙ 0x00000063
╓ 0x00000064 S ".note.Linux" SHT_NOTE [SHF_ALLOC]
╙ 0x0000007b
╓ 0x00000080 S ".text" SHT_PROGBITS [SHF_ALLOC,SHF_EXECINSTR]
╙ 0x0000026b
╓ 0x0000026c S "__ksymtab" SHT_PROGBITS [SHF_ALLOC]
╙ 0x00000277
╓ 0x00000278 S ".rodata.str1.8" SHT_PROGBITS [SHF_ALLOC,SHF_EXT 16,SHF_EXT 32]
╙ 0x00000286
╓ 0x00000288 S ".rodata" SHT_PROGBITS [SHF_ALLOC]
╙ 0x000002bf
╓ 0x000002c0 S ".modinfo" SHT_PROGBITS [SHF_ALLOC]
╙ 0x00000361
╓ 0x00000362 S "__ksymtab_strings" SHT_PROGBITS [SHF_ALLOC]
╙ 0x00000377
╓ 0x00000378 S ".eh_frame" SHT_PROGBITS [SHF_ALLOC]
╙ 0x000003db
- 0x000003dc S ".data" SHT_PROGBITS [SHF_WRITE,SHF_ALLOC]
╓ 0x000003dc S "__patchable_function_entries" SHT_PROGBITS [SHF_WRITE,SHF_ALLOC]
╙ 0x000003fb
╓ 0x00000400 S ".gnu.linkonce.this_module" SHT_PROGBITS [SHF_WRITE,SHF_ALLOC]
╙ 0x0000073f
- 0x00000740 S ".plt" SHT_NOBITS [SHF_WRITE,SHF_ALLOC]
- 0x00000740 S ".init.plt" SHT_NOBITS [SHF_WRITE,SHF_ALLOC]
- 0x00000740 S ".text.ftrace_trampoline" SHT_NOBITS [SHF_WRITE,SHF_ALLOC]
- 0x00000740 S ".bss" SHT_NOBITS [SHF_WRITE,SHF_ALLOC]
╓ 0x00000740 S ".comment" SHT_PROGBITS [SHF_EXT 16,SHF_EXT 32]
╙ 0x00000795
- 0x00000796 S ".note.GNU-stack" SHT_PROGBITS []
╓ 0x00000798 S ".symtab" SHT_SYMTAB []
╙ 0x00000be7
╓ 0x00000be8 S ".strtab" SHT_STRTAB []
╙ 0x00000d5b
╓ 0x00000d60 S ".rela__ksymtab" SHT_RELA [SHF_EXT 64]
╙ 0x00000da7
╓ 0x00000da8 S ".rela.rodata" SHT_RELA [SHF_EXT 64]
╙ 0x00000e1f
╓ 0x00000e20 S ".rela.eh_frame" SHT_RELA [SHF_EXT 64]
╙ 0x00000e7f
╓ 0x00000e80 S ".rela__patchable_function_entries" SHT_RELA [SHF_EXT 64]
╙ 0x00000edf
╓ 0x00000ee0 S ".shstrtab" SHT_STRTAB []
╙ 0x00000ff6
┎ 0x00000ff8 ST (26)
┖ 0x00001677