Class:     ELFCLASS32
Data:      ELFDATA2LSB
Version:   1
OSABI:     ELFOSABI_SYSV
ABIVersion: 0
Type:      ET_REL
Machine:   EM_EXT 243
Entry:     0x0
Sections:  - Name:      ""
             Type:      SHT_NULL
             Flags:     
             Addr:      0x0
             Size:      0
             Link:      0
             Info:      0
             AddrAlign: 0
             EntSize:   0
             Data:      
           - Name:      ".text"
             Type:      SHT_PROGBITS
             Flags:     - SHF_ALLOC
                        - SHF_EXECINSTR
             Addr:      0x0
             Size:      592
             Link:      0
             Info:      0
             AddrAlign: 4
             EntSize:   0
             Data:      13 01 01 fd 23 2a 51 01 97 0a 00 00 83 aa 0a 00 # ....#*Q.........
                        83 a7 0a 00 23 22 91 02 93 84 05 00 93 05 30 00 # ....#"........0.
                        23 24 81 02 23 26 11 02 23 20 21 03 23 2e 31 01 # #$..#&..# !.#.1.
                        23 2c 41 01 23 28 61 01 13 04 05 00 23 26 f1 00 # #,A.#(a.....#&..
                        97 00 00 00 e7 80 00 00 63 42 05 1e 17 05 00 00 # ........cB......
                        03 25 05 00 97 00 00 00 e7 80 00 00 63 84 04 0a # .%..........c...
                        03 a5 04 00 63 14 85 0e 03 a7 04 06 93 07 30 07 # ....c.........0.
                        63 08 f7 04 13 0b 20 00 17 05 00 00 03 25 05 00 # c..... ......%..
                        97 00 00 00 e7 80 00 00 03 27 c1 00 83 a7 0a 00 # .........'......
                        13 05 0b 00 63 1a f7 1a 83 20 c1 02 03 24 81 02 # ....c.... ...$..
                        83 24 41 02 03 29 01 02 83 29 c1 01 03 2a 81 01 # .$A..)...)...*..
                        83 2a 41 01 03 2b 01 01 13 01 01 03 67 80 00 00 # .*A..+......g...
                        97 00 00 00 e7 80 00 00 13 04 05 00 13 05 00 00 # ................
                        63 1c 04 00 6f 00 80 07 83 27 c4 00 13 05 04 00 # c...o....'......
                        63 86 07 06 13 84 07 00 83 27 44 01 e3 96 97 fe # c........'D.....
                        03 27 04 00 93 07 30 00 63 1c f7 10 13 0b 10 00 # .'....0.c.......
                        6f f0 9f f7 13 05 04 00 97 00 00 00 e7 80 00 00 # o...............
                        13 04 05 00 e3 00 05 f6 03 27 05 00 93 07 30 00 # .........'....0.
                        63 1c f7 04 83 24 c5 00 23 26 05 00 e3 88 04 fc # c....$..#&......
                        13 06 10 00 93 85 04 00 97 00 00 00 e7 80 00 00 # ................
                        13 84 04 00 13 0b 10 00 6f 00 80 04 17 05 00 00 # ........o.......
                        03 25 05 00 97 00 00 00 e7 80 00 00 97 07 00 00 # .%..............
                        83 a7 07 00 13 07 60 01 13 0b f0 ff b3 87 47 00 # ......`.......G.
                        23 a0 e7 00 6f f0 5f f1 93 05 05 00 13 06 10 00 # #...o._.........
                        13 05 00 00 97 00 00 00 e7 80 00 00 13 0b 00 00 # ................
                        83 27 04 00 13 07 10 00 93 87 f7 ff 63 68 f7 04 # .'..........ch..
                        93 09 d0 07 13 09 f0 ff 13 0a 10 00 83 27 44 01 # .............'D.
                        13 05 04 00 23 a0 37 07 83 27 44 01 23 a2 27 07 # ....#.7..'D.#.'.
                        97 00 00 00 e7 80 00 00 83 24 c4 00 13 05 04 00 # .........$......
                        97 00 00 00 e7 80 00 00 e3 80 04 ea 83 a7 04 00 # ................
                        13 84 04 00 93 87 f7 ff e3 72 fa fc 97 06 00 00 # .........r......
                        93 86 06 00 13 06 d0 08 97 05 00 00 93 85 05 00 # ................
                        17 05 00 00 13 05 05 00 97 00 00 00 e7 80 00 00 # ................
                        13 06 00 00 93 05 04 00 97 00 00 00 e7 80 00 00 # ................
                        13 0b 00 00 23 26 04 00 6f f0 9f f6 97 07 00 00 # ....#&..o.......
                        83 a7 07 00 13 07 90 00 13 0b f0 ff b3 87 47 00 # ..............G.
                        23 a0 e7 00 6f f0 5f e4 97 00 00 00 e7 80 00 00 # #...o._.........
           - Name:      ".rela.text"
             Type:      SHT_RELA
             Flags:     - SHF_EXT 64
             Addr:      0x0
             Size:      924
             Link:      7
             Info:      1
             AddrAlign: 4
             EntSize:   12
             Data:      08 00 00 00 14 97 00 00 00 00 00 00 0c 00 00 00 # ................
                        18 40 00 00 00 00 00 00 0c 00 00 00 33 00 00 00 # .@..........3...
                        00 00 00 00 40 00 00 00 13 98 00 00 00 00 00 00 # ....@...........
                        40 00 00 00 33 00 00 00 00 00 00 00 4c 00 00 00 # @...3.......L...
                        14 99 00 00 00 00 00 00 50 00 00 00 18 41 00 00 # ........P....A..
                        00 00 00 00 50 00 00 00 33 00 00 00 00 00 00 00 # ....P...3.......
                        54 00 00 00 13 9a 00 00 00 00 00 00 54 00 00 00 # T...........T...
                        33 00 00 00 00 00 00 00 78 00 00 00 14 99 00 00 # 3.......x.......
                        00 00 00 00 7c 00 00 00 18 42 00 00 00 00 00 00 # ....|....B......
                        7c 00 00 00 33 00 00 00 00 00 00 00 80 00 00 00 # |...3...........
                        13 9b 00 00 00 00 00 00 80 00 00 00 33 00 00 00 # ............3...
                        00 00 00 00 c0 00 00 00 13 9c 00 00 00 00 00 00 # ................
                        c0 00 00 00 33 00 00 00 00 00 00 00 08 01 00 00 # ....3...........
                        13 9c 00 00 00 00 00 00 08 01 00 00 33 00 00 00 # ............3...
                        00 00 00 00 38 01 00 00 13 9d 00 00 00 00 00 00 # ....8...........
                        38 01 00 00 33 00 00 00 00 00 00 00 4c 01 00 00 # 8...3.......L...
                        14 99 00 00 00 00 00 00 50 01 00 00 18 43 00 00 # ........P....C..
                        00 00 00 00 50 01 00 00 33 00 00 00 00 00 00 00 # ....P...3.......
                        54 01 00 00 13 9b 00 00 00 00 00 00 54 01 00 00 # T...........T...
                        33 00 00 00 00 00 00 00 5c 01 00 00 15 9e 00 00 # 3.......\.......
                        00 00 00 00 60 01 00 00 18 44 00 00 00 00 00 00 # ....`....D......
                        60 01 00 00 33 00 00 00 00 00 00 00 84 01 00 00 # `...3...........
                        13 9d 00 00 00 00 00 00 84 01 00 00 33 00 00 00 # ............3...
                        00 00 00 00 c0 01 00 00 13 9f 00 00 00 00 00 00 # ................
                        c0 01 00 00 33 00 00 00 00 00 00 00 d0 01 00 00 # ....3...........
                        13 a0 00 00 00 00 00 00 d0 01 00 00 33 00 00 00 # ............3...
                        00 00 00 00 ec 01 00 00 17 35 00 00 00 00 00 00 # .........5......
                        ec 01 00 00 33 00 00 00 00 00 00 00 f0 01 00 00 # ....3...........
                        18 45 00 00 00 00 00 00 f0 01 00 00 33 00 00 00 # .E..........3...
                        00 00 00 00 f8 01 00 00 17 46 00 00 00 00 00 00 # .........F......
                        f8 01 00 00 33 00 00 00 00 00 00 00 fc 01 00 00 # ....3...........
                        18 47 00 00 00 00 00 00 fc 01 00 00 33 00 00 00 # .G..........3...
                        00 00 00 00 00 02 00 00 17 48 00 00 00 00 00 00 # .........H......
                        00 02 00 00 33 00 00 00 00 00 00 00 04 02 00 00 # ....3...........
                        18 49 00 00 00 00 00 00 04 02 00 00 33 00 00 00 # .I..........3...
                        00 00 00 00 08 02 00 00 13 a1 00 00 00 00 00 00 # ................
                        08 02 00 00 33 00 00 00 00 00 00 00 18 02 00 00 # ....3...........
                        13 9d 00 00 00 00 00 00 18 02 00 00 33 00 00 00 # ............3...
                        00 00 00 00 2c 02 00 00 15 9e 00 00 00 00 00 00 # ....,...........
                        30 02 00 00 18 4a 00 00 00 00 00 00 30 02 00 00 # 0....J......0...
                        33 00 00 00 00 00 00 00 48 02 00 00 13 a2 00 00 # 3.......H.......
                        00 00 00 00 48 02 00 00 33 00 00 00 00 00 00 00 # ....H...3.......
                        48 00 00 00 10 4b 00 00 00 00 00 00 5c 00 00 00 # H....K......\...
                        10 4c 00 00 00 00 00 00 64 00 00 00 10 4d 00 00 # .L......d....M..
                        00 00 00 00 70 00 00 00 10 4e 00 00 00 00 00 00 # ....p....N......
                        94 00 00 00 10 4f 00 00 00 00 00 00 d0 00 00 00 # .....O..........
                        10 50 00 00 00 00 00 00 d4 00 00 00 11 4d 00 00 # .P...........M..
                        00 00 00 00 e0 00 00 00 10 4d 00 00 00 00 00 00 # .........M......
                        ec 00 00 00 10 51 00 00 00 00 00 00 f8 00 00 00 # .....Q..........
                        10 52 00 00 00 00 00 00 00 01 00 00 11 53 00 00 # .R...........S..
                        00 00 00 00 14 01 00 00 10 54 00 00 00 00 00 00 # .........T......
                        20 01 00 00 10 55 00 00 00 00 00 00 2c 01 00 00 #  ....U......,...
                        10 56 00 00 00 00 00 00 48 01 00 00 11 57 00 00 # .V......H....W..
                        00 00 00 00 74 01 00 00 11 58 00 00 00 00 00 00 # ....t....X......
                        9c 01 00 00 10 59 00 00 00 00 00 00 d8 01 00 00 # .....Y..........
                        10 53 00 00 00 00 00 00 e8 01 00 00 10 5a 00 00 # .S...........Z..
                        00 00 00 00 28 02 00 00 11 57 00 00 00 00 00 00 # ....(....W......
                        44 02 00 00 11 58 00 00 00 00 00 00             # D....X......
           - Name:      ".data"
             Type:      SHT_PROGBITS
             Flags:     - SHF_WRITE
                        - SHF_ALLOC
             Addr:      0x0
             Size:      0
             Link:      0
             Info:      0
             AddrAlign: 1
             EntSize:   0
             Data:      
           - Name:      ".bss"
             Type:      SHT_NOBITS
             Flags:     - SHF_WRITE
                        - SHF_ALLOC
             Addr:      0x0
             Size:      0
             Link:      0
             Info:      0
             AddrAlign: 1
             EntSize:   0
             Data:      
           - Name:      ".rodata.str1.4"
             Type:      SHT_PROGBITS
             Flags:     - SHF_ALLOC
                        - SHF_EXT 16
                        - SHF_EXT 32
             Addr:      0x0
             Size:      91
             Link:      0
             Info:      0
             AddrAlign: 4
             EntSize:   1
             Data:      2e 2e 2f 73 79 73 64 65 70 73 2f 70 74 68 72 65 # ../sysdeps/pthre
                        61 64 2f 61 69 6f 5f 63 61 6e 63 65 6c 2e 63 00 # ad/aio_cancel.c.
                        72 65 71 2d 3e 72 75 6e 6e 69 6e 67 20 3d 3d 20 # req->running == 
                        79 65 73 20 7c 7c 20 72 65 71 2d 3e 72 75 6e 6e # yes || req->runn
                        69 6e 67 20 3d 3d 20 71 75 65 75 65 64 00 00 00 # ing == queued...
                        61 69 6f 5f 63 61 6e 63 65 6c 00                # aio_cancel.
           - Name:      ".comment"
             Type:      SHT_PROGBITS
             Flags:     - SHF_EXT 16
                        - SHF_EXT 32
             Addr:      0x0
             Size:      32
             Link:      0
             Info:      0
             AddrAlign: 1
             EntSize:   1
             Data:      00 47 43 43 3a 20 28 47 65 6e 74 6f 6f 20 37 2e # .GCC: (Gentoo 7.
                        32 2e 30 20 70 31 2e 31 29 20 37 2e 32 2e 30 00 # 2.0 p1.1) 7.2.0.
           - Name:      ".symtab"
             Type:      SHT_SYMTAB
             Flags:     
             Addr:      0x0
             Size:      2624
             Link:      8
             Info:      150
             AddrAlign: 4
             EntSize:   16
             Data:      00 00 00 00 00 00 00 00 00 00 00 00 00 00 00 00 # ................
                        01 00 00 00 00 00 00 00 00 00 00 00 00 00 01 00 # ................
                        01 00 00 00 00 00 00 00 00 00 00 00 00 00 01 00 # ................
                        01 00 00 00 1c 00 00 00 00 00 00 00 00 00 01 00 # ................
                        01 00 00 00 20 00 00 00 00 00 00 00 00 00 01 00 # .... ...........
                        01 00 00 00 38 00 00 00 00 00 00 00 00 00 01 00 # ....8...........
                        01 00 00 00 38 00 00 00 00 00 00 00 00 00 01 00 # ....8...........
                        01 00 00 00 40 00 00 00 00 00 00 00 00 00 01 00 # ....@...........
                        01 00 00 00 4c 00 00 00 00 00 00 00 00 00 01 00 # ....L...........
                        01 00 00 00 5c 00 00 00 00 00 00 00 00 00 01 00 # ....\...........
                        01 00 00 00 60 00 00 00 00 00 00 00 00 00 01 00 # ....`...........
                        01 00 00 00 68 00 00 00 00 00 00 00 00 00 01 00 # ....h...........
                        01 00 00 00 74 00 00 00 00 00 00 00 00 00 01 00 # ....t...........
                        01 00 00 00 78 00 00 00 00 00 00 00 00 00 01 00 # ....x...........
                        01 00 00 00 88 00 00 00 00 00 00 00 00 00 01 00 # ................
                        01 00 00 00 9c 00 00 00 00 00 00 00 00 00 01 00 # ................
                        01 00 00 00 c0 00 00 00 00 00 00 00 00 00 01 00 # ................
                        01 00 00 00 cc 00 00 00 00 00 00 00 00 00 01 00 # ................
                        01 00 00 00 d0 00 00 00 00 00 00 00 00 00 01 00 # ................
                        01 00 00 00 d4 00 00 00 00 00 00 00 00 00 01 00 # ................
                        01 00 00 00 d8 00 00 00 00 00 00 00 00 00 01 00 # ................
                        01 00 00 00 e0 00 00 00 00 00 00 00 00 00 01 00 # ................
                        01 00 00 00 e8 00 00 00 00 00 00 00 00 00 01 00 # ................
                        01 00 00 00 f0 00 00 00 00 00 00 00 00 00 01 00 # ................
                        01 00 00 00 fc 00 00 00 00 00 00 00 00 00 01 00 # ................
                        01 00 00 00 04 01 00 00 00 00 00 00 00 00 01 00 # ................
                        01 00 00 00 14 01 00 00 00 00 00 00 00 00 01 00 # ................
                        01 00 00 00 18 01 00 00 00 00 00 00 00 00 01 00 # ................
                        01 00 00 00 24 01 00 00 00 00 00 00 00 00 01 00 # ....$...........
                        01 00 00 00 28 01 00 00 00 00 00 00 00 00 01 00 # ....(...........
                        01 00 00 00 2c 01 00 00 00 00 00 00 00 00 01 00 # ....,...........
                        01 00 00 00 30 01 00 00 00 00 00 00 00 00 01 00 # ....0...........
                        01 00 00 00 44 01 00 00 00 00 00 00 00 00 01 00 # ....D...........
                        01 00 00 00 4c 01 00 00 00 00 00 00 00 00 01 00 # ....L...........
                        01 00 00 00 5c 01 00 00 00 00 00 00 00 00 01 00 # ....\...........
                        01 00 00 00 68 01 00 00 00 00 00 00 00 00 01 00 # ....h...........
                        01 00 00 00 6c 01 00 00 00 00 00 00 00 00 01 00 # ....l...........
                        01 00 00 00 74 01 00 00 00 00 00 00 00 00 01 00 # ....t...........
                        01 00 00 00 78 01 00 00 00 00 00 00 00 00 01 00 # ....x...........
                        01 00 00 00 8c 01 00 00 00 00 00 00 00 00 01 00 # ................
                        01 00 00 00 90 01 00 00 00 00 00 00 00 00 01 00 # ................
                        01 00 00 00 a0 01 00 00 00 00 00 00 00 00 01 00 # ................
                        01 00 00 00 a4 01 00 00 00 00 00 00 00 00 01 00 # ................
                        01 00 00 00 a8 01 00 00 00 00 00 00 00 00 01 00 # ................
                        01 00 00 00 ac 01 00 00 00 00 00 00 00 00 01 00 # ................
                        01 00 00 00 b0 01 00 00 00 00 00 00 00 00 01 00 # ................
                        01 00 00 00 b4 01 00 00 00 00 00 00 00 00 01 00 # ................
                        01 00 00 00 b8 01 00 00 00 00 00 00 00 00 01 00 # ................
                        01 00 00 00 c0 01 00 00 00 00 00 00 00 00 01 00 # ................
                        01 00 00 00 c8 01 00 00 00 00 00 00 00 00 01 00 # ................
                        01 00 00 00 cc 01 00 00 00 00 00 00 00 00 01 00 # ................
                        01 00 00 00 d8 01 00 00 00 00 00 00 00 00 01 00 # ................
                        01 00 00 00 dc 01 00 00 00 00 00 00 00 00 01 00 # ................
                        06 00 00 00 50 00 00 00 0b 00 00 00 01 00 05 00 # ....P...........
                        01 00 00 00 10 02 00 00 00 00 00 00 00 00 01 00 # ................
                        01 00 00 00 20 02 00 00 00 00 00 00 00 00 01 00 # .... ...........
                        01 00 00 00 24 02 00 00 00 00 00 00 00 00 01 00 # ....$...........
                        01 00 00 00 2c 02 00 00 00 00 00 00 00 00 01 00 # ....,...........
                        01 00 00 00 38 02 00 00 00 00 00 00 00 00 01 00 # ....8...........
                        01 00 00 00 3c 02 00 00 00 00 00 00 00 00 01 00 # ....<...........
                        01 00 00 00 44 02 00 00 00 00 00 00 00 00 01 00 # ....D...........
                        01 00 00 00 48 02 00 00 00 00 00 00 00 00 01 00 # ....H...........
                        01 00 00 00 50 02 00 00 00 00 00 00 00 00 01 00 # ....P...........
                        01 00 00 00 50 02 00 00 00 00 00 00 00 00 01 00 # ....P...........
                        01 00 00 00 08 00 00 00 00 00 00 00 00 00 01 00 # ................
                        01 00 00 00 4c 00 00 00 00 00 00 00 00 00 01 00 # ....L...........
                        01 00 00 00 78 00 00 00 00 00 00 00 00 00 01 00 # ....x...........
                        01 00 00 00 4c 01 00 00 00 00 00 00 00 00 01 00 # ....L...........
                        01 00 00 00 5c 01 00 00 00 00 00 00 00 00 01 00 # ....\...........
                        01 00 00 00 ec 01 00 00 00 00 00 00 00 00 01 00 # ................
                        1f 00 00 00 00 00 00 00 00 00 00 00 00 00 05 00 # ................
                        01 00 00 00 f8 01 00 00 00 00 00 00 00 00 01 00 # ................
                        24 00 00 00 20 00 00 00 00 00 00 00 00 00 05 00 # $... ...........
                        01 00 00 00 00 02 00 00 00 00 00 00 00 00 01 00 # ................
                        01 00 00 00 2c 02 00 00 00 00 00 00 00 00 01 00 # ....,...........
                        29 00 00 00 2c 02 00 00 00 00 00 00 00 00 01 00 # )...,...........
                        2e 00 00 00 04 01 00 00 00 00 00 00 00 00 01 00 # ................
                        32 00 00 00 4c 01 00 00 00 00 00 00 00 00 01 00 # 2...L...........
                        36 00 00 00 c0 00 00 00 00 00 00 00 00 00 01 00 # 6...............
                        3b 00 00 00 48 02 00 00 00 00 00 00 00 00 01 00 # ;...H...........
                        40 00 00 00 e8 00 00 00 00 00 00 00 00 00 01 00 # @...............
                        44 00 00 00 d8 00 00 00 00 00 00 00 00 00 01 00 # D...............
                        48 00 00 00 10 02 00 00 00 00 00 00 00 00 01 00 # H...............
                        4d 00 00 00 78 00 00 00 00 00 00 00 00 00 01 00 # M...x...........
                        52 00 00 00 74 00 00 00 00 00 00 00 00 00 01 00 # R...t...........
                        56 00 00 00 78 01 00 00 00 00 00 00 00 00 01 00 # V...x...........
                        5b 00 00 00 fc 00 00 00 00 00 00 00 00 00 01 00 # [...............
                        60 00 00 00 90 01 00 00 00 00 00 00 00 00 01 00 # `...............
                        65 00 00 00 88 00 00 00 00 00 00 00 00 00 01 00 # e...............
                        69 00 00 00 ec 01 00 00 00 00 00 00 00 00 01 00 # i...............
                        6e 00 00 00 ac 01 00 00 00 00 00 00 00 00 01 00 # n...............
                        73 00 00 00 00 00 00 00 00 00 00 00 00 00 01 00 # s...............
                        7b 00 00 00 50 02 00 00 00 00 00 00 00 00 01 00 # {...P...........
                        84 00 00 00 00 00 00 00 00 00 00 00 00 00 01 00 # ................
                        8b 00 00 00 50 02 00 00 00 00 00 00 00 00 01 00 # ....P...........
                        92 00 00 00 c8 00 00 00 00 00 00 00 00 00 01 00 # ................
                        98 00 00 00 5c 01 00 00 00 00 00 00 00 00 01 00 # ....\...........
                        9f 00 00 00 20 02 00 00 00 00 00 00 00 00 01 00 # .... ...........
                        a6 00 00 00 24 01 00 00 00 00 00 00 00 00 01 00 # ....$...........
                        ac 00 00 00 4c 01 00 00 00 00 00 00 00 00 01 00 # ....L...........
                        b2 00 00 00 40 01 00 00 00 00 00 00 00 00 01 00 # ....@...........
                        b9 00 00 00 c8 01 00 00 00 00 00 00 00 00 01 00 # ................
                        c0 00 00 00 d8 01 00 00 00 00 00 00 00 00 01 00 # ................
                        c7 00 00 00 10 02 00 00 00 00 00 00 00 00 01 00 # ................
                        ce 00 00 00 48 00 00 00 00 00 00 00 00 00 01 00 # ....H...........
                        d4 00 00 00 5c 00 00 00 00 00 00 00 00 00 01 00 # ....\...........
                        da 00 00 00 88 00 00 00 00 00 00 00 00 00 01 00 # ................
                        e0 00 00 00 10 01 00 00 00 00 00 00 00 00 01 00 # ................
                        e7 00 00 00 8c 01 00 00 00 00 00 00 00 00 01 00 # ................
                        ee 00 00 00 50 02 00 00 00 00 00 00 00 00 01 00 # ....P...........
                        f5 00 00 00 00 00 00 00 00 00 00 00 00 00 01 00 # ................
                        fb 00 00 00 74 00 00 00 00 00 00 00 00 00 01 00 # ....t...........
                        01 01 00 00 c0 00 00 00 00 00 00 00 00 00 01 00 # ................
                        07 01 00 00 cc 00 00 00 00 00 00 00 00 00 01 00 # ................
                        0e 01 00 00 04 01 00 00 00 00 00 00 00 00 01 00 # ................
                        15 01 00 00 14 01 00 00 00 00 00 00 00 00 01 00 # ................
                        1c 01 00 00 2c 02 00 00 00 00 00 00 00 00 01 00 # ....,...........
                        23 01 00 00 48 02 00 00 00 00 00 00 00 00 01 00 # #...H...........
                        2a 01 00 00 20 00 00 00 00 00 00 00 00 00 01 00 # *... ...........
                        30 01 00 00 78 00 00 00 00 00 00 00 00 00 01 00 # 0...x...........
                        36 01 00 00 fc 00 00 00 00 00 00 00 00 00 01 00 # 6...............
                        3d 01 00 00 28 01 00 00 00 00 00 00 00 00 01 00 # =...(...........
                        44 01 00 00 4c 01 00 00 00 00 00 00 00 00 01 00 # D...L...........
                        4b 01 00 00 90 01 00 00 00 00 00 00 00 00 01 00 # K...............
                        52 01 00 00 40 00 00 00 00 00 00 00 00 00 01 00 # R...@...........
                        58 01 00 00 dc 00 00 00 00 00 00 00 00 00 01 00 # X...............
                        5f 01 00 00 e8 00 00 00 00 00 00 00 00 00 01 00 # _...............
                        66 01 00 00 78 01 00 00 00 00 00 00 00 00 01 00 # f...x...........
                        6d 01 00 00 cc 01 00 00 00 00 00 00 00 00 01 00 # m...............
                        74 01 00 00 ec 01 00 00 00 00 00 00 00 00 01 00 # t...............
                        7b 01 00 00 2c 01 00 00 00 00 00 00 00 00 01 00 # {...,...........
                        82 01 00 00 d8 00 00 00 00 00 00 00 00 00 01 00 # ................
                        89 01 00 00 24 01 00 00 00 00 00 00 00 00 01 00 # ....$...........
                        90 01 00 00 44 01 00 00 00 00 00 00 00 00 01 00 # ....D...........
                        97 01 00 00 dc 01 00 00 00 00 00 00 00 00 01 00 # ................
                        9e 01 00 00 c0 00 00 00 00 00 00 00 00 00 01 00 # ................
                        a4 01 00 00 04 01 00 00 00 00 00 00 00 00 01 00 # ................
                        aa 01 00 00 4c 01 00 00 00 00 00 00 00 00 01 00 # ....L...........
                        b0 01 00 00 78 01 00 00 00 00 00 00 00 00 01 00 # ....x...........
                        b6 01 00 00 10 02 00 00 00 00 00 00 00 00 01 00 # ................
                        bc 01 00 00 2c 02 00 00 00 00 00 00 00 00 01 00 # ....,...........
                        c2 01 00 00 90 01 00 00 00 00 00 00 00 00 01 00 # ................
                        c8 01 00 00 d8 01 00 00 00 00 00 00 00 00 01 00 # ................
                        ce 01 00 00 dc 01 00 00 00 00 00 00 00 00 01 00 # ................
                        d4 01 00 00 10 02 00 00 00 00 00 00 00 00 01 00 # ................
                        00 00 00 00 00 00 00 00 00 00 00 00 03 00 01 00 # ................
                        00 00 00 00 00 00 00 00 00 00 00 00 03 00 03 00 # ................
                        00 00 00 00 00 00 00 00 00 00 00 00 03 00 04 00 # ................
                        00 00 00 00 00 00 00 00 00 00 00 00 03 00 05 00 # ................
                        00 00 00 00 00 00 00 00 00 00 00 00 03 00 06 00 # ................
                        da 01 00 00 00 00 00 00 50 02 00 00 12 00 01 00 # ........P.......
                        e5 01 00 00 00 00 00 00 00 00 00 00 10 00 00 00 # ................
                        f7 01 00 00 00 00 00 00 00 00 00 00 10 00 00 00 # ................
                        fd 01 00 00 00 00 00 00 00 00 00 00 10 00 00 00 # ................
                        12 02 00 00 00 00 00 00 00 00 00 00 10 00 00 00 # ................
                        25 02 00 00 00 00 00 00 00 00 00 00 10 00 00 00 # %...............
                        3a 02 00 00 00 00 00 00 00 00 00 00 10 00 00 00 # :...............
                        4c 02 00 00 00 00 00 00 00 00 00 00 10 00 00 00 # L...............
                        61 02 00 00 00 00 00 00 00 00 00 00 16 00 00 00 # a...............
                        67 02 00 00 00 00 00 00 00 00 00 00 10 00 00 00 # g...............
                        74 02 00 00 00 00 00 00 00 00 00 00 10 00 00 00 # t...............
                        87 02 00 00 00 00 00 00 00 00 00 00 10 00 00 00 # ................
                        95 02 00 00 00 00 00 00 00 00 00 00 10 00 00 00 # ................
                        a6 02 00 00 00 00 00 00 50 02 00 00 22 00 01 00 # ........P..."...
             Symbols:   - Name:      ""
                          Type:      STT_NoType
                          Binding:   STB_Local
                          Other:     0x0
                          SectionIndex: SHN_Undef
                          Value:     0x0
                          Size:      0x0
                        - Name:      ".L0 "
                          Type:      STT_NoType
                          Binding:   STB_Local
                          Other:     0x0
                          SectionIndex: SHN_EXT 1
                          Value:     0x0
                          Size:      0x0
                        - Name:      ".L0 "
                          Type:      STT_NoType
                          Binding:   STB_Local
                          Other:     0x0
                          SectionIndex: SHN_EXT 1
                          Value:     0x0
                          Size:      0x0
                        - Name:      ".L0 "
                          Type:      STT_NoType
                          Binding:   STB_Local
                          Other:     0x0
                          SectionIndex: SHN_EXT 1
                          Value:     0x1c
                          Size:      0x0
                        - Name:      ".L0 "
                          Type:      STT_NoType
                          Binding:   STB_Local
                          Other:     0x0
                          SectionIndex: SHN_EXT 1
                          Value:     0x20
                          Size:      0x0
                        - Name:      ".L0 "
                          Type:      STT_NoType
                          Binding:   STB_Local
                          Other:     0x0
                          SectionIndex: SHN_EXT 1
                          Value:     0x38
                          Size:      0x0
                        - Name:      ".L0 "
                          Type:      STT_NoType
                          Binding:   STB_Local
                          Other:     0x0
                          SectionIndex: SHN_EXT 1
                          Value:     0x38
                          Size:      0x0
                        - Name:      ".L0 "
                          Type:      STT_NoType
                          Binding:   STB_Local
                          Other:     0x0
                          SectionIndex: SHN_EXT 1
                          Value:     0x40
                          Size:      0x0
                        - Name:      ".L0 "
                          Type:      STT_NoType
                          Binding:   STB_Local
                          Other:     0x0
                          SectionIndex: SHN_EXT 1
                          Value:     0x4c
                          Size:      0x0
                        - Name:      ".L0 "
                          Type:      STT_NoType
                          Binding:   STB_Local
                          Other:     0x0
                          SectionIndex: SHN_EXT 1
                          Value:     0x5c
                          Size:      0x0
                        - Name:      ".L0 "
                          Type:      STT_NoType
                          Binding:   STB_Local
                          Other:     0x0
                          SectionIndex: SHN_EXT 1
                          Value:     0x60
                          Size:      0x0
                        - Name:      ".L0 "
                          Type:      STT_NoType
                          Binding:   STB_Local
                          Other:     0x0
                          SectionIndex: SHN_EXT 1
                          Value:     0x68
                          Size:      0x0
                        - Name:      ".L0 "
                          Type:      STT_NoType
                          Binding:   STB_Local
                          Other:     0x0
                          SectionIndex: SHN_EXT 1
                          Value:     0x74
                          Size:      0x0
                        - Name:      ".L0 "
                          Type:      STT_NoType
                          Binding:   STB_Local
                          Other:     0x0
                          SectionIndex: SHN_EXT 1
                          Value:     0x78
                          Size:      0x0
                        - Name:      ".L0 "
                          Type:      STT_NoType
                          Binding:   STB_Local
                          Other:     0x0
                          SectionIndex: SHN_EXT 1
                          Value:     0x88
                          Size:      0x0
                        - Name:      ".L0 "
                          Type:      STT_NoType
                          Binding:   STB_Local
                          Other:     0x0
                          SectionIndex: SHN_EXT 1
                          Value:     0x9c
                          Size:      0x0
                        - Name:      ".L0 "
                          Type:      STT_NoType
                          Binding:   STB_Local
                          Other:     0x0
                          SectionIndex: SHN_EXT 1
                          Value:     0xc0
                          Size:      0x0
                        - Name:      ".L0 "
                          Type:      STT_NoType
                          Binding:   STB_Local
                          Other:     0x0
                          SectionIndex: SHN_EXT 1
                          Value:     0xcc
                          Size:      0x0
                        - Name:      ".L0 "
                          Type:      STT_NoType
                          Binding:   STB_Local
                          Other:     0x0
                          SectionIndex: SHN_EXT 1
                          Value:     0xd0
                          Size:      0x0
                        - Name:      ".L0 "
                          Type:      STT_NoType
                          Binding:   STB_Local
                          Other:     0x0
                          SectionIndex: SHN_EXT 1
                          Value:     0xd4
                          Size:      0x0
                        - Name:      ".L0 "
                          Type:      STT_NoType
                          Binding:   STB_Local
                          Other:     0x0
                          SectionIndex: SHN_EXT 1
                          Value:     0xd8
                          Size:      0x0
                        - Name:      ".L0 "
                          Type:      STT_NoType
                          Binding:   STB_Local
                          Other:     0x0
                          SectionIndex: SHN_EXT 1
                          Value:     0xe0
                          Size:      0x0
                        - Name:      ".L0 "
                          Type:      STT_NoType
                          Binding:   STB_Local
                          Other:     0x0
                          SectionIndex: SHN_EXT 1
                          Value:     0xe8
                          Size:      0x0
                        - Name:      ".L0 "
                          Type:      STT_NoType
                          Binding:   STB_Local
                          Other:     0x0
                          SectionIndex: SHN_EXT 1
                          Value:     0xf0
                          Size:      0x0
                        - Name:      ".L0 "
                          Type:      STT_NoType
                          Binding:   STB_Local
                          Other:     0x0
                          SectionIndex: SHN_EXT 1
                          Value:     0xfc
                          Size:      0x0
                        - Name:      ".L0 "
                          Type:      STT_NoType
                          Binding:   STB_Local
                          Other:     0x0
                          SectionIndex: SHN_EXT 1
                          Value:     0x104
                          Size:      0x0
                        - Name:      ".L0 "
                          Type:      STT_NoType
                          Binding:   STB_Local
                          Other:     0x0
                          SectionIndex: SHN_EXT 1
                          Value:     0x114
                          Size:      0x0
                        - Name:      ".L0 "
                          Type:      STT_NoType
                          Binding:   STB_Local
                          Other:     0x0
                          SectionIndex: SHN_EXT 1
                          Value:     0x118
                          Size:      0x0
                        - Name:      ".L0 "
                          Type:      STT_NoType
                          Binding:   STB_Local
                          Other:     0x0
                          SectionIndex: SHN_EXT 1
                          Value:     0x124
                          Size:      0x0
                        - Name:      ".L0 "
                          Type:      STT_NoType
                          Binding:   STB_Local
                          Other:     0x0
                          SectionIndex: SHN_EXT 1
                          Value:     0x128
                          Size:      0x0
                        - Name:      ".L0 "
                          Type:      STT_NoType
                          Binding:   STB_Local
                          Other:     0x0
                          SectionIndex: SHN_EXT 1
                          Value:     0x12c
                          Size:      0x0
                        - Name:      ".L0 "
                          Type:      STT_NoType
                          Binding:   STB_Local
                          Other:     0x0
                          SectionIndex: SHN_EXT 1
                          Value:     0x130
                          Size:      0x0
                        - Name:      ".L0 "
                          Type:      STT_NoType
                          Binding:   STB_Local
                          Other:     0x0
                          SectionIndex: SHN_EXT 1
                          Value:     0x144
                          Size:      0x0
                        - Name:      ".L0 "
                          Type:      STT_NoType
                          Binding:   STB_Local
                          Other:     0x0
                          SectionIndex: SHN_EXT 1
                          Value:     0x14c
                          Size:      0x0
                        - Name:      ".L0 "
                          Type:      STT_NoType
                          Binding:   STB_Local
                          Other:     0x0
                          SectionIndex: SHN_EXT 1
                          Value:     0x15c
                          Size:      0x0
                        - Name:      ".L0 "
                          Type:      STT_NoType
                          Binding:   STB_Local
                          Other:     0x0
                          SectionIndex: SHN_EXT 1
                          Value:     0x168
                          Size:      0x0
                        - Name:      ".L0 "
                          Type:      STT_NoType
                          Binding:   STB_Local
                          Other:     0x0
                          SectionIndex: SHN_EXT 1
                          Value:     0x16c
                          Size:      0x0
                        - Name:      ".L0 "
                          Type:      STT_NoType
                          Binding:   STB_Local
                          Other:     0x0
                          SectionIndex: SHN_EXT 1
                          Value:     0x174
                          Size:      0x0
                        - Name:      ".L0 "
                          Type:      STT_NoType
                          Binding:   STB_Local
                          Other:     0x0
                          SectionIndex: SHN_EXT 1
                          Value:     0x178
                          Size:      0x0
                        - Name:      ".L0 "
                          Type:      STT_NoType
                          Binding:   STB_Local
                          Other:     0x0
                          SectionIndex: SHN_EXT 1
                          Value:     0x18c
                          Size:      0x0
                        - Name:      ".L0 "
                          Type:      STT_NoType
                          Binding:   STB_Local
                          Other:     0x0
                          SectionIndex: SHN_EXT 1
                          Value:     0x190
                          Size:      0x0
                        - Name:      ".L0 "
                          Type:      STT_NoType
                          Binding:   STB_Local
                          Other:     0x0
                          SectionIndex: SHN_EXT 1
                          Value:     0x1a0
                          Size:      0x0
                        - Name:      ".L0 "
                          Type:      STT_NoType
                          Binding:   STB_Local
                          Other:     0x0
                          SectionIndex: SHN_EXT 1
                          Value:     0x1a4
                          Size:      0x0
                        - Name:      ".L0 "
                          Type:      STT_NoType
                          Binding:   STB_Local
                          Other:     0x0
                          SectionIndex: SHN_EXT 1
                          Value:     0x1a8
                          Size:      0x0
                        - Name:      ".L0 "
                          Type:      STT_NoType
                          Binding:   STB_Local
                          Other:     0x0
                          SectionIndex: SHN_EXT 1
                          Value:     0x1ac
                          Size:      0x0
                        - Name:      ".L0 "
                          Type:      STT_NoType
                          Binding:   STB_Local
                          Other:     0x0
                          SectionIndex: SHN_EXT 1
                          Value:     0x1b0
                          Size:      0x0
                        - Name:      ".L0 "
                          Type:      STT_NoType
                          Binding:   STB_Local
                          Other:     0x0
                          SectionIndex: SHN_EXT 1
                          Value:     0x1b4
                          Size:      0x0
                        - Name:      ".L0 "
                          Type:      STT_NoType
                          Binding:   STB_Local
                          Other:     0x0
                          SectionIndex: SHN_EXT 1
                          Value:     0x1b8
                          Size:      0x0
                        - Name:      ".L0 "
                          Type:      STT_NoType
                          Binding:   STB_Local
                          Other:     0x0
                          SectionIndex: SHN_EXT 1
                          Value:     0x1c0
                          Size:      0x0
                        - Name:      ".L0 "
                          Type:      STT_NoType
                          Binding:   STB_Local
                          Other:     0x0
                          SectionIndex: SHN_EXT 1
                          Value:     0x1c8
                          Size:      0x0
                        - Name:      ".L0 "
                          Type:      STT_NoType
                          Binding:   STB_Local
                          Other:     0x0
                          SectionIndex: SHN_EXT 1
                          Value:     0x1cc
                          Size:      0x0
                        - Name:      ".L0 "
                          Type:      STT_NoType
                          Binding:   STB_Local
                          Other:     0x0
                          SectionIndex: SHN_EXT 1
                          Value:     0x1d8
                          Size:      0x0
                        - Name:      ".L0 "
                          Type:      STT_NoType
                          Binding:   STB_Local
                          Other:     0x0
                          SectionIndex: SHN_EXT 1
                          Value:     0x1dc
                          Size:      0x0
                        - Name:      "__PRETTY_FUNCTION__.8055"
                          Type:      STT_Object
                          Binding:   STB_Local
                          Other:     0x0
                          SectionIndex: SHN_EXT 5
                          Value:     0x50
                          Size:      0xb
                        - Name:      ".L0 "
                          Type:      STT_NoType
                          Binding:   STB_Local
                          Other:     0x0
                          SectionIndex: SHN_EXT 1
                          Value:     0x210
                          Size:      0x0
                        - Name:      ".L0 "
                          Type:      STT_NoType
                          Binding:   STB_Local
                          Other:     0x0
                          SectionIndex: SHN_EXT 1
                          Value:     0x220
                          Size:      0x0
                        - Name:      ".L0 "
                          Type:      STT_NoType
                          Binding:   STB_Local
                          Other:     0x0
                          SectionIndex: SHN_EXT 1
                          Value:     0x224
                          Size:      0x0
                        - Name:      ".L0 "
                          Type:      STT_NoType
                          Binding:   STB_Local
                          Other:     0x0
                          SectionIndex: SHN_EXT 1
                          Value:     0x22c
                          Size:      0x0
                        - Name:      ".L0 "
                          Type:      STT_NoType
                          Binding:   STB_Local
                          Other:     0x0
                          SectionIndex: SHN_EXT 1
                          Value:     0x238
                          Size:      0x0
                        - Name:      ".L0 "
                          Type:      STT_NoType
                          Binding:   STB_Local
                          Other:     0x0
                          SectionIndex: SHN_EXT 1
                          Value:     0x23c
                          Size:      0x0
                        - Name:      ".L0 "
                          Type:      STT_NoType
                          Binding:   STB_Local
                          Other:     0x0
                          SectionIndex: SHN_EXT 1
                          Value:     0x244
                          Size:      0x0
                        - Name:      ".L0 "
                          Type:      STT_NoType
                          Binding:   STB_Local
                          Other:     0x0
                          SectionIndex: SHN_EXT 1
                          Value:     0x248
                          Size:      0x0
                        - Name:      ".L0 "
                          Type:      STT_NoType
                          Binding:   STB_Local
                          Other:     0x0
                          SectionIndex: SHN_EXT 1
                          Value:     0x250
                          Size:      0x0
                        - Name:      ".L0 "
                          Type:      STT_NoType
                          Binding:   STB_Local
                          Other:     0x0
                          SectionIndex: SHN_EXT 1
                          Value:     0x250
                          Size:      0x0
                        - Name:      ".L0 "
                          Type:      STT_NoType
                          Binding:   STB_Local
                          Other:     0x0
                          SectionIndex: SHN_EXT 1
                          Value:     0x8
                          Size:      0x0
                        - Name:      ".L0 "
                          Type:      STT_NoType
                          Binding:   STB_Local
                          Other:     0x0
                          SectionIndex: SHN_EXT 1
                          Value:     0x4c
                          Size:      0x0
                        - Name:      ".L0 "
                          Type:      STT_NoType
                          Binding:   STB_Local
                          Other:     0x0
                          SectionIndex: SHN_EXT 1
                          Value:     0x78
                          Size:      0x0
                        - Name:      ".L0 "
                          Type:      STT_NoType
                          Binding:   STB_Local
                          Other:     0x0
                          SectionIndex: SHN_EXT 1
                          Value:     0x14c
                          Size:      0x0
                        - Name:      ".L0 "
                          Type:      STT_NoType
                          Binding:   STB_Local
                          Other:     0x0
                          SectionIndex: SHN_EXT 1
                          Value:     0x15c
                          Size:      0x0
                        - Name:      ".L0 "
                          Type:      STT_NoType
                          Binding:   STB_Local
                          Other:     0x0
                          SectionIndex: SHN_EXT 1
                          Value:     0x1ec
                          Size:      0x0
                        - Name:      ".LC0"
                          Type:      STT_NoType
                          Binding:   STB_Local
                          Other:     0x0
                          SectionIndex: SHN_EXT 5
                          Value:     0x0
                          Size:      0x0
                        - Name:      ".L0 "
                          Type:      STT_NoType
                          Binding:   STB_Local
                          Other:     0x0
                          SectionIndex: SHN_EXT 1
                          Value:     0x1f8
                          Size:      0x0
                        - Name:      ".LC1"
                          Type:      STT_NoType
                          Binding:   STB_Local
                          Other:     0x0
                          SectionIndex: SHN_EXT 5
                          Value:     0x20
                          Size:      0x0
                        - Name:      ".L0 "
                          Type:      STT_NoType
                          Binding:   STB_Local
                          Other:     0x0
                          SectionIndex: SHN_EXT 1
                          Value:     0x200
                          Size:      0x0
                        - Name:      ".L0 "
                          Type:      STT_NoType
                          Binding:   STB_Local
                          Other:     0x0
                          SectionIndex: SHN_EXT 1
                          Value:     0x22c
                          Size:      0x0
                        - Name:      ".L35"
                          Type:      STT_NoType
                          Binding:   STB_Local
                          Other:     0x0
                          SectionIndex: SHN_EXT 1
                          Value:     0x22c
                          Size:      0x0
                        - Name:      ".L4"
                          Type:      STT_NoType
                          Binding:   STB_Local
                          Other:     0x0
                          SectionIndex: SHN_EXT 1
                          Value:     0x104
                          Size:      0x0
                        - Name:      ".L8"
                          Type:      STT_NoType
                          Binding:   STB_Local
                          Other:     0x0
                          SectionIndex: SHN_EXT 1
                          Value:     0x14c
                          Size:      0x0
                        - Name:      ".L36"
                          Type:      STT_NoType
                          Binding:   STB_Local
                          Other:     0x0
                          SectionIndex: SHN_EXT 1
                          Value:     0xc0
                          Size:      0x0
                        - Name:      ".L37"
                          Type:      STT_NoType
                          Binding:   STB_Local
                          Other:     0x0
                          SectionIndex: SHN_EXT 1
                          Value:     0x248
                          Size:      0x0
                        - Name:      ".L7"
                          Type:      STT_NoType
                          Binding:   STB_Local
                          Other:     0x0
                          SectionIndex: SHN_EXT 1
                          Value:     0xe8
                          Size:      0x0
                        - Name:      ".L9"
                          Type:      STT_NoType
                          Binding:   STB_Local
                          Other:     0x0
                          SectionIndex: SHN_EXT 1
                          Value:     0xd8
                          Size:      0x0
                        - Name:      ".L10"
                          Type:      STT_NoType
                          Binding:   STB_Local
                          Other:     0x0
                          SectionIndex: SHN_EXT 1
                          Value:     0x210
                          Size:      0x0
                        - Name:      ".L11"
                          Type:      STT_NoType
                          Binding:   STB_Local
                          Other:     0x0
                          SectionIndex: SHN_EXT 1
                          Value:     0x78
                          Size:      0x0
                        - Name:      ".L6"
                          Type:      STT_NoType
                          Binding:   STB_Local
                          Other:     0x0
                          SectionIndex: SHN_EXT 1
                          Value:     0x74
                          Size:      0x0
                        - Name:      ".L13"
                          Type:      STT_NoType
                          Binding:   STB_Local
                          Other:     0x0
                          SectionIndex: SHN_EXT 1
                          Value:     0x178
                          Size:      0x0
                        - Name:      ".L14"
                          Type:      STT_NoType
                          Binding:   STB_Local
                          Other:     0x0
                          SectionIndex: SHN_EXT 1
                          Value:     0xfc
                          Size:      0x0
                        - Name:      ".L12"
                          Type:      STT_NoType
                          Binding:   STB_Local
                          Other:     0x0
                          SectionIndex: SHN_EXT 1
                          Value:     0x190
                          Size:      0x0
                        - Name:      ".L1"
                          Type:      STT_NoType
                          Binding:   STB_Local
                          Other:     0x0
                          SectionIndex: SHN_EXT 1
                          Value:     0x88
                          Size:      0x0
                        - Name:      ".L18"
                          Type:      STT_NoType
                          Binding:   STB_Local
                          Other:     0x0
                          SectionIndex: SHN_EXT 1
                          Value:     0x1ec
                          Size:      0x0
                        - Name:      ".L16"
                          Type:      STT_NoType
                          Binding:   STB_Local
                          Other:     0x0
                          SectionIndex: SHN_EXT 1
                          Value:     0x1ac
                          Size:      0x0
                        - Name:      ".Ltext0"
                          Type:      STT_NoType
                          Binding:   STB_Local
                          Other:     0x0
                          SectionIndex: SHN_EXT 1
                          Value:     0x0
                          Size:      0x0
                        - Name:      ".Letext0"
                          Type:      STT_NoType
                          Binding:   STB_Local
                          Other:     0x0
                          SectionIndex: SHN_EXT 1
                          Value:     0x250
                          Size:      0x0
                        - Name:      ".LFB66"
                          Type:      STT_NoType
                          Binding:   STB_Local
                          Other:     0x0
                          SectionIndex: SHN_EXT 1
                          Value:     0x0
                          Size:      0x0
                        - Name:      ".LFE66"
                          Type:      STT_NoType
                          Binding:   STB_Local
                          Other:     0x0
                          SectionIndex: SHN_EXT 1
                          Value:     0x250
                          Size:      0x0
                        - Name:      ".LVL9"
                          Type:      STT_NoType
                          Binding:   STB_Local
                          Other:     0x0
                          SectionIndex: SHN_EXT 1
                          Value:     0xc8
                          Size:      0x0
                        - Name:      ".LVL24"
                          Type:      STT_NoType
                          Binding:   STB_Local
                          Other:     0x0
                          SectionIndex: SHN_EXT 1
                          Value:     0x15c
                          Size:      0x0
                        - Name:      ".LVL34"
                          Type:      STT_NoType
                          Binding:   STB_Local
                          Other:     0x0
                          SectionIndex: SHN_EXT 1
                          Value:     0x220
                          Size:      0x0
                        - Name:      ".LBB3"
                          Type:      STT_NoType
                          Binding:   STB_Local
                          Other:     0x0
                          SectionIndex: SHN_EXT 1
                          Value:     0x124
                          Size:      0x0
                        - Name:      ".LBE3"
                          Type:      STT_NoType
                          Binding:   STB_Local
                          Other:     0x0
                          SectionIndex: SHN_EXT 1
                          Value:     0x14c
                          Size:      0x0
                        - Name:      ".LVL21"
                          Type:      STT_NoType
                          Binding:   STB_Local
                          Other:     0x0
                          SectionIndex: SHN_EXT 1
                          Value:     0x140
                          Size:      0x0
                        - Name:      ".LVL28"
                          Type:      STT_NoType
                          Binding:   STB_Local
                          Other:     0x0
                          SectionIndex: SHN_EXT 1
                          Value:     0x1c8
                          Size:      0x0
                        - Name:      ".LVL30"
                          Type:      STT_NoType
                          Binding:   STB_Local
                          Other:     0x0
                          SectionIndex: SHN_EXT 1
                          Value:     0x1d8
                          Size:      0x0
                        - Name:      ".LVL33"
                          Type:      STT_NoType
                          Binding:   STB_Local
                          Other:     0x0
                          SectionIndex: SHN_EXT 1
                          Value:     0x210
                          Size:      0x0
                        - Name:      ".LVL3"
                          Type:      STT_NoType
                          Binding:   STB_Local
                          Other:     0x0
                          SectionIndex: SHN_EXT 1
                          Value:     0x48
                          Size:      0x0
                        - Name:      ".LVL4"
                          Type:      STT_NoType
                          Binding:   STB_Local
                          Other:     0x0
                          SectionIndex: SHN_EXT 1
                          Value:     0x5c
                          Size:      0x0
                        - Name:      ".LVL7"
                          Type:      STT_NoType
                          Binding:   STB_Local
                          Other:     0x0
                          SectionIndex: SHN_EXT 1
                          Value:     0x88
                          Size:      0x0
                        - Name:      ".LVL16"
                          Type:      STT_NoType
                          Binding:   STB_Local
                          Other:     0x0
                          SectionIndex: SHN_EXT 1
                          Value:     0x110
                          Size:      0x0
                        - Name:      ".LVL26"
                          Type:      STT_NoType
                          Binding:   STB_Local
                          Other:     0x0
                          SectionIndex: SHN_EXT 1
                          Value:     0x18c
                          Size:      0x0
                        - Name:      ".LVL37"
                          Type:      STT_NoType
                          Binding:   STB_Local
                          Other:     0x0
                          SectionIndex: SHN_EXT 1
                          Value:     0x250
                          Size:      0x0
                        - Name:      ".LVL0"
                          Type:      STT_NoType
                          Binding:   STB_Local
                          Other:     0x0
                          SectionIndex: SHN_EXT 1
                          Value:     0x0
                          Size:      0x0
                        - Name:      ".LVL5"
                          Type:      STT_NoType
                          Binding:   STB_Local
                          Other:     0x0
                          SectionIndex: SHN_EXT 1
                          Value:     0x74
                          Size:      0x0
                        - Name:      ".LVL8"
                          Type:      STT_NoType
                          Binding:   STB_Local
                          Other:     0x0
                          SectionIndex: SHN_EXT 1
                          Value:     0xc0
                          Size:      0x0
                        - Name:      ".LVL10"
                          Type:      STT_NoType
                          Binding:   STB_Local
                          Other:     0x0
                          SectionIndex: SHN_EXT 1
                          Value:     0xcc
                          Size:      0x0
                        - Name:      ".LVL15"
                          Type:      STT_NoType
                          Binding:   STB_Local
                          Other:     0x0
                          SectionIndex: SHN_EXT 1
                          Value:     0x104
                          Size:      0x0
                        - Name:      ".LVL17"
                          Type:      STT_NoType
                          Binding:   STB_Local
                          Other:     0x0
                          SectionIndex: SHN_EXT 1
                          Value:     0x114
                          Size:      0x0
                        - Name:      ".LVL35"
                          Type:      STT_NoType
                          Binding:   STB_Local
                          Other:     0x0
                          SectionIndex: SHN_EXT 1
                          Value:     0x22c
                          Size:      0x0
                        - Name:      ".LVL36"
                          Type:      STT_NoType
                          Binding:   STB_Local
                          Other:     0x0
                          SectionIndex: SHN_EXT 1
                          Value:     0x248
                          Size:      0x0
                        - Name:      ".LVL1"
                          Type:      STT_NoType
                          Binding:   STB_Local
                          Other:     0x0
                          SectionIndex: SHN_EXT 1
                          Value:     0x20
                          Size:      0x0
                        - Name:      ".LVL6"
                          Type:      STT_NoType
                          Binding:   STB_Local
                          Other:     0x0
                          SectionIndex: SHN_EXT 1
                          Value:     0x78
                          Size:      0x0
                        - Name:      ".LVL14"
                          Type:      STT_NoType
                          Binding:   STB_Local
                          Other:     0x0
                          SectionIndex: SHN_EXT 1
                          Value:     0xfc
                          Size:      0x0
                        - Name:      ".LVL19"
                          Type:      STT_NoType
                          Binding:   STB_Local
                          Other:     0x0
                          SectionIndex: SHN_EXT 1
                          Value:     0x128
                          Size:      0x0
                        - Name:      ".LVL23"
                          Type:      STT_NoType
                          Binding:   STB_Local
                          Other:     0x0
                          SectionIndex: SHN_EXT 1
                          Value:     0x14c
                          Size:      0x0
                        - Name:      ".LVL27"
                          Type:      STT_NoType
                          Binding:   STB_Local
                          Other:     0x0
                          SectionIndex: SHN_EXT 1
                          Value:     0x190
                          Size:      0x0
                        - Name:      ".LVL2"
                          Type:      STT_NoType
                          Binding:   STB_Local
                          Other:     0x0
                          SectionIndex: SHN_EXT 1
                          Value:     0x40
                          Size:      0x0
                        - Name:      ".LVL12"
                          Type:      STT_NoType
                          Binding:   STB_Local
                          Other:     0x0
                          SectionIndex: SHN_EXT 1
                          Value:     0xdc
                          Size:      0x0
                        - Name:      ".LVL13"
                          Type:      STT_NoType
                          Binding:   STB_Local
                          Other:     0x0
                          SectionIndex: SHN_EXT 1
                          Value:     0xe8
                          Size:      0x0
                        - Name:      ".LVL25"
                          Type:      STT_NoType
                          Binding:   STB_Local
                          Other:     0x0
                          SectionIndex: SHN_EXT 1
                          Value:     0x178
                          Size:      0x0
                        - Name:      ".LVL29"
                          Type:      STT_NoType
                          Binding:   STB_Local
                          Other:     0x0
                          SectionIndex: SHN_EXT 1
                          Value:     0x1cc
                          Size:      0x0
                        - Name:      ".LVL32"
                          Type:      STT_NoType
                          Binding:   STB_Local
                          Other:     0x0
                          SectionIndex: SHN_EXT 1
                          Value:     0x1ec
                          Size:      0x0
                        - Name:      ".LVL20"
                          Type:      STT_NoType
                          Binding:   STB_Local
                          Other:     0x0
                          SectionIndex: SHN_EXT 1
                          Value:     0x12c
                          Size:      0x0
                        - Name:      ".LVL11"
                          Type:      STT_NoType
                          Binding:   STB_Local
                          Other:     0x0
                          SectionIndex: SHN_EXT 1
                          Value:     0xd8
                          Size:      0x0
                        - Name:      ".LVL18"
                          Type:      STT_NoType
                          Binding:   STB_Local
                          Other:     0x0
                          SectionIndex: SHN_EXT 1
                          Value:     0x124
                          Size:      0x0
                        - Name:      ".LVL22"
                          Type:      STT_NoType
                          Binding:   STB_Local
                          Other:     0x0
                          SectionIndex: SHN_EXT 1
                          Value:     0x144
                          Size:      0x0
                        - Name:      ".LVL31"
                          Type:      STT_NoType
                          Binding:   STB_Local
                          Other:     0x0
                          SectionIndex: SHN_EXT 1
                          Value:     0x1dc
                          Size:      0x0
                        - Name:      ".LBB2"
                          Type:      STT_NoType
                          Binding:   STB_Local
                          Other:     0x0
                          SectionIndex: SHN_EXT 1
                          Value:     0xc0
                          Size:      0x0
                        - Name:      ".LBE2"
                          Type:      STT_NoType
                          Binding:   STB_Local
                          Other:     0x0
                          SectionIndex: SHN_EXT 1
                          Value:     0x104
                          Size:      0x0
                        - Name:      ".LBB4"
                          Type:      STT_NoType
                          Binding:   STB_Local
                          Other:     0x0
                          SectionIndex: SHN_EXT 1
                          Value:     0x14c
                          Size:      0x0
                        - Name:      ".LBE4"
                          Type:      STT_NoType
                          Binding:   STB_Local
                          Other:     0x0
                          SectionIndex: SHN_EXT 1
                          Value:     0x178
                          Size:      0x0
                        - Name:      ".LBB7"
                          Type:      STT_NoType
                          Binding:   STB_Local
                          Other:     0x0
                          SectionIndex: SHN_EXT 1
                          Value:     0x210
                          Size:      0x0
                        - Name:      ".LBE7"
                          Type:      STT_NoType
                          Binding:   STB_Local
                          Other:     0x0
                          SectionIndex: SHN_EXT 1
                          Value:     0x22c
                          Size:      0x0
                        - Name:      ".LBB5"
                          Type:      STT_NoType
                          Binding:   STB_Local
                          Other:     0x0
                          SectionIndex: SHN_EXT 1
                          Value:     0x190
                          Size:      0x0
                        - Name:      ".LBE5"
                          Type:      STT_NoType
                          Binding:   STB_Local
                          Other:     0x0
                          SectionIndex: SHN_EXT 1
                          Value:     0x1d8
                          Size:      0x0
                        - Name:      ".LBB6"
                          Type:      STT_NoType
                          Binding:   STB_Local
                          Other:     0x0
                          SectionIndex: SHN_EXT 1
                          Value:     0x1dc
                          Size:      0x0
                        - Name:      ".LBE6"
                          Type:      STT_NoType
                          Binding:   STB_Local
                          Other:     0x0
                          SectionIndex: SHN_EXT 1
                          Value:     0x210
                          Size:      0x0
                        - Name:      ""
                          Type:      STT_Section
                          Binding:   STB_Local
                          Other:     0x0
                          SectionIndex: SHN_EXT 1
                          Value:     0x0
                          Size:      0x0
                        - Name:      ""
                          Type:      STT_Section
                          Binding:   STB_Local
                          Other:     0x0
                          SectionIndex: SHN_EXT 3
                          Value:     0x0
                          Size:      0x0
                        - Name:      ""
                          Type:      STT_Section
                          Binding:   STB_Local
                          Other:     0x0
                          SectionIndex: SHN_EXT 4
                          Value:     0x0
                          Size:      0x0
                        - Name:      ""
                          Type:      STT_Section
                          Binding:   STB_Local
                          Other:     0x0
                          SectionIndex: SHN_EXT 5
                          Value:     0x0
                          Size:      0x0
                        - Name:      ""
                          Type:      STT_Section
                          Binding:   STB_Local
                          Other:     0x0
                          SectionIndex: SHN_EXT 6
                          Value:     0x0
                          Size:      0x0
                        - Name:      "aio_cancel"
                          Type:      STT_Func
                          Binding:   STB_Global
                          Other:     0x0
                          SectionIndex: SHN_EXT 1
                          Value:     0x0
                          Size:      0x250
                        - Name:      "__stack_chk_guard"
                          Type:      STT_NoType
                          Binding:   STB_Global
                          Other:     0x0
                          SectionIndex: SHN_Undef
                          Value:     0x0
                          Size:      0x0
                        - Name:      "fcntl"
                          Type:      STT_NoType
                          Binding:   STB_Global
                          Other:     0x0
                          SectionIndex: SHN_Undef
                          Value:     0x0
                          Size:      0x0
                        - Name:      "__aio_requests_mutex"
                          Type:      STT_NoType
                          Binding:   STB_Global
                          Other:     0x0
                          SectionIndex: SHN_Undef
                          Value:     0x0
                          Size:      0x0
                        - Name:      "pthread_mutex_lock"
                          Type:      STT_NoType
                          Binding:   STB_Global
                          Other:     0x0
                          SectionIndex: SHN_Undef
                          Value:     0x0
                          Size:      0x0
                        - Name:      "pthread_mutex_unlock"
                          Type:      STT_NoType
                          Binding:   STB_Global
                          Other:     0x0
                          SectionIndex: SHN_Undef
                          Value:     0x0
                          Size:      0x0
                        - Name:      "__aio_find_req_fd"
                          Type:      STT_NoType
                          Binding:   STB_Global
                          Other:     0x0
                          SectionIndex: SHN_Undef
                          Value:     0x0
                          Size:      0x0
                        - Name:      "__aio_remove_request"
                          Type:      STT_NoType
                          Binding:   STB_Global
                          Other:     0x0
                          SectionIndex: SHN_Undef
                          Value:     0x0
                          Size:      0x0
                        - Name:      "errno"
                          Type:      STT_TLS
                          Binding:   STB_Global
                          Other:     0x0
                          SectionIndex: SHN_Undef
                          Value:     0x0
                          Size:      0x0
                        - Name:      "__aio_notify"
                          Type:      STT_NoType
                          Binding:   STB_Global
                          Other:     0x0
                          SectionIndex: SHN_Undef
                          Value:     0x0
                          Size:      0x0
                        - Name:      "__aio_free_request"
                          Type:      STT_NoType
                          Binding:   STB_Global
                          Other:     0x0
                          SectionIndex: SHN_Undef
                          Value:     0x0
                          Size:      0x0
                        - Name:      "__assert_fail"
                          Type:      STT_NoType
                          Binding:   STB_Global
                          Other:     0x0
                          SectionIndex: SHN_Undef
                          Value:     0x0
                          Size:      0x0
                        - Name:      "__stack_chk_fail"
                          Type:      STT_NoType
                          Binding:   STB_Global
                          Other:     0x0
                          SectionIndex: SHN_Undef
                          Value:     0x0
                          Size:      0x0
                        - Name:      "aio_cancel64"
                          Type:      STT_Func
                          Binding:   STB_Weak
                          Other:     0x0
                          SectionIndex: SHN_EXT 1
                          Value:     0x0
                          Size:      0x250
           - Name:      ".strtab"
             Type:      SHT_STRTAB
             Flags:     
             Addr:      0x0
             Size:      691
             Link:      0
             Info:      0
             AddrAlign: 1
             EntSize:   0
             Data:      00 2e 4c 30 20 00 5f 5f 50 52 45 54 54 59 5f 46 # ..L0 .__PRETTY_F
                        55 4e 43 54 49 4f 4e 5f 5f 2e 38 30 35 35 00 2e # UNCTION__.8055..
                        4c 43 30 00 2e 4c 43 31 00 2e 4c 33 35 00 2e 4c # LC0..LC1..L35..L
                        34 00 2e 4c 38 00 2e 4c 33 36 00 2e 4c 33 37 00 # 4..L8..L36..L37.
                        2e 4c 37 00 2e 4c 39 00 2e 4c 31 30 00 2e 4c 31 # .L7..L9..L10..L1
                        31 00 2e 4c 36 00 2e 4c 31 33 00 2e 4c 31 34 00 # 1..L6..L13..L14.
                        2e 4c 31 32 00 2e 4c 31 00 2e 4c 31 38 00 2e 4c # .L12..L1..L18..L
                        31 36 00 2e 4c 74 65 78 74 30 00 2e 4c 65 74 65 # 16..Ltext0..Lete
                        78 74 30 00 2e 4c 46 42 36 36 00 2e 4c 46 45 36 # xt0..LFB66..LFE6
                        36 00 2e 4c 56 4c 39 00 2e 4c 56 4c 32 34 00 2e # 6..LVL9..LVL24..
                        4c 56 4c 33 34 00 2e 4c 42 42 33 00 2e 4c 42 45 # LVL34..LBB3..LBE
                        33 00 2e 4c 56 4c 32 31 00 2e 4c 56 4c 32 38 00 # 3..LVL21..LVL28.
                        2e 4c 56 4c 33 30 00 2e 4c 56 4c 33 33 00 2e 4c # .LVL30..LVL33..L
                        56 4c 33 00 2e 4c 56 4c 34 00 2e 4c 56 4c 37 00 # VL3..LVL4..LVL7.
                        2e 4c 56 4c 31 36 00 2e 4c 56 4c 32 36 00 2e 4c # .LVL16..LVL26..L
                        56 4c 33 37 00 2e 4c 56 4c 30 00 2e 4c 56 4c 35 # VL37..LVL0..LVL5
                        00 2e 4c 56 4c 38 00 2e 4c 56 4c 31 30 00 2e 4c # ..LVL8..LVL10..L
                        56 4c 31 35 00 2e 4c 56 4c 31 37 00 2e 4c 56 4c # VL15..LVL17..LVL
                        33 35 00 2e 4c 56 4c 33 36 00 2e 4c 56 4c 31 00 # 35..LVL36..LVL1.
                        2e 4c 56 4c 36 00 2e 4c 56 4c 31 34 00 2e 4c 56 # .LVL6..LVL14..LV
                        4c 31 39 00 2e 4c 56 4c 32 33 00 2e 4c 56 4c 32 # L19..LVL23..LVL2
                        37 00 2e 4c 56 4c 32 00 2e 4c 56 4c 31 32 00 2e # 7..LVL2..LVL12..
                        4c 56 4c 31 33 00 2e 4c 56 4c 32 35 00 2e 4c 56 # LVL13..LVL25..LV
                        4c 32 39 00 2e 4c 56 4c 33 32 00 2e 4c 56 4c 32 # L29..LVL32..LVL2
                        30 00 2e 4c 56 4c 31 31 00 2e 4c 56 4c 31 38 00 # 0..LVL11..LVL18.
                        2e 4c 56 4c 32 32 00 2e 4c 56 4c 33 31 00 2e 4c # .LVL22..LVL31..L
                        42 42 32 00 2e 4c 42 45 32 00 2e 4c 42 42 34 00 # BB2..LBE2..LBB4.
                        2e 4c 42 45 34 00 2e 4c 42 42 37 00 2e 4c 42 45 # .LBE4..LBB7..LBE
                        37 00 2e 4c 42 42 35 00 2e 4c 42 45 35 00 2e 4c # 7..LBB5..LBE5..L
                        42 42 36 00 2e 4c 42 45 36 00 61 69 6f 5f 63 61 # BB6..LBE6.aio_ca
                        6e 63 65 6c 00 5f 5f 73 74 61 63 6b 5f 63 68 6b # ncel.__stack_chk
                        5f 67 75 61 72 64 00 66 63 6e 74 6c 00 5f 5f 61 # _guard.fcntl.__a
                        69 6f 5f 72 65 71 75 65 73 74 73 5f 6d 75 74 65 # io_requests_mute
                        78 00 70 74 68 72 65 61 64 5f 6d 75 74 65 78 5f # x.pthread_mutex_
                        6c 6f 63 6b 00 70 74 68 72 65 61 64 5f 6d 75 74 # lock.pthread_mut
                        65 78 5f 75 6e 6c 6f 63 6b 00 5f 5f 61 69 6f 5f # ex_unlock.__aio_
                        66 69 6e 64 5f 72 65 71 5f 66 64 00 5f 5f 61 69 # find_req_fd.__ai
                        6f 5f 72 65 6d 6f 76 65 5f 72 65 71 75 65 73 74 # o_remove_request
                        00 65 72 72 6e 6f 00 5f 5f 61 69 6f 5f 6e 6f 74 # .errno.__aio_not
                        69 66 79 00 5f 5f 61 69 6f 5f 66 72 65 65 5f 72 # ify.__aio_free_r
                        65 71 75 65 73 74 00 5f 5f 61 73 73 65 72 74 5f # equest.__assert_
                        66 61 69 6c 00 5f 5f 73 74 61 63 6b 5f 63 68 6b # fail.__stack_chk
                        5f 66 61 69 6c 00 61 69 6f 5f 63 61 6e 63 65 6c # _fail.aio_cancel
                        36 34 00                                        # 64.
           - Name:      ".shstrtab"
             Type:      SHT_STRTAB
             Flags:     
             Addr:      0x0
             Size:      73
             Link:      0
             Info:      0
             AddrAlign: 1
             EntSize:   0
             Data:      00 2e 73 79 6d 74 61 62 00 2e 73 74 72 74 61 62 # ..symtab..strtab
                        00 2e 73 68 73 74 72 74 61 62 00 2e 72 65 6c 61 # ..shstrtab..rela
                        2e 74 65 78 74 00 2e 64 61 74 61 00 2e 62 73 73 # .text..data..bss
                        00 2e 72 6f 64 61 74 61 2e 73 74 72 31 2e 34 00 # ..rodata.str1.4.
                        2e 63 6f 6d 6d 65 6e 74 00                      # .comment.
Segments:  
