Header:   Class:      ELFCLASS32
          Data:       ELFDATA2LSB
          OSABI:      ELFOSABI_SYSV
          ABIVersion: 0
          Type:       ET_EXEC
          Machine:    EM_EXT 113
          Entry:      0x000010c8
          PhOff:      0x00000034
          ShOff:      0x00089c58
          Flags:      0x00000000
          PhEntSize:  0x0020
          PhNum:      2
          ShEntSize:  0x0028
          ShNum:      19
          ShStrNdx:   18
Sections: - N:         0
            Name:      0
            Type:      SHT_NULL
            Flags:     0x00000000
            Addr:      0x00000000
            Offset:    0x00000000
            Size:      0x00000000
            Link:      0
            Info:      0
            AddrAlign: 0x00000000
            EntSize:   0x00000000
          - N:         1
            Name:      27
            Type:      SHT_PROGBITS
            Flags:     0x00000006
            Addr:      0x00001078
            Offset:    0x00000078
            Size:      0x0000cba0
            Link:      0
            Info:      0
            AddrAlign: 0x00000008
            EntSize:   0x00000000
          - N:         2
            Name:      33
            Type:      SHT_PROGBITS
            Flags:     0x00000002
            Addr:      0x0000dc18
            Offset:    0x0000cc18
            Size:      0x00000624
            Link:      0
            Info:      0
            AddrAlign: 0x00000004
            EntSize:   0x00000000
          - N:         3
            Name:      41
            Type:      SHT_PROGBITS
            Flags:     0x00000003
            Addr:      0x0000f23c
            Offset:    0x0000d23c
            Size:      0x00000998
            Link:      0
            Info:      0
            AddrAlign: 0x00000004
            EntSize:   0x00000000
          - N:         4
            Name:      47
            Type:      SHT_PROGBITS
            Flags:     0x10000003
            Addr:      0x0000fbd4
            Offset:    0x0000dbd4
            Size:      0x00000010
            Link:      0
            Info:      0
            AddrAlign: 0x00000004
            EntSize:   0x00000000
          - N:         5
            Name:      54
            Type:      SHT_NOBITS
            Flags:     0x10000003
            Addr:      0x0000fbe4
            Offset:    0x0000dbe4
            Size:      0x00000018
            Link:      0
            Info:      0
            AddrAlign: 0x00000004
            EntSize:   0x00000000
          - N:         6
            Name:      60
            Type:      SHT_NOBITS
            Flags:     0x00000003
            Addr:      0x0000fbfc
            Offset:    0x0000dbe4
            Size:      0x00000028
            Link:      0
            Info:      0
            AddrAlign: 0x00000004
            EntSize:   0x00000000
          - N:         7
            Name:      65
            Type:      SHT_PROGBITS
            Flags:     0x00000030
            Addr:      0x00000000
            Offset:    0x0000dbe4
            Size:      0x0000002c
            Link:      0
            Info:      0
            AddrAlign: 0x00000001
            EntSize:   0x00000001
          - N:         8
            Name:      74
            Type:      SHT_PROGBITS
            Flags:     0x00000000
            Addr:      0x00000000
            Offset:    0x0000dc10
            Size:      0x00000bc0
            Link:      0
            Info:      0
            AddrAlign: 0x00000001
            EntSize:   0x00000000
          - N:         9
            Name:      89
            Type:      SHT_PROGBITS
            Flags:     0x00000000
            Addr:      0x00000000
            Offset:    0x0000e7d0
            Size:      0x000364ae
            Link:      0
            Info:      0
            AddrAlign: 0x00000001
            EntSize:   0x00000000
          - N:         10
            Name:      101
            Type:      SHT_PROGBITS
            Flags:     0x00000000
            Addr:      0x00000000
            Offset:    0x00044c7e
            Size:      0x0000b047
            Link:      0
            Info:      0
            AddrAlign: 0x00000001
            EntSize:   0x00000000
          - N:         11
            Name:      115
            Type:      SHT_PROGBITS
            Flags:     0x00000000
            Addr:      0x00000000
            Offset:    0x0004fcc5
            Size:      0x00014ba6
            Link:      0
            Info:      0
            AddrAlign: 0x00000001
            EntSize:   0x00000000
          - N:         12
            Name:      127
            Type:      SHT_PROGBITS
            Flags:     0x00000000
            Addr:      0x00000000
            Offset:    0x0006486c
            Size:      0x000017b0
            Link:      0
            Info:      0
            AddrAlign: 0x00000004
            EntSize:   0x00000000
          - N:         13
            Name:      140
            Type:      SHT_PROGBITS
            Flags:     0x00000030
            Addr:      0x00000000
            Offset:    0x0006601c
            Size:      0x00003186
            Link:      0
            Info:      0
            AddrAlign: 0x00000001
            EntSize:   0x00000001
          - N:         14
            Name:      151
            Type:      SHT_PROGBITS
            Flags:     0x00000000
            Addr:      0x00000000
            Offset:    0x000691a2
            Size:      0x0001d16a
            Link:      0
            Info:      0
            AddrAlign: 0x00000001
            EntSize:   0x00000000
          - N:         15
            Name:      162
            Type:      SHT_PROGBITS
            Flags:     0x00000000
            Addr:      0x00000000
            Offset:    0x0008630c
            Size:      0x00001cd0
            Link:      0
            Info:      0
            AddrAlign: 0x00000001
            EntSize:   0x00000000
          - N:         16
            Name:      1
            Type:      SHT_SYMTAB
            Flags:     0x00000000
            Addr:      0x00000000
            Offset:    0x00087fdc
            Size:      0x00001180
            Link:      17
            Info:      109
            AddrAlign: 0x00000004
            EntSize:   0x00000010
          - N:         17
            Name:      9
            Type:      SHT_STRTAB
            Flags:     0x00000000
            Addr:      0x00000000
            Offset:    0x0008915c
            Size:      0x00000a4b
            Link:      0
            Info:      0
            AddrAlign: 0x00000001
            EntSize:   0x00000000
          - N:         18
            Name:      17
            Type:      SHT_STRTAB
            Flags:     0x00000000
            Addr:      0x00000000
            Offset:    0x00089ba7
            Size:      0x000000b0
            Link:      0
            Info:      0
            AddrAlign: 0x00000001
            EntSize:   0x00000000
Segments: - N:        0
            Type:     PT_LOAD
            Flags:    0x00000005
            Offset:   0x00000000
            VirtAddr: 0x00001000
            PhysAddr: 0x00001000
            FileSize: 0x0000d23c
            MemSize:  0x0000d23c
            Align:    0x00001000
          - N:        1
            Type:     PT_LOAD
            Flags:    0x00000006
            Offset:   0x0000d23c
            VirtAddr: 0x0000f23c
            PhysAddr: 0x0000f23c
            FileSize: 0x000009a8
            MemSize:  0x000009e8
            Align:    0x00001000
- - Name:  0x00000000
    Info:  0x00
    Other: 0x00
    ShNdx: SHN_Undef
    Value: 0x00000000
    Size:  0x00000000
  - Name:  0x00000000
    Info:  0x03
    Other: 0x00
    ShNdx: SHN_EXT 1
    Value: 0x00001078
    Size:  0x00000000
  - Name:  0x00000000
    Info:  0x03
    Other: 0x00
    ShNdx: SHN_EXT 2
    Value: 0x0000dc18
    Size:  0x00000000
  - Name:  0x00000000
    Info:  0x03
    Other: 0x00
    ShNdx: SHN_EXT 3
    Value: 0x0000f23c
    Size:  0x00000000
  - Name:  0x00000000
    Info:  0x03
    Other: 0x00
    ShNdx: SHN_EXT 4
    Value: 0x0000fbd4
    Size:  0x00000000
  - Name:  0x00000000
    Info:  0x03
    Other: 0x00
    ShNdx: SHN_EXT 5
    Value: 0x0000fbe4
    Size:  0x00000000
  - Name:  0x00000000
    Info:  0x03
    Other: 0x00
    ShNdx: SHN_EXT 6
    Value: 0x0000fbfc
    Size:  0x00000000
  - Name:  0x00000000
    Info:  0x03
    Other: 0x00
    ShNdx: SHN_EXT 7
    Value: 0x00000000
    Size:  0x00000000
  - Name:  0x00000000
    Info:  0x03
    Other: 0x00
    ShNdx: SHN_EXT 8
    Value: 0x00000000
    Size:  0x00000000
  - Name:  0x00000000
    Info:  0x03
    Other: 0x00
    ShNdx: SHN_EXT 9
    Value: 0x00000000
    Size:  0x00000000
  - Name:  0x00000000
    Info:  0x03
    Other: 0x00
    ShNdx: SHN_EXT 10
    Value: 0x00000000
    Size:  0x00000000
  - Name:  0x00000000
    Info:  0x03
    Other: 0x00
    ShNdx: SHN_EXT 11
    Value: 0x00000000
    Size:  0x00000000
  - Name:  0x00000000
    Info:  0x03
    Other: 0x00
    ShNdx: SHN_EXT 12
    Value: 0x00000000
    Size:  0x00000000
  - Name:  0x00000000
    Info:  0x03
    Other: 0x00
    ShNdx: SHN_EXT 13
    Value: 0x00000000
    Size:  0x00000000
  - Name:  0x00000000
    Info:  0x03
    Other: 0x00
    ShNdx: SHN_EXT 14
    Value: 0x00000000
    Size:  0x00000000
  - Name:  0x00000000
    Info:  0x03
    Other: 0x00
    ShNdx: SHN_EXT 15
    Value: 0x00000000
    Size:  0x00000000
  - Name:  0x00000001
    Info:  0x04
    Other: 0x00
    ShNdx: SHN_Abs
    Value: 0x00000000
    Size:  0x00000000
  - Name:  0x00000311
    Info:  0x04
    Other: 0x00
    ShNdx: SHN_Abs
    Value: 0x00000000
    Size:  0x00000000
  - Name:  0x00000043
    Info:  0x04
    Other: 0x00
    ShNdx: SHN_Abs
    Value: 0x00000000
    Size:  0x00000000
  - Name:  0x0000000b
    Info:  0x04
    Other: 0x00
    ShNdx: SHN_Abs
    Value: 0x00000000
    Size:  0x00000000
  - Name:  0x00000009
    Info:  0x04
    Other: 0x00
    ShNdx: SHN_Abs
    Value: 0x00000000
    Size:  0x00000000
  - Name:  0x00000014
    Info:  0x02
    Other: 0x00
    ShNdx: SHN_EXT 1
    Value: 0x0000328c
    Size:  0x000000c0
  - Name:  0x0000001f
    Info:  0x01
    Other: 0x00
    ShNdx: SHN_EXT 2
    Value: 0x0000dc78
    Size:  0x00000010
  - Name:  0x0000002b
    Info:  0x01
    Other: 0x00
    ShNdx: SHN_EXT 2
    Value: 0x0000dc68
    Size:  0x00000010
  - Name:  0x00000037
    Info:  0x04
    Other: 0x00
    ShNdx: SHN_Abs
    Value: 0x00000000
    Size:  0x00000000
  - Name:  0x00000040
    Info:  0x04
    Other: 0x00
    ShNdx: SHN_Abs
    Value: 0x00000000
    Size:  0x00000000
  - Name:  0x00000047
    Info:  0x02
    Other: 0x00
    ShNdx: SHN_EXT 1
    Value: 0x000034a8
    Size:  0x000001fc
  - Name:  0x0000004e
    Info:  0x04
    Other: 0x00
    ShNdx: SHN_Abs
    Value: 0x00000000
    Size:  0x00000000
  - Name:  0x00000057
    Info:  0x04
    Other: 0x00
    ShNdx: SHN_Abs
    Value: 0x00000000
    Size:  0x00000000
  - Name:  0x00000060
    Info:  0x02
    Other: 0x00
    ShNdx: SHN_EXT 1
    Value: 0x000050a4
    Size:  0x00000008
  - Name:  0x0000006a
    Info:  0x02
    Other: 0x00
    ShNdx: SHN_EXT 1
    Value: 0x000050b8
    Size:  0x00000168
  - Name:  0x00000079
    Info:  0x02
    Other: 0x00
    ShNdx: SHN_EXT 1
    Value: 0x00005220
    Size:  0x00000008
  - Name:  0x00000085
    Info:  0x04
    Other: 0x00
    ShNdx: SHN_Abs
    Value: 0x00000000
    Size:  0x00000000
  - Name:  0x0000008f
    Info:  0x04
    Other: 0x00
    ShNdx: SHN_Abs
    Value: 0x00000000
    Size:  0x00000000
  - Name:  0x00000097
    Info:  0x04
    Other: 0x00
    ShNdx: SHN_Abs
    Value: 0x00000000
    Size:  0x00000000
  - Name:  0x000000a0
    Info:  0x01
    Other: 0x00
    ShNdx: SHN_EXT 3
    Value: 0x0000f23c
    Size:  0x00000424
  - Name:  0x000000ac
    Info:  0x04
    Other: 0x00
    ShNdx: SHN_Abs
    Value: 0x00000000
    Size:  0x00000000
  - Name:  0x000000b9
    Info:  0x04
    Other: 0x00
    ShNdx: SHN_Abs
    Value: 0x00000000
    Size:  0x00000000
  - Name:  0x00000085
    Info:  0x04
    Other: 0x00
    ShNdx: SHN_Abs
    Value: 0x00000000
    Size:  0x00000000
  - Name:  0x000000c3
    Info:  0x04
    Other: 0x00
    ShNdx: SHN_Abs
    Value: 0x00000000
    Size:  0x00000000
  - Name:  0x000000cc
    Info:  0x04
    Other: 0x00
    ShNdx: SHN_Abs
    Value: 0x00000000
    Size:  0x00000000
  - Name:  0x000000d5
    Info:  0x04
    Other: 0x00
    ShNdx: SHN_Abs
    Value: 0x00000000
    Size:  0x00000000
  - Name:  0x000000de
    Info:  0x04
    Other: 0x00
    ShNdx: SHN_Abs
    Value: 0x00000000
    Size:  0x00000000
  - Name:  0x000000e6
    Info:  0x01
    Other: 0x00
    ShNdx: SHN_EXT 2
    Value: 0x0000dd24
    Size:  0x0000000c
  - Name:  0x000000ef
    Info:  0x04
    Other: 0x00
    ShNdx: SHN_Abs
    Value: 0x00000000
    Size:  0x00000000
  - Name:  0x000000f7
    Info:  0x04
    Other: 0x00
    ShNdx: SHN_Abs
    Value: 0x00000000
    Size:  0x00000000
  - Name:  0x000000ff
    Info:  0x04
    Other: 0x00
    ShNdx: SHN_Abs
    Value: 0x00000000
    Size:  0x00000000
  - Name:  0x00000009
    Info:  0x04
    Other: 0x00
    ShNdx: SHN_Abs
    Value: 0x00000000
    Size:  0x00000000
  - Name:  0x00000108
    Info:  0x02
    Other: 0x00
    ShNdx: SHN_EXT 1
    Value: 0x000078a8
    Size:  0x000000f4
  - Name:  0x00000014
    Info:  0x02
    Other: 0x00
    ShNdx: SHN_EXT 1
    Value: 0x00008cd4
    Size:  0x000000c0
  - Name:  0x0000011a
    Info:  0x01
    Other: 0x00
    ShNdx: SHN_EXT 2
    Value: 0x0000de58
    Size:  0x00000010
  - Name:  0x00000126
    Info:  0x01
    Other: 0x00
    ShNdx: SHN_EXT 2
    Value: 0x0000de48
    Size:  0x00000010
  - Name:  0x00000132
    Info:  0x04
    Other: 0x00
    ShNdx: SHN_Abs
    Value: 0x00000000
    Size:  0x00000000
  - Name:  0x0000013b
    Info:  0x04
    Other: 0x00
    ShNdx: SHN_Abs
    Value: 0x00000000
    Size:  0x00000000
  - Name:  0x00000144
    Info:  0x04
    Other: 0x00
    ShNdx: SHN_Abs
    Value: 0x00000000
    Size:  0x00000000
  - Name:  0x00000085
    Info:  0x04
    Other: 0x00
    ShNdx: SHN_Abs
    Value: 0x00000000
    Size:  0x00000000
  - Name:  0x0000014d
    Info:  0x04
    Other: 0x00
    ShNdx: SHN_Abs
    Value: 0x00000000
    Size:  0x00000000
  - Name:  0x00000156
    Info:  0x04
    Other: 0x00
    ShNdx: SHN_Abs
    Value: 0x00000000
    Size:  0x00000000
  - Name:  0x00000161
    Info:  0x04
    Other: 0x00
    ShNdx: SHN_Abs
    Value: 0x00000000
    Size:  0x00000000
  - Name:  0x0000016a
    Info:  0x04
    Other: 0x00
    ShNdx: SHN_Abs
    Value: 0x00000000
    Size:  0x00000000
  - Name:  0x00000173
    Info:  0x04
    Other: 0x00
    ShNdx: SHN_Abs
    Value: 0x00000000
    Size:  0x00000000
  - Name:  0x0000017d
    Info:  0x04
    Other: 0x00
    ShNdx: SHN_Abs
    Value: 0x00000000
    Size:  0x00000000
  - Name:  0x00000189
    Info:  0x04
    Other: 0x00
    ShNdx: SHN_Abs
    Value: 0x00000000
    Size:  0x00000000
  - Name:  0x00000193
    Info:  0x04
    Other: 0x00
    ShNdx: SHN_Abs
    Value: 0x00000000
    Size:  0x00000000
  - Name:  0x0000019c
    Info:  0x04
    Other: 0x00
    ShNdx: SHN_Abs
    Value: 0x00000000
    Size:  0x00000000
  - Name:  0x000001a5
    Info:  0x04
    Other: 0x00
    ShNdx: SHN_Abs
    Value: 0x00000000
    Size:  0x00000000
  - Name:  0x000001b0
    Info:  0x04
    Other: 0x00
    ShNdx: SHN_Abs
    Value: 0x00000000
    Size:  0x00000000
  - Name:  0x000001ba
    Info:  0x04
    Other: 0x00
    ShNdx: SHN_Abs
    Value: 0x00000000
    Size:  0x00000000
  - Name:  0x00000085
    Info:  0x04
    Other: 0x00
    ShNdx: SHN_Abs
    Value: 0x00000000
    Size:  0x00000000
  - Name:  0x000001c2
    Info:  0x04
    Other: 0x00
    ShNdx: SHN_Abs
    Value: 0x00000000
    Size:  0x00000000
  - Name:  0x000001cb
    Info:  0x04
    Other: 0x00
    ShNdx: SHN_Abs
    Value: 0x00000000
    Size:  0x00000000
  - Name:  0x000001da
    Info:  0x04
    Other: 0x00
    ShNdx: SHN_Abs
    Value: 0x00000000
    Size:  0x00000000
  - Name:  0x000001e1
    Info:  0x04
    Other: 0x00
    ShNdx: SHN_Abs
    Value: 0x00000000
    Size:  0x00000000
  - Name:  0x000001eb
    Info:  0x04
    Other: 0x00
    ShNdx: SHN_Abs
    Value: 0x00000000
    Size:  0x00000000
  - Name:  0x000001f6
    Info:  0x04
    Other: 0x00
    ShNdx: SHN_Abs
    Value: 0x00000000
    Size:  0x00000000
  - Name:  0x000001ff
    Info:  0x04
    Other: 0x00
    ShNdx: SHN_Abs
    Value: 0x00000000
    Size:  0x00000000
  - Name:  0x00000208
    Info:  0x02
    Other: 0x00
    ShNdx: SHN_EXT 1
    Value: 0x0000a3dc
    Size:  0x0000004c
  - Name:  0x0000021e
    Info:  0x04
    Other: 0x00
    ShNdx: SHN_Abs
    Value: 0x00000000
    Size:  0x00000000
  - Name:  0x00000228
    Info:  0x04
    Other: 0x00
    ShNdx: SHN_Abs
    Value: 0x00000000
    Size:  0x00000000
  - Name:  0x00000228
    Info:  0x04
    Other: 0x00
    ShNdx: SHN_Abs
    Value: 0x00000000
    Size:  0x00000000
  - Name:  0x00000232
    Info:  0x04
    Other: 0x00
    ShNdx: SHN_Abs
    Value: 0x00000000
    Size:  0x00000000
  - Name:  0x00000240
    Info:  0x04
    Other: 0x00
    ShNdx: SHN_Abs
    Value: 0x00000000
    Size:  0x00000000
  - Name:  0x00000249
    Info:  0x04
    Other: 0x00
    ShNdx: SHN_Abs
    Value: 0x00000000
    Size:  0x00000000
  - Name:  0x00000252
    Info:  0x04
    Other: 0x00
    ShNdx: SHN_Abs
    Value: 0x00000000
    Size:  0x00000000
  - Name:  0x0000025a
    Info:  0x04
    Other: 0x00
    ShNdx: SHN_Abs
    Value: 0x00000000
    Size:  0x00000000
  - Name:  0x00000262
    Info:  0x04
    Other: 0x00
    ShNdx: SHN_Abs
    Value: 0x00000000
    Size:  0x00000000
  - Name:  0x0000026a
    Info:  0x04
    Other: 0x00
    ShNdx: SHN_Abs
    Value: 0x00000000
    Size:  0x00000000
  - Name:  0x00000273
    Info:  0x04
    Other: 0x00
    ShNdx: SHN_Abs
    Value: 0x00000000
    Size:  0x00000000
  - Name:  0x0000027c
    Info:  0x04
    Other: 0x00
    ShNdx: SHN_Abs
    Value: 0x00000000
    Size:  0x00000000
  - Name:  0x00000287
    Info:  0x04
    Other: 0x00
    ShNdx: SHN_Abs
    Value: 0x00000000
    Size:  0x00000000
  - Name:  0x00000291
    Info:  0x04
    Other: 0x00
    ShNdx: SHN_Abs
    Value: 0x00000000
    Size:  0x00000000
  - Name:  0x0000029d
    Info:  0x04
    Other: 0x00
    ShNdx: SHN_Abs
    Value: 0x00000000
    Size:  0x00000000
  - Name:  0x00000228
    Info:  0x04
    Other: 0x00
    ShNdx: SHN_Abs
    Value: 0x00000000
    Size:  0x00000000
  - Name:  0x00000228
    Info:  0x04
    Other: 0x00
    ShNdx: SHN_Abs
    Value: 0x00000000
    Size:  0x00000000
  - Name:  0x000002ab
    Info:  0x04
    Other: 0x00
    ShNdx: SHN_Abs
    Value: 0x00000000
    Size:  0x00000000
  - Name:  0x000002ba
    Info:  0x04
    Other: 0x00
    ShNdx: SHN_Abs
    Value: 0x00000000
    Size:  0x00000000
  - Name:  0x000002c7
    Info:  0x04
    Other: 0x00
    ShNdx: SHN_Abs
    Value: 0x00000000
    Size:  0x00000000
  - Name:  0x000002d4
    Info:  0x01
    Other: 0x00
    ShNdx: SHN_EXT 5
    Value: 0x0000fbf8
    Size:  0x00000004
  - Name:  0x000002e2
    Info:  0x04
    Other: 0x00
    ShNdx: SHN_Abs
    Value: 0x00000000
    Size:  0x00000000
  - Name:  0x000002f0
    Info:  0x04
    Other: 0x00
    ShNdx: SHN_Abs
    Value: 0x00000000
    Size:  0x00000000
  - Name:  0x000002fe
    Info:  0x04
    Other: 0x00
    ShNdx: SHN_Abs
    Value: 0x00000000
    Size:  0x00000000
  - Name:  0x0000030b
    Info:  0x04
    Other: 0x00
    ShNdx: SHN_Abs
    Value: 0x00000000
    Size:  0x00000000
  - Name:  0x00000318
    Info:  0x04
    Other: 0x00
    ShNdx: SHN_Abs
    Value: 0x00000000
    Size:  0x00000000
  - Name:  0x00000326
    Info:  0x04
    Other: 0x00
    ShNdx: SHN_Abs
    Value: 0x00000000
    Size:  0x00000000
  - Name:  0x00000335
    Info:  0x04
    Other: 0x00
    ShNdx: SHN_Abs
    Value: 0x00000000
    Size:  0x00000000
  - Name:  0x00000343
    Info:  0x04
    Other: 0x00
    ShNdx: SHN_Abs
    Value: 0x00000000
    Size:  0x00000000
  - Name:  0x00000350
    Info:  0x04
    Other: 0x00
    ShNdx: SHN_Abs
    Value: 0x00000000
    Size:  0x00000000
  - Name:  0x0000035e
    Info:  0x04
    Other: 0x00
    ShNdx: SHN_Abs
    Value: 0x00000000
    Size:  0x00000000
  - Name:  0x0000036a
    Info:  0x04
    Other: 0x00
    ShNdx: SHN_Abs
    Value: 0x00000000
    Size:  0x00000000
  - Name:  0x0000037a
    Info:  0x12
    Other: 0x00
    ShNdx: SHN_EXT 1
    Value: 0x0000753c
    Size:  0x00000070
  - Name:  0x00000387
    Info:  0x12
    Other: 0x00
    ShNdx: SHN_EXT 1
    Value: 0x00007618
    Size:  0x00000060
  - Name:  0x00000390
    Info:  0x12
    Other: 0x00
    ShNdx: SHN_EXT 1
    Value: 0x000097f8
    Size:  0x00000058
  - Name:  0x0000039a
    Info:  0x11
    Other: 0x00
    ShNdx: SHN_EXT 2
    Value: 0x0000dd30
    Size:  0x00000028
  - Name:  0x000003ab
    Info:  0x12
    Other: 0x00
    ShNdx: SHN_EXT 1
    Value: 0x000098e8
    Size:  0x00000064
  - Name:  0x000003b4
    Info:  0x12
    Other: 0x02
    ShNdx: SHN_EXT 1
    Value: 0x0000c544
    Size:  0x00000080
  - Name:  0x000003bc
    Info:  0x12
    Other: 0x00
    ShNdx: SHN_EXT 1
    Value: 0x0000a690
    Size:  0x00000060
  - Name:  0x00000018
    Info:  0x12
    Other: 0x00
    ShNdx: SHN_EXT 1
    Value: 0x0000115c
    Size:  0x00000038
  - Name:  0x000003c4
    Info:  0x12
    Other: 0x00
    ShNdx: SHN_EXT 1
    Value: 0x0000a2ac
    Size:  0x0000006c
  - Name:  0x000009a5
    Info:  0x12
    Other: 0x00
    ShNdx: SHN_EXT 1
    Value: 0x0000a43c
    Size:  0x00000084
  - Name:  0x000003cf
    Info:  0x12
    Other: 0x00
    ShNdx: SHN_EXT 1
    Value: 0x000077ac
    Size:  0x0000005c
  - Name:  0x000003d7
    Info:  0x12
    Other: 0x00
    ShNdx: SHN_EXT 1
    Value: 0x000053a0
    Size:  0x00000010
  - Name:  0x000003df
    Info:  0x12
    Other: 0x00
    ShNdx: SHN_EXT 1
    Value: 0x0000a14c
    Size:  0x00000148
  - Name:  0x000003e9
    Info:  0x12
    Other: 0x00
    ShNdx: SHN_EXT 1
    Value: 0x00009850
    Size:  0x00000074
  - Name:  0x000003f6
    Info:  0x12
    Other: 0x00
    ShNdx: SHN_EXT 1
    Value: 0x00005228
    Size:  0x00000068
  - Name:  0x00000403
    Info:  0x12
    Other: 0x00
    ShNdx: SHN_EXT 1
    Value: 0x0000da14
    Size:  0x00000004
  - Name:  0x00000413
    Info:  0x12
    Other: 0x00
    ShNdx: SHN_EXT 1
    Value: 0x0000999c
    Size:  0x0000012c
  - Name:  0x0000041b
    Info:  0x12
    Other: 0x00
    ShNdx: SHN_EXT 1
    Value: 0x0000538c
    Size:  0x00000014
  - Name:  0x00000424
    Info:  0x12
    Other: 0x00
    ShNdx: SHN_EXT 1
    Value: 0x000065dc
    Size:  0x000000a4
  - Name:  0x0000042c
    Info:  0x12
    Other: 0x00
    ShNdx: SHN_EXT 1
    Value: 0x0000da2c
    Size:  0x00000004
  - Name:  0x00000438
    Info:  0x12
    Other: 0x02
    ShNdx: SHN_EXT 1
    Value: 0x0000c5c4
    Size:  0x000000f0
  - Name:  0x00000440
    Info:  0x12
    Other: 0x00
    ShNdx: SHN_EXT 1
    Value: 0x00005940
    Size:  0x00000008
  - Name:  0x0000044f
    Info:  0x12
    Other: 0x00
    ShNdx: SHN_EXT 1
    Value: 0x000092dc
    Size:  0x00000060
  - Name:  0x00000458
    Info:  0x11
    Other: 0x00
    ShNdx: SHN_EXT 5
    Value: 0x0000fbf0
    Size:  0x00000004
  - Name:  0x0000045e
    Info:  0x12
    Other: 0x00
    ShNdx: SHN_EXT 1
    Value: 0x00007724
    Size:  0x00000008
  - Name:  0x00000469
    Info:  0x10
    Other: 0x00
    ShNdx: SHN_EXT 4
    Value: 0x00017bd0
    Size:  0x00000000
  - Name:  0x0000046d
    Info:  0x12
    Other: 0x00
    ShNdx: SHN_EXT 1
    Value: 0x0000d9bc
    Size:  0x00000014
  - Name:  0x00000474
    Info:  0x12
    Other: 0x00
    ShNdx: SHN_EXT 1
    Value: 0x000063ec
    Size:  0x00000100
  - Name:  0x0000047b
    Info:  0x12
    Other: 0x00
    ShNdx: SHN_EXT 1
    Value: 0x000050ac
    Size:  0x0000000c
  - Name:  0x00000486
    Info:  0x12
    Other: 0x02
    ShNdx: SHN_EXT 1
    Value: 0x0000d81c
    Size:  0x000000bc
  - Name:  0x00000492
    Info:  0x12
    Other: 0x02
    ShNdx: SHN_EXT 1
    Value: 0x0000c6b4
    Size:  0x000000f0
  - Name:  0x0000049a
    Info:  0x12
    Other: 0x00
    ShNdx: SHN_EXT 1
    Value: 0x0000da30
    Size:  0x00000040
  - Name:  0x000004a4
    Info:  0x12
    Other: 0x00
    ShNdx: SHN_EXT 1
    Value: 0x00007494
    Size:  0x000000a8
  - Name:  0x000004ac
    Info:  0x12
    Other: 0x00
    ShNdx: SHN_EXT 1
    Value: 0x00008cb8
    Size:  0x0000001c
  - Name:  0x000004c1
    Info:  0x12
    Other: 0x00
    ShNdx: SHN_EXT 1
    Value: 0x0000112c
    Size:  0x00000030
  - Name:  0x000004cb
    Info:  0x12
    Other: 0x02
    ShNdx: SHN_EXT 1
    Value: 0x0000b2ac
    Size:  0x00000064
  - Name:  0x000004d5
    Info:  0x12
    Other: 0x00
    ShNdx: SHN_EXT 1
    Value: 0x0000daa4
    Size:  0x00000014
  - Name:  0x000004dc
    Info:  0x12
    Other: 0x00
    ShNdx: SHN_EXT 1
    Value: 0x0000a4c0
    Size:  0x000000c4
  - Name:  0x000004e5
    Info:  0x12
    Other: 0x00
    ShNdx: SHN_EXT 1
    Value: 0x00008e50
    Size:  0x00000064
  - Name:  0x000004f3
    Info:  0x11
    Other: 0x00
    ShNdx: SHN_EXT 2
    Value: 0x0000dd80
    Size:  0x000000c8
  - Name:  0x00000500
    Info:  0x11
    Other: 0x00
    ShNdx: SHN_EXT 5
    Value: 0x0000fbec
    Size:  0x00000004
  - Name:  0x00000511
    Info:  0x12
    Other: 0x00
    ShNdx: SHN_EXT 1
    Value: 0x0000a6f0
    Size:  0x00000004
  - Name:  0x0000051b
    Info:  0x12
    Other: 0x00
    ShNdx: SHN_EXT 1
    Value: 0x00005948
    Size:  0x0000000c
  - Name:  0x00000529
    Info:  0x12
    Other: 0x00
    ShNdx: SHN_EXT 1
    Value: 0x0000933c
    Size:  0x000004bc
  - Name:  0x00000536
    Info:  0x12
    Other: 0x00
    ShNdx: SHN_EXT 1
    Value: 0x00006a28
    Size:  0x00000054
  - Name:  0x0000053c
    Info:  0x12
    Other: 0x00
    ShNdx: SHN_EXT 1
    Value: 0x0000a584
    Size:  0x000000b8
  - Name:  0x00000549
    Info:  0x12
    Other: 0x00
    ShNdx: SHN_EXT 1
    Value: 0x00007678
    Size:  0x00000058
  - Name:  0x00000551
    Info:  0x12
    Other: 0x00
    ShNdx: SHN_EXT 1
    Value: 0x00009ac8
    Size:  0x00000064
  - Name:  0x00000559
    Info:  0x12
    Other: 0x00
    ShNdx: SHN_EXT 1
    Value: 0x00008f7c
    Size:  0x000000f8
  - Name:  0x00000563
    Info:  0x12
    Other: 0x00
    ShNdx: SHN_EXT 1
    Value: 0x0000507c
    Size:  0x00000028
  - Name:  0x0000056a
    Info:  0x11
    Other: 0x00
    ShNdx: SHN_EXT 5
    Value: 0x0000fbe8
    Size:  0x00000004
  - Name:  0x00000582
    Info:  0x12
    Other: 0x02
    ShNdx: SHN_EXT 1
    Value: 0x0000b36c
    Size:  0x00000978
  - Name:  0x0000058b
    Info:  0x12
    Other: 0x00
    ShNdx: SHN_EXT 1
    Value: 0x0000722c
    Size:  0x00000104
  - Name:  0x00000591
    Info:  0x12
    Other: 0x02
    ShNdx: SHN_EXT 1
    Value: 0x0000ac84
    Size:  0x00000534
  - Name:  0x0000059b
    Info:  0x12
    Other: 0x00
    ShNdx: SHN_EXT 1
    Value: 0x0000dab8
    Size:  0x00000014
  - Name:  0x000005a1
    Info:  0x11
    Other: 0x00
    ShNdx: SHN_EXT 4
    Value: 0x0000fbd4
    Size:  0x00000004
  - Name:  0x000005b4
    Info:  0x12
    Other: 0x00
    ShNdx: SHN_EXT 1
    Value: 0x00009b2c
    Size:  0x00000564
  - Name:  0x000005bf
    Info:  0x12
    Other: 0x02
    ShNdx: SHN_EXT 1
    Value: 0x0000a6f4
    Size:  0x00000590
  - Name:  0x000005c9
    Info:  0x12
    Other: 0x00
    ShNdx: SHN_EXT 1
    Value: 0x00009240
    Size:  0x00000024
  - Name:  0x000005d3
    Info:  0x11
    Other: 0x00
    ShNdx: SHN_EXT 2
    Value: 0x0000dd58
    Size:  0x00000028
  - Name:  0x000005e3
    Info:  0x12
    Other: 0x00
    ShNdx: SHN_EXT 1
    Value: 0x000067dc
    Size:  0x00000138
  - Name:  0x000005e9
    Info:  0x12
    Other: 0x00
    ShNdx: SHN_EXT 1
    Value: 0x00001078
    Size:  0x00000018
  - Name:  0x000005ef
    Info:  0x12
    Other: 0x02
    ShNdx: SHN_EXT 1
    Value: 0x0000d8d8
    Size:  0x00000090
  - Name:  0x000005fd
    Info:  0x12
    Other: 0x00
    ShNdx: SHN_EXT 1
    Value: 0x00006f4c
    Size:  0x00000058
  - Name:  0x00000604
    Info:  0x12
    Other: 0x00
    ShNdx: SHN_EXT 1
    Value: 0x0000daf4
    Size:  0x00000004
  - Name:  0x0000060e
    Info:  0x12
    Other: 0x00
    ShNdx: SHN_EXT 1
    Value: 0x000053c0
    Size:  0x00000014
  - Name:  0x00000432
    Info:  0x22
    Other: 0x00
    ShNdx: SHN_EXT 1
    Value: 0x0000da2c
    Size:  0x00000004
  - Name:  0x0000061c
    Info:  0x12
    Other: 0x00
    ShNdx: SHN_EXT 1
    Value: 0x00006914
    Size:  0x00000064
  - Name:  0x00000626
    Info:  0x12
    Other: 0x02
    ShNdx: SHN_EXT 1
    Value: 0x0000d79c
    Size:  0x00000080
  - Name:  0x0000090e
    Info:  0x12
    Other: 0x00
    ShNdx: SHN_EXT 1
    Value: 0x0000dae0
    Size:  0x00000014
  - Name:  0x00000630
    Info:  0x12
    Other: 0x00
    ShNdx: SHN_EXT 1
    Value: 0x0000da90
    Size:  0x00000014
  - Name:  0x00000636
    Info:  0x12
    Other: 0x00
    ShNdx: SHN_EXT 1
    Value: 0x0000d9d0
    Size:  0x00000014
  - Name:  0x0000063b
    Info:  0x12
    Other: 0x02
    ShNdx: SHN_EXT 1
    Value: 0x0000c6b4
    Size:  0x000000f0
  - Name:  0x00000643
    Info:  0x12
    Other: 0x00
    ShNdx: SHN_EXT 1
    Value: 0x00006cac
    Size:  0x00000118
  - Name:  0x0000064e
    Info:  0x12
    Other: 0x00
    ShNdx: SHN_EXT 1
    Value: 0x000079b4
    Size:  0x00001304
  - Name:  0x00000666
    Info:  0x12
    Other: 0x02
    ShNdx: SHN_EXT 1
    Value: 0x0000b310
    Size:  0x0000005c
  - Name:  0x00000670
    Info:  0x12
    Other: 0x02
    ShNdx: SHN_EXT 1
    Value: 0x0000d968
    Size:  0x00000054
  - Name:  0x00000679
    Info:  0x12
    Other: 0x00
    ShNdx: SHN_EXT 1
    Value: 0x000053b0
    Size:  0x00000004
  - Name:  0x0000068c
    Info:  0x12
    Other: 0x00
    ShNdx: SHN_EXT 1
    Value: 0x00006318
    Size:  0x000000d4
  - Name:  0x00000693
    Info:  0x12
    Other: 0x00
    ShNdx: SHN_EXT 1
    Value: 0x00001194
    Size:  0x000020dc
  - Name:  0x000006aa
    Info:  0x12
    Other: 0x00
    ShNdx: SHN_EXT 1
    Value: 0x00005504
    Size:  0x000002fc
  - Name:  0x000006b2
    Info:  0x11
    Other: 0x00
    ShNdx: SHN_EXT 2
    Value: 0x0000dfbc
    Size:  0x00000180
  - Name:  0x000006bb
    Info:  0x12
    Other: 0x00
    ShNdx: SHN_EXT 1
    Value: 0x000098c4
    Size:  0x0000000c
  - Name:  0x000006cf
    Info:  0x12
    Other: 0x00
    ShNdx: SHN_EXT 1
    Value: 0x0000daf8
    Size:  0x00000120
  - Name:  0x000006e0
    Info:  0x11
    Other: 0x00
    ShNdx: SHN_EXT 4
    Value: 0x0000fbdc
    Size:  0x00000004
  - Name:  0x000007c1
    Info:  0x12
    Other: 0x00
    ShNdx: SHN_EXT 1
    Value: 0x000010c8
    Size:  0x00000000
  - Name:  0x000006f3
    Info:  0x12
    Other: 0x00
    ShNdx: SHN_EXT 1
    Value: 0x00006dc4
    Size:  0x00000188
  - Name:  0x00000836
    Info:  0x12
    Other: 0x00
    ShNdx: SHN_EXT 1
    Value: 0x0000a64c
    Size:  0x00000018
  - Name:  0x00000464
    Info:  0x12
    Other: 0x00
    ShNdx: SHN_EXT 1
    Value: 0x0000dacc
    Size:  0x00000014
  - Name:  0x000006fc
    Info:  0x12
    Other: 0x00
    ShNdx: SHN_EXT 1
    Value: 0x00006a7c
    Size:  0x00000230
  - Name:  0x00000707
    Info:  0x11
    Other: 0x00
    ShNdx: SHN_EXT 6
    Value: 0x0000fbfc
    Size:  0x00000028
  - Name:  0x00000721
    Info:  0x12
    Other: 0x00
    ShNdx: SHN_EXT 1
    Value: 0x00007330
    Size:  0x00000164
  - Name:  0x00000727
    Info:  0x12
    Other: 0x00
    ShNdx: SHN_EXT 1
    Value: 0x0000da70
    Size:  0x00000004
  - Name:  0x00000733
    Info:  0x12
    Other: 0x00
    ShNdx: SHN_EXT 1
    Value: 0x00008df8
    Size:  0x00000058
  - Name:  0x0000073c
    Info:  0x12
    Other: 0x00
    ShNdx: SHN_EXT 1
    Value: 0x0000334c
    Size:  0x0000015c
  - Name:  0x00000748
    Info:  0x12
    Other: 0x02
    ShNdx: SHN_EXT 1
    Value: 0x0000bce4
    Size:  0x00000860
  - Name:  0x00000751
    Info:  0x12
    Other: 0x00
    ShNdx: SHN_EXT 1
    Value: 0x00005290
    Size:  0x000000fc
  - Name:  0x00000757
    Info:  0x12
    Other: 0x00
    ShNdx: SHN_EXT 1
    Value: 0x000075ac
    Size:  0x0000006c
  - Name:  0x00000762
    Info:  0x11
    Other: 0x00
    ShNdx: SHN_EXT 3
    Value: 0x0000f660
    Size:  0x00000408
  - Name:  0x0000076f
    Info:  0x12
    Other: 0x00
    ShNdx: SHN_EXT 1
    Value: 0x000053bc
    Size:  0x00000004
  - Name:  0x00000784
    Info:  0x12
    Other: 0x02
    ShNdx: SHN_EXT 1
    Value: 0x0000c7a4
    Size:  0x00000670
  - Name:  0x0000078d
    Info:  0x12
    Other: 0x00
    ShNdx: SHN_EXT 1
    Value: 0x000076d0
    Size:  0x00000054
  - Name:  0x00000795
    Info:  0x12
    Other: 0x00
    ShNdx: SHN_EXT 1
    Value: 0x0000da10
    Size:  0x00000004
  - Name:  0x000007a3
    Info:  0x12
    Other: 0x00
    ShNdx: SHN_EXT 1
    Value: 0x0000d9e4
    Size:  0x0000002c
  - Name:  0x000007a8
    Info:  0x12
    Other: 0x00
    ShNdx: SHN_EXT 1
    Value: 0x0000501c
    Size:  0x00000060
  - Name:  0x000007b2
    Info:  0x12
    Other: 0x00
    ShNdx: SHN_EXT 1
    Value: 0x00008ec8
    Size:  0x000000b4
  - Name:  0x000007bc
    Info:  0x10
    Other: 0x00
    ShNdx: SHN_EXT 5
    Value: 0x0000fbe4
    Size:  0x00000000
  - Name:  0x000007c8
    Info:  0x12
    Other: 0x00
    ShNdx: SHN_EXT 1
    Value: 0x000064ec
    Size:  0x000000f0
  - Name:  0x000007cf
    Info:  0x12
    Other: 0x00
    ShNdx: SHN_EXT 1
    Value: 0x000010f8
    Size:  0x00000034
  - Name:  0x000007d4
    Info:  0x11
    Other: 0x00
    ShNdx: SHN_EXT 5
    Value: 0x0000fbe4
    Size:  0x00000004
  - Name:  0x000007eb
    Info:  0x12
    Other: 0x00
    ShNdx: SHN_EXT 1
    Value: 0x0000a294
    Size:  0x00000018
  - Name:  0x000007f3
    Info:  0x12
    Other: 0x00
    ShNdx: SHN_EXT 1
    Value: 0x00007808
    Size:  0x00000008
  - Name:  0x000007fc
    Info:  0x12
    Other: 0x00
    ShNdx: SHN_EXT 1
    Value: 0x00009074
    Size:  0x00000010
  - Name:  0x00000803
    Info:  0x12
    Other: 0x00
    ShNdx: SHN_EXT 1
    Value: 0x000036a4
    Size:  0x00001750
  - Name:  0x0000080b
    Info:  0x12
    Other: 0x00
    ShNdx: SHN_EXT 1
    Value: 0x00005b38
    Size:  0x000007e0
  - Name:  0x00000815
    Info:  0x12
    Other: 0x00
    ShNdx: SHN_EXT 1
    Value: 0x0000a3ac
    Size:  0x00000030
  - Name:  0x00000824
    Info:  0x12
    Other: 0x00
    ShNdx: SHN_EXT 1
    Value: 0x00009084
    Size:  0x00000020
  - Name:  0x00000830
    Info:  0x12
    Other: 0x00
    ShNdx: SHN_EXT 1
    Value: 0x0000a664
    Size:  0x0000001c
  - Name:  0x0000083d
    Info:  0x12
    Other: 0x00
    ShNdx: SHN_EXT 1
    Value: 0x00005800
    Size:  0x00000098
  - Name:  0x00000844
    Info:  0x12
    Other: 0x00
    ShNdx: SHN_EXT 1
    Value: 0x0000994c
    Size:  0x0000000c
  - Name:  0x0000084e
    Info:  0x12
    Other: 0x02
    ShNdx: SHN_EXT 1
    Value: 0x0000b1b8
    Size:  0x00000080
  - Name:  0x00000857
    Info:  0x12
    Other: 0x00
    ShNdx: SHN_EXT 1
    Value: 0x000053e8
    Size:  0x0000011c
  - Name:  0x00000866
    Info:  0x12
    Other: 0x00
    ShNdx: SHN_EXT 1
    Value: 0x0000a090
    Size:  0x000000b8
  - Name:  0x0000086d
    Info:  0x12
    Other: 0x02
    ShNdx: SHN_EXT 1
    Value: 0x0000c544
    Size:  0x00000080
  - Name:  0x0000072d
    Info:  0x22
    Other: 0x00
    ShNdx: SHN_EXT 1
    Value: 0x0000da70
    Size:  0x00000004
  - Name:  0x00000875
    Info:  0x11
    Other: 0x02
    ShNdx: SHN_EXT 2
    Value: 0x0000e13c
    Size:  0x00000100
  - Name:  0x0000087f
    Info:  0x11
    Other: 0x00
    ShNdx: SHN_EXT 5
    Value: 0x0000fbf4
    Size:  0x00000004
  - Name:  0x0000088b
    Info:  0x12
    Other: 0x00
    ShNdx: SHN_EXT 1
    Value: 0x00008d94
    Size:  0x00000064
  - Name:  0x00000894
    Info:  0x12
    Other: 0x00
    ShNdx: SHN_EXT 1
    Value: 0x000098d0
    Size:  0x00000018
  - Name:  0x000005a8
    Info:  0x11
    Other: 0x00
    ShNdx: SHN_EXT 4
    Value: 0x0000fbd8
    Size:  0x00000004
  - Name:  0x0000089e
    Info:  0x12
    Other: 0x00
    ShNdx: SHN_EXT 1
    Value: 0x00004df4
    Size:  0x00000228
  - Name:  0x000008a9
    Info:  0x12
    Other: 0x00
    ShNdx: SHN_EXT 1
    Value: 0x00009958
    Size:  0x00000044
  - Name:  0x000008b8
    Info:  0x12
    Other: 0x00
    ShNdx: SHN_EXT 1
    Value: 0x000071d0
    Size:  0x0000005c
  - Name:  0x000008be
    Info:  0x12
    Other: 0x00
    ShNdx: SHN_EXT 1
    Value: 0x000053d4
    Size:  0x00000014
  - Name:  0x000008ce
    Info:  0x10
    Other: 0x00
    ShNdx: SHN_Abs
    Value: 0x07ffff00
    Size:  0x00000000
  - Name:  0x000008de
    Info:  0x12
    Other: 0x00
    ShNdx: SHN_EXT 1
    Value: 0x00005954
    Size:  0x0000000c
  - Name:  0x000008e9
    Info:  0x12
    Other: 0x00
    ShNdx: SHN_EXT 1
    Value: 0x00005960
    Size:  0x00000098
  - Name:  0x000008f6
    Info:  0x10
    Other: 0x00
    ShNdx: SHN_EXT 4
    Value: 0x0000fbe4
    Size:  0x00000000
  - Name:  0x000008fd
    Info:  0x10
    Other: 0x00
    ShNdx: SHN_EXT 6
    Value: 0x0000fc24
    Size:  0x00000000
  - Name:  0x00000902
    Info:  0x12
    Other: 0x00
    ShNdx: SHN_EXT 1
    Value: 0x000090dc
    Size:  0x00000164
  - Name:  0x0000090b
    Info:  0x12
    Other: 0x00
    ShNdx: SHN_EXT 1
    Value: 0x0000772c
    Size:  0x00000080
  - Name:  0x00000914
    Info:  0x11
    Other: 0x00
    ShNdx: SHN_EXT 4
    Value: 0x0000fbe0
    Size:  0x00000004
  - Name:  0x00000987
    Info:  0x12
    Other: 0x00
    ShNdx: SHN_EXT 1
    Value: 0x00001090
    Size:  0x00000034
  - Name:  0x0000092c
    Info:  0x12
    Other: 0x00
    ShNdx: SHN_EXT 1
    Value: 0x000090a4
    Size:  0x00000038
  - Name:  0x00000935
    Info:  0x12
    Other: 0x00
    ShNdx: SHN_EXT 1
    Value: 0x0000a148
    Size:  0x00000004
  - Name:  0x00000942
    Info:  0x12
    Other: 0x00
    ShNdx: SHN_EXT 1
    Value: 0x00005898
    Size:  0x000000a8
  - Name:  0x0000094f
    Info:  0x12
    Other: 0x00
    ShNdx: SHN_EXT 1
    Value: 0x00006fa4
    Size:  0x0000022c
  - Name:  0x00000957
    Info:  0x12
    Other: 0x02
    ShNdx: SHN_EXT 1
    Value: 0x0000b238
    Size:  0x00000074
  - Name:  0x00000960
    Info:  0x12
    Other: 0x00
    ShNdx: SHN_EXT 1
    Value: 0x000053b4
    Size:  0x00000004
  - Name:  0x00000973
    Info:  0x11
    Other: 0x00
    ShNdx: SHN_EXT 2
    Value: 0x0000deb8
    Size:  0x00000101
  - Name:  0x0000097b
    Info:  0x12
    Other: 0x02
    ShNdx: SHN_EXT 1
    Value: 0x0000d748
    Size:  0x00000054
  - Name:  0x00000986
    Info:  0x12
    Other: 0x00
    ShNdx: SHN_EXT 1
    Value: 0x0000da74
    Size:  0x0000001c
  - Name:  0x0000098c
    Info:  0x12
    Other: 0x00
    ShNdx: SHN_EXT 1
    Value: 0x000059f8
    Size:  0x00000140
  - Name:  0x00000999
    Info:  0x12
    Other: 0x00
    ShNdx: SHN_EXT 1
    Value: 0x00007810
    Size:  0x00000098
  - Name:  0x000009a0
    Info:  0x12
    Other: 0x00
    ShNdx: SHN_EXT 1
    Value: 0x0000a428
    Size:  0x00000014
  - Name:  0x000009af
    Info:  0x12
    Other: 0x02
    ShNdx: SHN_EXT 1
    Value: 0x0000c5c4
    Size:  0x000000f0
  - Name:  0x000009b7
    Info:  0x12
    Other: 0x00
    ShNdx: SHN_EXT 1
    Value: 0x00008eb4
    Size:  0x00000014
  - Name:  0x000009c0
    Info:  0x12
    Other: 0x00
    ShNdx: SHN_EXT 1
    Value: 0x0000799c
    Size:  0x00000018
  - Name:  0x000009cb
    Info:  0x12
    Other: 0x00
    ShNdx: SHN_EXT 1
    Value: 0x00003270
    Size:  0x0000001c
  - Name:  0x000009df
    Info:  0x12
    Other: 0x00
    ShNdx: SHN_EXT 1
    Value: 0x0000a3a0
    Size:  0x0000000c
  - Name:  0x000009e9
    Info:  0x12
    Other: 0x02
    ShNdx: SHN_EXT 1
    Value: 0x0000ce14
    Size:  0x00000934
  - Name:  0x000009f2
    Info:  0x12
    Other: 0x00
    ShNdx: SHN_EXT 1
    Value: 0x00006978
    Size:  0x000000b0
  - Name:  0x000009fc
    Info:  0x12
    Other: 0x00
    ShNdx: SHN_EXT 1
    Value: 0x0000a680
    Size:  0x00000010
  - Name:  0x00000a07
    Info:  0x12
    Other: 0x00
    ShNdx: SHN_EXT 1
    Value: 0x0000a318
    Size:  0x00000088
  - Name:  0x000007fd
    Info:  0x12
    Other: 0x00
    ShNdx: SHN_EXT 1
    Value: 0x0000da18
    Size:  0x00000014
  - Name:  0x00000a0f
    Info:  0x11
    Other: 0x00
    ShNdx: SHN_EXT 3
    Value: 0x0000fa68
    Size:  0x0000016c
  - Name:  0x00000904
    Info:  0x12
    Other: 0x00
    ShNdx: SHN_EXT 1
    Value: 0x00009264
    Size:  0x00000078
  - Name:  0x00000a1f
    Info:  0x12
    Other: 0x00
    ShNdx: SHN_EXT 1
    Value: 0x0000a63c
    Size:  0x00000010
  - Name:  0x00000a25
    Info:  0x12
    Other: 0x00
    ShNdx: SHN_EXT 1
    Value: 0x000053b8
    Size:  0x00000004
  - Name:  0x00000a3a
    Info:  0x12
    Other: 0x00
    ShNdx: SHN_EXT 1
    Value: 0x000066a4
    Size:  0x00000138
  - Name:  0x00000a44
    Info:  0x12
    Other: 0x00
    ShNdx: SHN_EXT 1
    Value: 0x00006680
    Size:  0x00000024