Class:     ELFCLASS32
Data:      ELFDATA2LSB
Version:   1
OSABI:     ELFOSABI_SYSV
ABIVersion: 0
Type:      ET_EXEC
Machine:   EM_386
Entry:     0x8048610
Sections:  - Name:      ""
             Type:      SHT_NULL
             Flags:     
             Addr:      0x0
             Size:      0
             Link:      0
             Info:      0
             AddrAlign: 0
             EntSize:   0
             Data:      
           - Name:      ".interp"
             Type:      SHT_PROGBITS
             Flags:     - SHF_ALLOC
             Addr:      0x8048154
             Size:      19
             Link:      0
             Info:      0
             AddrAlign: 1
             EntSize:   0
             Data:      2f 6c 69 62 2f 6c 64 2d 6c 69 6e 75 78 2e 73 6f # /lib/ld-linux.so
                        2e 32 00                                        # .2.
           - Name:      ".note.ABI-tag"
             Type:      SHT_NOTE
             Flags:     - SHF_ALLOC
             Addr:      0x8048168
             Size:      32
             Link:      0
             Info:      0
             AddrAlign: 4
             EntSize:   0
             Data:      04 00 00 00 10 00 00 00 01 00 00 00 47 4e 55 00 # ............GNU.
                        00 00 00 00 02 00 00 00 06 00 00 00 20 00 00 00 # ............ ...
           - Name:      ".note.gnu.build-id"
             Type:      SHT_NOTE
             Flags:     - SHF_ALLOC
             Addr:      0x8048188
             Size:      36
             Link:      0
             Info:      0
             AddrAlign: 4
             EntSize:   0
             Data:      04 00 00 00 14 00 00 00 03 00 00 00 47 4e 55 00 # ............GNU.
                        58 e3 4f e8 bc 03 f9 db 4b 07 fa e5 03 1e fd d0 # X.O.....K.......
                        88 97 6f 88                                     # ..o.
           - Name:      ".gnu.hash"
             Type:      SHT_EXT 1879048182
             Flags:     - SHF_ALLOC
             Addr:      0x80481ac
             Size:      48
             Link:      5
             Info:      0
             AddrAlign: 4
             EntSize:   4
             Data:      03 00 00 00 0a 00 00 00 01 00 00 00 05 00 00 00 # ................
                        01 23 10 20 00 00 00 00 0a 00 00 00 0c 00 00 00 # .#. ............
                        ac 4b e3 c0 21 fd f4 09 28 45 d5 4c 15 98 0c 43 # .K..!...(E.L...C
           - Name:      ".dynsym"
             Type:      SHT_DYNSYM
             Flags:     - SHF_ALLOC
             Addr:      0x80481dc
             Size:      224
             Link:      6
             Info:      1
             AddrAlign: 4
             EntSize:   16
             Data:      00 00 00 00 00 00 00 00 00 00 00 00 00 00 00 00 # ................
                        58 01 00 00 00 00 00 00 00 00 00 00 12 00 00 00 # X...............
                        10 00 00 00 00 00 00 00 00 00 00 00 20 00 00 00 # ............ ...
                        1f 00 00 00 00 00 00 00 00 00 00 00 20 00 00 00 # ............ ...
                        0f 01 00 00 00 00 00 00 00 00 00 00 12 00 00 00 # ................
                        65 01 00 00 00 00 00 00 00 00 00 00 12 00 00 00 # e...............
                        33 00 00 00 00 00 00 00 00 00 00 00 20 00 00 00 # 3........... ...
                        69 00 00 00 00 00 00 00 00 00 00 00 12 00 00 00 # i...............
                        4f 00 00 00 00 00 00 00 00 00 00 00 20 00 00 00 # O........... ...
                        ab 00 00 00 00 00 00 00 00 00 00 00 12 00 00 00 # ................
                        49 01 00 00 ec 87 04 08 04 00 00 00 11 00 10 00 # I...............
                        bc 00 00 00 a0 85 04 08 00 00 00 00 12 00 00 00 # ................
                        f7 00 00 00 70 85 04 08 00 00 00 00 12 00 00 00 # ....p...........
                        a1 00 00 00 40 a0 04 08 8c 00 00 00 11 00 1a 00 # ....@...........
             Symbols:   - NameIndex: 0x0
                          Name:      ""
                          Type:      STT_NoType
                          Binding:   STBLocal
                          Other:     0x0
                          SectionIndex: SHNUndef
                          Value:     0x0
                          Size:      0x0
                        - NameIndex: 0x158
                          Name:      "__cxa_atexit"
                          Type:      STT_Func
                          Binding:   STBGlobal
                          Other:     0x0
                          SectionIndex: SHNUndef
                          Value:     0x0
                          Size:      0x0
                        - NameIndex: 0x10
                          Name:      "__gmon_start__"
                          Type:      STT_NoType
                          Binding:   STBWeak
                          Other:     0x0
                          SectionIndex: SHNUndef
                          Value:     0x0
                          Size:      0x0
                        - NameIndex: 0x1f
                          Name:      "_Jv_RegisterClasses"
                          Type:      STT_NoType
                          Binding:   STBWeak
                          Other:     0x0
                          SectionIndex: SHNUndef
                          Value:     0x0
                          Size:      0x0
                        - NameIndex: 0x10f
                          Name:      "_ZNSt8ios_base4InitC1Ev"
                          Type:      STT_Func
                          Binding:   STBGlobal
                          Other:     0x0
                          SectionIndex: SHNUndef
                          Value:     0x0
                          Size:      0x0
                        - NameIndex: 0x165
                          Name:      "__libc_start_main"
                          Type:      STT_Func
                          Binding:   STBGlobal
                          Other:     0x0
                          SectionIndex: SHNUndef
                          Value:     0x0
                          Size:      0x0
                        - NameIndex: 0x33
                          Name:      "_ITM_deregisterTMCloneTable"
                          Type:      STT_NoType
                          Binding:   STBWeak
                          Other:     0x0
                          SectionIndex: SHNUndef
                          Value:     0x0
                          Size:      0x0
                        - NameIndex: 0x69
                          Name:      "_ZStlsISt11char_traitsIcEERSt13basic_ostreamIcT_ES5_PKc"
                          Type:      STT_Func
                          Binding:   STBGlobal
                          Other:     0x0
                          SectionIndex: SHNUndef
                          Value:     0x0
                          Size:      0x0
                        - NameIndex: 0x4f
                          Name:      "_ITM_registerTMCloneTable"
                          Type:      STT_NoType
                          Binding:   STBWeak
                          Other:     0x0
                          SectionIndex: SHNUndef
                          Value:     0x0
                          Size:      0x0
                        - NameIndex: 0xab
                          Name:      "_ZNSolsEPFRSoS_E"
                          Type:      STT_Func
                          Binding:   STBGlobal
                          Other:     0x0
                          SectionIndex: SHNUndef
                          Value:     0x0
                          Size:      0x0
                        - NameIndex: 0x149
                          Name:      "_IO_stdin_used"
                          Type:      STT_Object
                          Binding:   STBGlobal
                          Other:     0x0
                          SectionIndex: SHNIndex 16
                          Value:     0x80487ec
                          Size:      0x4
                        - NameIndex: 0xbc
                          Name:      "_ZSt4endlIcSt11char_traitsIcEERSt13basic_ostreamIT_T0_ES6_"
                          Type:      STT_Func
                          Binding:   STBGlobal
                          Other:     0x0
                          SectionIndex: SHNUndef
                          Value:     0x80485a0
                          Size:      0x0
                        - NameIndex: 0xf7
                          Name:      "_ZNSt8ios_base4InitD1Ev"
                          Type:      STT_Func
                          Binding:   STBGlobal
                          Other:     0x0
                          SectionIndex: SHNUndef
                          Value:     0x8048570
                          Size:      0x0
                        - NameIndex: 0xa1
                          Name:      "_ZSt4cout"
                          Type:      STT_Object
                          Binding:   STBGlobal
                          Other:     0x0
                          SectionIndex: SHNIndex 26
                          Value:     0x804a040
                          Size:      0x8c
           - Name:      ".dynstr"
             Type:      SHT_STRTAB
             Flags:     - SHF_ALLOC
             Addr:      0x80482bc
             Size:      409
             Link:      0
             Info:      0
             AddrAlign: 1
             EntSize:   0
             Data:      00 6c 69 62 73 74 64 63 2b 2b 2e 73 6f 2e 36 00 # .libstdc++.so.6.
                        5f 5f 67 6d 6f 6e 5f 73 74 61 72 74 5f 5f 00 5f # __gmon_start__._
                        4a 76 5f 52 65 67 69 73 74 65 72 43 6c 61 73 73 # Jv_RegisterClass
                        65 73 00 5f 49 54 4d 5f 64 65 72 65 67 69 73 74 # es._ITM_deregist
                        65 72 54 4d 43 6c 6f 6e 65 54 61 62 6c 65 00 5f # erTMCloneTable._
                        49 54 4d 5f 72 65 67 69 73 74 65 72 54 4d 43 6c # ITM_registerTMCl
                        6f 6e 65 54 61 62 6c 65 00 5f 5a 53 74 6c 73 49 # oneTable._ZStlsI
                        53 74 31 31 63 68 61 72 5f 74 72 61 69 74 73 49 # St11char_traitsI
                        63 45 45 52 53 74 31 33 62 61 73 69 63 5f 6f 73 # cEERSt13basic_os
                        74 72 65 61 6d 49 63 54 5f 45 53 35 5f 50 4b 63 # treamIcT_ES5_PKc
                        00 5f 5a 53 74 34 63 6f 75 74 00 5f 5a 4e 53 6f # ._ZSt4cout._ZNSo
                        6c 73 45 50 46 52 53 6f 53 5f 45 00 5f 5a 53 74 # lsEPFRSoS_E._ZSt
                        34 65 6e 64 6c 49 63 53 74 31 31 63 68 61 72 5f # 4endlIcSt11char_
                        74 72 61 69 74 73 49 63 45 45 52 53 74 31 33 62 # traitsIcEERSt13b
                        61 73 69 63 5f 6f 73 74 72 65 61 6d 49 54 5f 54 # asic_ostreamIT_T
                        30 5f 45 53 36 5f 00 5f 5a 4e 53 74 38 69 6f 73 # 0_ES6_._ZNSt8ios
                        5f 62 61 73 65 34 49 6e 69 74 44 31 45 76 00 5f # _base4InitD1Ev._
                        5a 4e 53 74 38 69 6f 73 5f 62 61 73 65 34 49 6e # ZNSt8ios_base4In
                        69 74 43 31 45 76 00 6c 69 62 6d 2e 73 6f 2e 36 # itC1Ev.libm.so.6
                        00 6c 69 62 67 63 63 5f 73 2e 73 6f 2e 31 00 6c # .libgcc_s.so.1.l
                        69 62 63 2e 73 6f 2e 36 00 5f 49 4f 5f 73 74 64 # ibc.so.6._IO_std
                        69 6e 5f 75 73 65 64 00 5f 5f 63 78 61 5f 61 74 # in_used.__cxa_at
                        65 78 69 74 00 5f 5f 6c 69 62 63 5f 73 74 61 72 # exit.__libc_star
                        74 5f 6d 61 69 6e 00 47 4c 49 42 43 58 58 5f 33 # t_main.GLIBCXX_3
                        2e 34 00 47 4c 49 42 43 5f 32 2e 30 00 47 4c 49 # .4.GLIBC_2.0.GLI
                        42 43 5f 32 2e 31 2e 33 00                      # BC_2.1.3.
           - Name:      ".gnu.version"
             Type:      SHT_EXT 1879048191
             Flags:     - SHF_ALLOC
             Addr:      0x8048456
             Size:      28
             Link:      5
             Info:      0
             AddrAlign: 2
             EntSize:   2
             Data:      00 00 02 00 00 00 00 00 03 00 04 00 00 00 03 00 # ................
                        00 00 03 00 01 00 03 00 03 00 03 00             # ............
           - Name:      ".gnu.version_r"
             Type:      SHT_EXT 1879048190
             Flags:     - SHF_ALLOC
             Addr:      0x8048474
             Size:      80
             Link:      6
             Info:      2
             AddrAlign: 4
             EntSize:   0
             Data:      01 00 01 00 01 00 00 00 10 00 00 00 20 00 00 00 # ............ ...
                        74 29 92 08 00 00 03 00 77 01 00 00 00 00 00 00 # t)......w.......
                        01 00 02 00 3f 01 00 00 10 00 00 00 00 00 00 00 # ....?...........
                        10 69 69 0d 00 00 04 00 83 01 00 00 10 00 00 00 # .ii.............
                        73 1f 69 09 00 00 02 00 8d 01 00 00 00 00 00 00 # s.i.............
           - Name:      ".rel.dyn"
             Type:      SHT_REL
             Flags:     - SHF_ALLOC
             Addr:      0x80484c4
             Size:      16
             Link:      5
             Info:      0
             AddrAlign: 4
             EntSize:   8
             Data:      fc 9f 04 08 06 02 00 00 40 a0 04 08 05 0d 00 00 # ........@.......
           - Name:      ".rel.plt"
             Type:      SHT_REL
             Flags:     - SHF_ALLOC
                        - SHF_EXT 64
             Addr:      0x80484d4
             Size:      56
             Link:      5
             Info:      24
             AddrAlign: 4
             EntSize:   8
             Data:      0c a0 04 08 07 01 00 00 10 a0 04 08 07 04 00 00 # ................
                        14 a0 04 08 07 05 00 00 18 a0 04 08 07 0c 00 00 # ................
                        1c a0 04 08 07 07 00 00 20 a0 04 08 07 09 00 00 # ........ .......
                        24 a0 04 08 07 0b 00 00                         # $.......
           - Name:      ".init"
             Type:      SHT_PROGBITS
             Flags:     - SHF_ALLOC
                        - SHF_EXECINSTR
             Addr:      0x804850c
             Size:      35
             Link:      0
             Info:      0
             AddrAlign: 4
             EntSize:   0
             Data:      53 83 ec 08 e8 2b 01 00 00 81 c3 eb 1a 00 00 8b # S....+..........
                        83 fc ff ff ff 85 c0 74 05 e8 86 00 00 00 83 c4 # .......t........
                        08 5b c3                                        # .[.
           - Name:      ".plt"
             Type:      SHT_PROGBITS
             Flags:     - SHF_ALLOC
                        - SHF_EXECINSTR
             Addr:      0x8048530
             Size:      128
             Link:      0
             Info:      0
             AddrAlign: 16
             EntSize:   4
             Data:      ff 35 04 a0 04 08 ff 25 08 a0 04 08 00 00 00 00 # .5.....%........
                        ff 25 0c a0 04 08 68 00 00 00 00 e9 e0 ff ff ff # .%....h.........
                        ff 25 10 a0 04 08 68 08 00 00 00 e9 d0 ff ff ff # .%....h.........
                        ff 25 14 a0 04 08 68 10 00 00 00 e9 c0 ff ff ff # .%....h.........
                        ff 25 18 a0 04 08 68 18 00 00 00 e9 b0 ff ff ff # .%....h.........
                        ff 25 1c a0 04 08 68 20 00 00 00 e9 a0 ff ff ff # .%....h ........
                        ff 25 20 a0 04 08 68 28 00 00 00 e9 90 ff ff ff # .% ...h(........
                        ff 25 24 a0 04 08 68 30 00 00 00 e9 80 ff ff ff # .%$...h0........
           - Name:      ".plt.got"
             Type:      SHT_PROGBITS
             Flags:     - SHF_ALLOC
                        - SHF_EXECINSTR
             Addr:      0x80485b0
             Size:      8
             Link:      0
             Info:      0
             AddrAlign: 8
             EntSize:   0
             Data:      ff 25 fc 9f 04 08 66 90                         # .%....f.
           - Name:      ".text"
             Type:      SHT_PROGBITS
             Flags:     - SHF_ALLOC
                        - SHF_EXECINSTR
             Addr:      0x80485c0
             Size:      530
             Link:      0
             Info:      0
             AddrAlign: 16
             EntSize:   0
             Data:      55 89 e5 83 ec 18 8d 05 cd a0 04 08 89 04 24 e8 # U.............$.
                        7c ff ff ff 8d 05 70 85 04 08 8d 0d cd a0 04 08 # |.....p.........
                        8d 15 f0 87 04 08 89 04 24 89 4c 24 04 89 54 24 # ........$.L$..T$
                        08 e8 4a ff ff ff 89 45 fc 83 c4 18 5d c3 66 90 # ..J....E....].f.
                        55 89 e5 83 ec 08 e8 b5 ff ff ff 83 c4 08 5d c3 # U.............].
                        31 ed 5e 89 e1 83 e4 f0 50 54 52 68 d0 87 04 08 # 1.^.....PTRh....
                        68 70 87 04 08 51 56 68 10 87 04 08 e8 2f ff ff # hp...QVh...../..
                        ff f4 66 90 66 90 66 90 66 90 66 90 66 90 66 90 # ..f.f.f.f.f.f.f.
                        8b 1c 24 c3 66 90 66 90 66 90 66 90 66 90 66 90 # ..$.f.f.f.f.f.f.
                        b8 2f a0 04 08 2d 2c a0 04 08 83 f8 06 76 1a b8 # ./...-,......v..
                        00 00 00 00 85 c0 74 11 55 89 e5 83 ec 14 68 2c # ......t.U.....h,
                        a0 04 08 ff d0 83 c4 10 c9 f3 c3 90 8d 74 26 00 # .............t&.
                        b8 2c a0 04 08 2d 2c a0 04 08 c1 f8 02 89 c2 c1 # .,...-,.........
                        ea 1f 01 d0 d1 f8 74 1b ba 00 00 00 00 85 d2 74 # ......t........t
                        12 55 89 e5 83 ec 10 50 68 2c a0 04 08 ff d2 83 # .U.....Ph,......
                        c4 10 c9 f3 c3 8d 74 26 00 8d bc 27 00 00 00 00 # ......t&...'....
                        80 3d cc a0 04 08 00 75 13 55 89 e5 83 ec 08 e8 # .=.....u.U......
                        7c ff ff ff c6 05 cc a0 04 08 01 c9 f3 c3 66 90 # |.............f.
                        b8 f8 9e 04 08 8b 10 85 d2 75 05 eb 93 8d 76 00 # .........u....v.
                        ba 00 00 00 00 85 d2 74 f2 55 89 e5 83 ec 14 50 # .......t.U.....P
                        ff d2 83 c4 10 c9 e9 75 ff ff ff 66 90 66 90 90 # .......u...f.f..
                        55 89 e5 56 83 ec 24 8b 45 0c 8b 4d 08 8d 15 40 # U..V..$.E..M...@
                        a0 04 08 8d 35 f4 87 04 08 c7 45 f8 00 00 00 00 # ....5.....E.....
                        89 4d f4 89 45 f0 89 14 24 89 74 24 04 e8 3e fe # .M..E...$.t$..>.
                        ff ff 8d 0d a0 85 04 08 89 04 24 89 4c 24 04 e8 # ..........$.L$..
                        3c fe ff ff 31 c9 89 45 ec 89 c8 83 c4 24 5e 5d # <...1..E.....$^]
                        c3 66 90 66 90 66 90 66 90 66 90 66 90 66 90 90 # .f.f.f.f.f.f.f..
                        55 57 56 53 e8 c7 fe ff ff 81 c3 87 18 00 00 83 # UWVS............
                        ec 0c 8b 6c 24 20 8d b3 f4 fe ff ff e8 7b fd ff # ...l$ .......{..
                        ff 8d 83 ec fe ff ff 29 c6 c1 fe 02 85 f6 74 25 # .......)......t%
                        31 ff 8d b6 00 00 00 00 83 ec 04 ff 74 24 2c ff # 1...........t$,.
                        74 24 2c 55 ff 94 bb ec fe ff ff 83 c7 01 83 c4 # t$,U............
                        10 39 fe 75 e3 83 c4 0c 5b 5e 5f 5d c3 8d 76 00 # .9.u....[^_]..v.
                        f3 c3                                           # ..
           - Name:      ".fini"
             Type:      SHT_PROGBITS
             Flags:     - SHF_ALLOC
                        - SHF_EXECINSTR
             Addr:      0x80487d4
             Size:      20
             Link:      0
             Info:      0
             AddrAlign: 4
             EntSize:   0
             Data:      53 83 ec 08 e8 63 fe ff ff 81 c3 23 18 00 00 83 # S....c.....#....
                        c4 08 5b c3                                     # ..[.
           - Name:      ".rodata"
             Type:      SHT_PROGBITS
             Flags:     - SHF_ALLOC
             Addr:      0x80487e8
             Size:      25
             Link:      0
             Info:      0
             AddrAlign: 4
             EntSize:   0
             Data:      03 00 00 00 01 00 02 00 00 00 00 00 48 65 6c 6c # ............Hell
                        6f 20 77 6f 72 6c 64 21 00                      # o world!.
           - Name:      ".eh_frame_hdr"
             Type:      SHT_PROGBITS
             Flags:     - SHF_ALLOC
             Addr:      0x8048804
             Size:      60
             Link:      0
             Info:      0
             AddrAlign: 4
             EntSize:   0
             Data:      01 1b 03 3b 38 00 00 00 06 00 00 00 2c fd ff ff # ...;8.......,...
                        54 00 00 00 bc fd ff ff 78 00 00 00 fc fd ff ff # T.......x.......
                        b0 00 00 00 0c ff ff ff 94 00 00 00 6c ff ff ff # ............l...
                        cc 00 00 00 cc ff ff ff 18 01 00 00             # ............
           - Name:      ".eh_frame"
             Type:      SHT_PROGBITS
             Flags:     - SHF_ALLOC
             Addr:      0x8048840
             Size:      244
             Link:      0
             Info:      0
             AddrAlign: 4
             EntSize:   0
             Data:      14 00 00 00 00 00 00 00 01 7a 52 00 01 7c 08 01 # .........zR..|..
                        1b 0c 04 04 88 01 00 00 20 00 00 00 1c 00 00 00 # ........ .......
                        d0 fc ff ff 80 00 00 00 00 0e 08 46 0e 0c 4a 0f # ...........F..J.
                        0b 74 04 78 00 3f 1a 3b 2a 32 24 22 18 00 00 00 # .t.x.?.;*2$"....
                        40 00 00 00 3c fd ff ff 3e 00 00 00 00 41 0e 08 # @...<...>....A..
                        85 02 42 0d 05 00 00 00 18 00 00 00 5c 00 00 00 # ..B.........\...
                        70 fe ff ff 51 00 00 00 00 41 0e 08 85 02 42 0d # p...Q....A....B.
                        05 44 86 03 18 00 00 00 78 00 00 00 44 fd ff ff # .D......x...D...
                        10 00 00 00 00 41 0e 08 85 02 42 0d 05 00 00 00 # .....A....B.....
                        48 00 00 00 94 00 00 00 98 fe ff ff 5d 00 00 00 # H...........]...
                        00 41 0e 08 85 02 41 0e 0c 87 03 41 0e 10 86 04 # .A....A....A....
                        41 0e 14 83 05 4e 0e 20 69 0e 24 44 0e 28 44 0e # A....N. i.$D.(D.
                        2c 41 0e 30 4d 0e 20 47 0e 14 41 c3 0e 10 41 c6 # ,A.0M. G..A...A.
                        0e 0c 41 c7 0e 08 41 c5 0e 04 00 00 10 00 00 00 # ..A...A.........
                        e0 00 00 00 ac fe ff ff 02 00 00 00 00 00 00 00 # ................
                        00 00 00 00                                     # ....
           - Name:      ".init_array"
             Type:      SHT_EXT 14
             Flags:     - SHF_WRITE
                        - SHF_ALLOC
             Addr:      0x8049eec
             Size:      8
             Link:      0
             Info:      0
             AddrAlign: 4
             EntSize:   0
             Data:      e0 86 04 08 00 86 04 08                         # ........
           - Name:      ".fini_array"
             Type:      SHT_EXT 15
             Flags:     - SHF_WRITE
                        - SHF_ALLOC
             Addr:      0x8049ef4
             Size:      4
             Link:      0
             Info:      0
             AddrAlign: 4
             EntSize:   0
             Data:      c0 86 04 08                                     # ....
           - Name:      ".jcr"
             Type:      SHT_PROGBITS
             Flags:     - SHF_WRITE
                        - SHF_ALLOC
             Addr:      0x8049ef8
             Size:      4
             Link:      0
             Info:      0
             AddrAlign: 4
             EntSize:   0
             Data:      00 00 00 00                                     # ....
           - Name:      ".dynamic"
             Type:      SHT_DYNAMIC
             Flags:     - SHF_WRITE
                        - SHF_ALLOC
             Addr:      0x8049efc
             Size:      256
             Link:      6
             Info:      0
             AddrAlign: 4
             EntSize:   8
             Data:      01 00 00 00 01 00 00 00 01 00 00 00 27 01 00 00 # ............'...
                        01 00 00 00 31 01 00 00 01 00 00 00 3f 01 00 00 # ....1.......?...
                        0c 00 00 00 0c 85 04 08 0d 00 00 00 d4 87 04 08 # ................
                        19 00 00 00 ec 9e 04 08 1b 00 00 00 08 00 00 00 # ................
                        1a 00 00 00 f4 9e 04 08 1c 00 00 00 04 00 00 00 # ................
                        f5 fe ff 6f ac 81 04 08 05 00 00 00 bc 82 04 08 # ...o............
                        06 00 00 00 dc 81 04 08 0a 00 00 00 99 01 00 00 # ................
                        0b 00 00 00 10 00 00 00 15 00 00 00 00 00 00 00 # ................
                        03 00 00 00 00 a0 04 08 02 00 00 00 38 00 00 00 # ............8...
                        14 00 00 00 11 00 00 00 17 00 00 00 d4 84 04 08 # ................
                        11 00 00 00 c4 84 04 08 12 00 00 00 10 00 00 00 # ................
                        13 00 00 00 08 00 00 00 fe ff ff 6f 74 84 04 08 # ...........ot...
                        ff ff ff 6f 02 00 00 00 f0 ff ff 6f 56 84 04 08 # ...o.......oV...
                        00 00 00 00 00 00 00 00 00 00 00 00 00 00 00 00 # ................
                        00 00 00 00 00 00 00 00 00 00 00 00 00 00 00 00 # ................
                        00 00 00 00 00 00 00 00 00 00 00 00 00 00 00 00 # ................
           - Name:      ".got"
             Type:      SHT_PROGBITS
             Flags:     - SHF_WRITE
                        - SHF_ALLOC
             Addr:      0x8049ffc
             Size:      4
             Link:      0
             Info:      0
             AddrAlign: 4
             EntSize:   4
             Data:      00 00 00 00                                     # ....
           - Name:      ".got.plt"
             Type:      SHT_PROGBITS
             Flags:     - SHF_WRITE
                        - SHF_ALLOC
             Addr:      0x804a000
             Size:      40
             Link:      0
             Info:      0
             AddrAlign: 4
             EntSize:   4
             Data:      fc 9e 04 08 00 00 00 00 00 00 00 00 46 85 04 08 # ............F...
                        56 85 04 08 66 85 04 08 76 85 04 08 86 85 04 08 # V...f...v.......
                        96 85 04 08 a6 85 04 08                         # ........
           - Name:      ".data"
             Type:      SHT_PROGBITS
             Flags:     - SHF_WRITE
                        - SHF_ALLOC
             Addr:      0x804a028
             Size:      4
             Link:      0
             Info:      0
             AddrAlign: 1
             EntSize:   0
             Data:      00 00 00 00                                     # ....
           - Name:      ".bss"
             Type:      SHT_NOBITS
             Flags:     - SHF_WRITE
                        - SHF_ALLOC
             Addr:      0x804a040
             Size:      144
             Link:      0
             Info:      0
             AddrAlign: 32
             EntSize:   0
             Data:      47 43 43 3a 20 28 47 4e 55 29 20 36 2e 33 2e 31 # GCC: (GNU) 6.3.1
                        20 32 30 31 36 31 32 32 31 20 28 52 65 64 20 48 #  20161221 (Red H
                        61 74 20 36 2e 33 2e 31 2d 31 29 00 63 6c 61 6e # at 6.3.1-1).clan
                        67 20 76 65 72 73 69 6f 6e 20 33 2e 38 2e 31 20 # g version 3.8.1 
                        28 74 61 67 73 2f 52 45 4c 45 41 53 45 5f 33 38 # (tags/RELEASE_38
                        31 2f 66 69 6e 61 6c 29 00 00 00 00 00 00 00 00 # 1/final)........
                        00 00 00 00 00 00 00 00 00 00 00 00 00 00 00 00 # ................
                        54 81 04 08 00 00 00 00 03 00 01 00 00 00 00 00 # T...............
                        68 81 04 08 00 00 00 00 03 00 02 00 00 00 00 00 # h...............
           - Name:      ".comment"
             Type:      SHT_PROGBITS
             Flags:     - SHF_EXT 16
                        - SHF_EXT 32
             Addr:      0x0
             Size:      89
             Link:      0
             Info:      0
             AddrAlign: 1
             EntSize:   1
             Data:      47 43 43 3a 20 28 47 4e 55 29 20 36 2e 33 2e 31 # GCC: (GNU) 6.3.1
                        20 32 30 31 36 31 32 32 31 20 28 52 65 64 20 48 #  20161221 (Red H
                        61 74 20 36 2e 33 2e 31 2d 31 29 00 63 6c 61 6e # at 6.3.1-1).clan
                        67 20 76 65 72 73 69 6f 6e 20 33 2e 38 2e 31 20 # g version 3.8.1 
                        28 74 61 67 73 2f 52 45 4c 45 41 53 45 5f 33 38 # (tags/RELEASE_38
                        31 2f 66 69 6e 61 6c 29 00                      # 1/final).
           - Name:      ".shstrtab"
             Type:      SHT_STRTAB
             Flags:     
             Addr:      0x0
             Size:      266
             Link:      0
             Info:      0
             AddrAlign: 1
             EntSize:   0
             Data:      00 2e 73 79 6d 74 61 62 00 2e 73 74 72 74 61 62 # ..symtab..strtab
                        00 2e 73 68 73 74 72 74 61 62 00 2e 69 6e 74 65 # ..shstrtab..inte
                        72 70 00 2e 6e 6f 74 65 2e 41 42 49 2d 74 61 67 # rp..note.ABI-tag
                        00 2e 6e 6f 74 65 2e 67 6e 75 2e 62 75 69 6c 64 # ..note.gnu.build
                        2d 69 64 00 2e 67 6e 75 2e 68 61 73 68 00 2e 64 # -id..gnu.hash..d
                        79 6e 73 79 6d 00 2e 64 79 6e 73 74 72 00 2e 67 # ynsym..dynstr..g
                        6e 75 2e 76 65 72 73 69 6f 6e 00 2e 67 6e 75 2e # nu.version..gnu.
                        76 65 72 73 69 6f 6e 5f 72 00 2e 72 65 6c 2e 64 # version_r..rel.d
                        79 6e 00 2e 72 65 6c 2e 70 6c 74 00 2e 69 6e 69 # yn..rel.plt..ini
                        74 00 2e 70 6c 74 2e 67 6f 74 00 2e 74 65 78 74 # t..plt.got..text
                        00 2e 66 69 6e 69 00 2e 72 6f 64 61 74 61 00 2e # ..fini..rodata..
                        65 68 5f 66 72 61 6d 65 5f 68 64 72 00 2e 65 68 # eh_frame_hdr..eh
                        5f 66 72 61 6d 65 00 2e 69 6e 69 74 5f 61 72 72 # _frame..init_arr
                        61 79 00 2e 66 69 6e 69 5f 61 72 72 61 79 00 2e # ay..fini_array..
                        6a 63 72 00 2e 64 79 6e 61 6d 69 63 00 2e 67 6f # jcr..dynamic..go
                        74 2e 70 6c 74 00 2e 64 61 74 61 00 2e 62 73 73 # t.plt..data..bss
                        00 2e 63 6f 6d 6d 65 6e 74 00                   # ..comment.
           - Name:      ".symtab"
             Type:      SHT_SYMTAB
             Flags:     
             Addr:      0x0
             Size:      1248
             Link:      30
             Info:      50
             AddrAlign: 4
             EntSize:   16
             Data:      00 00 00 00 00 00 00 00 00 00 00 00 00 00 00 00 # ................
                        00 00 00 00 54 81 04 08 00 00 00 00 03 00 01 00 # ....T...........
                        00 00 00 00 68 81 04 08 00 00 00 00 03 00 02 00 # ....h...........
                        00 00 00 00 88 81 04 08 00 00 00 00 03 00 03 00 # ................
                        00 00 00 00 ac 81 04 08 00 00 00 00 03 00 04 00 # ................
                        00 00 00 00 dc 81 04 08 00 00 00 00 03 00 05 00 # ................
                        00 00 00 00 bc 82 04 08 00 00 00 00 03 00 06 00 # ................
                        00 00 00 00 56 84 04 08 00 00 00 00 03 00 07 00 # ....V...........
                        00 00 00 00 74 84 04 08 00 00 00 00 03 00 08 00 # ....t...........
                        00 00 00 00 c4 84 04 08 00 00 00 00 03 00 09 00 # ................
                        00 00 00 00 d4 84 04 08 00 00 00 00 03 00 0a 00 # ................
                        00 00 00 00 0c 85 04 08 00 00 00 00 03 00 0b 00 # ................
                        00 00 00 00 30 85 04 08 00 00 00 00 03 00 0c 00 # ....0...........
                        00 00 00 00 b0 85 04 08 00 00 00 00 03 00 0d 00 # ................
                        00 00 00 00 c0 85 04 08 00 00 00 00 03 00 0e 00 # ................
                        00 00 00 00 d4 87 04 08 00 00 00 00 03 00 0f 00 # ................
                        00 00 00 00 e8 87 04 08 00 00 00 00 03 00 10 00 # ................
                        00 00 00 00 04 88 04 08 00 00 00 00 03 00 11 00 # ................
                        00 00 00 00 40 88 04 08 00 00 00 00 03 00 12 00 # ....@...........
                        00 00 00 00 ec 9e 04 08 00 00 00 00 03 00 13 00 # ................
                        00 00 00 00 f4 9e 04 08 00 00 00 00 03 00 14 00 # ................
                        00 00 00 00 f8 9e 04 08 00 00 00 00 03 00 15 00 # ................
                        00 00 00 00 fc 9e 04 08 00 00 00 00 03 00 16 00 # ................
                        00 00 00 00 fc 9f 04 08 00 00 00 00 03 00 17 00 # ................
                        00 00 00 00 00 a0 04 08 00 00 00 00 03 00 18 00 # ................
                        00 00 00 00 28 a0 04 08 00 00 00 00 03 00 19 00 # ....(...........
                        00 00 00 00 40 a0 04 08 00 00 00 00 03 00 1a 00 # ....@...........
                        00 00 00 00 00 00 00 00 00 00 00 00 03 00 1b 00 # ................
                        10 00 00 00 00 00 00 00 00 00 00 00 04 00 f1 ff # ................
                        01 00 00 00 00 86 04 08 10 00 00 00 02 00 0e 00 # ................
                        1c 00 00 00 cd a0 04 08 01 00 00 00 01 00 1a 00 # ................
                        2b 00 00 00 c0 85 04 08 3e 00 00 00 02 00 0e 00 # +.......>.......
                        41 00 00 00 00 00 00 00 00 00 00 00 04 00 f1 ff # A...............
                        4c 00 00 00 f8 9e 04 08 00 00 00 00 01 00 15 00 # L...............
                        59 00 00 00 50 86 04 08 00 00 00 00 02 00 0e 00 # Y...P...........
                        5b 00 00 00 80 86 04 08 00 00 00 00 02 00 0e 00 # [...............
                        6e 00 00 00 c0 86 04 08 00 00 00 00 02 00 0e 00 # n...............
                        84 00 00 00 cc a0 04 08 01 00 00 00 01 00 1a 00 # ................
                        93 00 00 00 f4 9e 04 08 00 00 00 00 01 00 14 00 # ................
                        ba 00 00 00 e0 86 04 08 00 00 00 00 02 00 0e 00 # ................
                        c6 00 00 00 ec 9e 04 08 00 00 00 00 01 00 13 00 # ................
                        41 00 00 00 00 00 00 00 00 00 00 00 04 00 f1 ff # A...............
                        e5 00 00 00 30 89 04 08 00 00 00 00 01 00 12 00 # ....0...........
                        f3 00 00 00 f8 9e 04 08 00 00 00 00 01 00 15 00 # ................
                        00 00 00 00 00 00 00 00 00 00 00 00 04 00 f1 ff # ................
                        ff 00 00 00 04 88 04 08 00 00 00 00 00 00 11 00 # ................
                        12 01 00 00 00 a0 04 08 00 00 00 00 01 00 18 00 # ................
                        28 01 00 00 f4 9e 04 08 00 00 00 00 00 00 13 00 # (...............
                        39 01 00 00 ec 9e 04 08 00 00 00 00 00 00 13 00 # 9...............
                        4c 01 00 00 fc 9e 04 08 00 00 00 00 01 00 16 00 # L...............
                        9c 02 00 00 28 a0 04 08 00 00 00 00 20 00 19 00 # ....(....... ...
                        55 01 00 00 00 00 00 00 00 00 00 00 12 00 00 00 # U...............
                        6f 01 00 00 d0 87 04 08 02 00 00 00 12 00 0e 00 # o...............
                        a0 02 00 00 10 86 04 08 00 00 00 00 12 00 0e 00 # ................
                        7f 01 00 00 00 00 00 00 00 00 00 00 20 00 00 00 # ............ ...
                        8e 01 00 00 00 00 00 00 00 00 00 00 20 00 00 00 # ............ ...
                        a2 01 00 00 e8 87 04 08 04 00 00 00 11 00 10 00 # ................
                        79 01 00 00 d4 87 04 08 00 00 00 00 12 00 0f 00 # y...............
                        a9 01 00 00 00 00 00 00 00 00 00 00 12 00 00 00 # ................
                        ce 01 00 00 00 00 00 00 00 00 00 00 12 00 00 00 # ................
                        eb 01 00 00 70 85 04 08 00 00 00 00 12 00 00 00 # ....p...........
                        10 02 00 00 00 00 00 00 00 00 00 00 20 00 00 00 # ............ ...
                        2c 02 00 00 00 00 00 00 00 00 00 00 12 00 00 00 # ,...............
                        71 02 00 00 ec 87 04 08 04 00 00 00 11 00 10 00 # q...............
                        80 02 00 00 00 00 00 00 00 00 00 00 20 00 00 00 # ............ ...
                        9a 02 00 00 28 a0 04 08 00 00 00 00 10 00 19 00 # ....(...........
                        a7 02 00 00 40 86 04 08 04 00 00 00 12 02 0e 00 # ....@...........
                        bd 02 00 00 2c a0 04 08 00 00 00 00 11 02 19 00 # ....,...........
                        c9 02 00 00 40 a0 04 08 8c 00 00 00 11 00 1a 00 # ....@...........
                        e0 02 00 00 f0 87 04 08 00 00 00 00 11 02 10 00 # ................
                        ed 02 00 00 70 87 04 08 5d 00 00 00 12 00 0e 00 # ....p...].......
                        fd 02 00 00 2c a0 04 08 00 00 00 00 10 00 1a 00 # ....,...........
                        34 01 00 00 d0 a0 04 08 00 00 00 00 10 00 1a 00 # 4...............
                        09 03 00 00 00 00 00 00 00 00 00 00 12 00 00 00 # ................
                        27 03 00 00 a0 85 04 08 00 00 00 00 12 00 00 00 # '...............
                        6f 03 00 00 2c a0 04 08 00 00 00 00 10 00 19 00 # o...,...........
                        76 03 00 00 10 87 04 08 51 00 00 00 12 00 0e 00 # v.......Q.......
                        3b 00 00 00 0c 85 04 08 00 00 00 00 12 00 0b 00 # ;...............
             Symbols:   - NameIndex: 0x0
                          Name:      ""
                          Type:      STT_NoType
                          Binding:   STBLocal
                          Other:     0x0
                          SectionIndex: SHNUndef
                          Value:     0x0
                          Size:      0x0
                        - NameIndex: 0x0
                          Name:      ""
                          Type:      STT_Section
                          Binding:   STBLocal
                          Other:     0x0
                          SectionIndex: SHNIndex 1
                          Value:     0x8048154
                          Size:      0x0
                        - NameIndex: 0x0
                          Name:      ""
                          Type:      STT_Section
                          Binding:   STBLocal
                          Other:     0x0
                          SectionIndex: SHNIndex 2
                          Value:     0x8048168
                          Size:      0x0
                        - NameIndex: 0x0
                          Name:      ""
                          Type:      STT_Section
                          Binding:   STBLocal
                          Other:     0x0
                          SectionIndex: SHNIndex 3
                          Value:     0x8048188
                          Size:      0x0
                        - NameIndex: 0x0
                          Name:      ""
                          Type:      STT_Section
                          Binding:   STBLocal
                          Other:     0x0
                          SectionIndex: SHNIndex 4
                          Value:     0x80481ac
                          Size:      0x0
                        - NameIndex: 0x0
                          Name:      ""
                          Type:      STT_Section
                          Binding:   STBLocal
                          Other:     0x0
                          SectionIndex: SHNIndex 5
                          Value:     0x80481dc
                          Size:      0x0
                        - NameIndex: 0x0
                          Name:      ""
                          Type:      STT_Section
                          Binding:   STBLocal
                          Other:     0x0
                          SectionIndex: SHNIndex 6
                          Value:     0x80482bc
                          Size:      0x0
                        - NameIndex: 0x0
                          Name:      ""
                          Type:      STT_Section
                          Binding:   STBLocal
                          Other:     0x0
                          SectionIndex: SHNIndex 7
                          Value:     0x8048456
                          Size:      0x0
                        - NameIndex: 0x0
                          Name:      ""
                          Type:      STT_Section
                          Binding:   STBLocal
                          Other:     0x0
                          SectionIndex: SHNIndex 8
                          Value:     0x8048474
                          Size:      0x0
                        - NameIndex: 0x0
                          Name:      ""
                          Type:      STT_Section
                          Binding:   STBLocal
                          Other:     0x0
                          SectionIndex: SHNIndex 9
                          Value:     0x80484c4
                          Size:      0x0
                        - NameIndex: 0x0
                          Name:      ""
                          Type:      STT_Section
                          Binding:   STBLocal
                          Other:     0x0
                          SectionIndex: SHNIndex 10
                          Value:     0x80484d4
                          Size:      0x0
                        - NameIndex: 0x0
                          Name:      ""
                          Type:      STT_Section
                          Binding:   STBLocal
                          Other:     0x0
                          SectionIndex: SHNIndex 11
                          Value:     0x804850c
                          Size:      0x0
                        - NameIndex: 0x0
                          Name:      ""
                          Type:      STT_Section
                          Binding:   STBLocal
                          Other:     0x0
                          SectionIndex: SHNIndex 12
                          Value:     0x8048530
                          Size:      0x0
                        - NameIndex: 0x0
                          Name:      ""
                          Type:      STT_Section
                          Binding:   STBLocal
                          Other:     0x0
                          SectionIndex: SHNIndex 13
                          Value:     0x80485b0
                          Size:      0x0
                        - NameIndex: 0x0
                          Name:      ""
                          Type:      STT_Section
                          Binding:   STBLocal
                          Other:     0x0
                          SectionIndex: SHNIndex 14
                          Value:     0x80485c0
                          Size:      0x0
                        - NameIndex: 0x0
                          Name:      ""
                          Type:      STT_Section
                          Binding:   STBLocal
                          Other:     0x0
                          SectionIndex: SHNIndex 15
                          Value:     0x80487d4
                          Size:      0x0
                        - NameIndex: 0x0
                          Name:      ""
                          Type:      STT_Section
                          Binding:   STBLocal
                          Other:     0x0
                          SectionIndex: SHNIndex 16
                          Value:     0x80487e8
                          Size:      0x0
                        - NameIndex: 0x0
                          Name:      ""
                          Type:      STT_Section
                          Binding:   STBLocal
                          Other:     0x0
                          SectionIndex: SHNIndex 17
                          Value:     0x8048804
                          Size:      0x0
                        - NameIndex: 0x0
                          Name:      ""
                          Type:      STT_Section
                          Binding:   STBLocal
                          Other:     0x0
                          SectionIndex: SHNIndex 18
                          Value:     0x8048840
                          Size:      0x0
                        - NameIndex: 0x0
                          Name:      ""
                          Type:      STT_Section
                          Binding:   STBLocal
                          Other:     0x0
                          SectionIndex: SHNIndex 19
                          Value:     0x8049eec
                          Size:      0x0
                        - NameIndex: 0x0
                          Name:      ""
                          Type:      STT_Section
                          Binding:   STBLocal
                          Other:     0x0
                          SectionIndex: SHNIndex 20
                          Value:     0x8049ef4
                          Size:      0x0
                        - NameIndex: 0x0
                          Name:      ""
                          Type:      STT_Section
                          Binding:   STBLocal
                          Other:     0x0
                          SectionIndex: SHNIndex 21
                          Value:     0x8049ef8
                          Size:      0x0
                        - NameIndex: 0x0
                          Name:      ""
                          Type:      STT_Section
                          Binding:   STBLocal
                          Other:     0x0
                          SectionIndex: SHNIndex 22
                          Value:     0x8049efc
                          Size:      0x0
                        - NameIndex: 0x0
                          Name:      ""
                          Type:      STT_Section
                          Binding:   STBLocal
                          Other:     0x0
                          SectionIndex: SHNIndex 23
                          Value:     0x8049ffc
                          Size:      0x0
                        - NameIndex: 0x0
                          Name:      ""
                          Type:      STT_Section
                          Binding:   STBLocal
                          Other:     0x0
                          SectionIndex: SHNIndex 24
                          Value:     0x804a000
                          Size:      0x0
                        - NameIndex: 0x0
                          Name:      ""
                          Type:      STT_Section
                          Binding:   STBLocal
                          Other:     0x0
                          SectionIndex: SHNIndex 25
                          Value:     0x804a028
                          Size:      0x0
                        - NameIndex: 0x0
                          Name:      ""
                          Type:      STT_Section
                          Binding:   STBLocal
                          Other:     0x0
                          SectionIndex: SHNIndex 26
                          Value:     0x804a040
                          Size:      0x0
                        - NameIndex: 0x0
                          Name:      ""
                          Type:      STT_Section
                          Binding:   STBLocal
                          Other:     0x0
                          SectionIndex: SHNIndex 27
                          Value:     0x0
                          Size:      0x0
                        - NameIndex: 0x10
                          Name:      "bloated.cpp"
                          Type:      STT_File
                          Binding:   STBLocal
                          Other:     0x0
                          SectionIndex: SHNAbs
                          Value:     0x0
                          Size:      0x0
                        - NameIndex: 0x1
                          Name:      "_GLOBAL__sub_I_bloated.cpp"
                          Type:      STT_Func
                          Binding:   STBLocal
                          Other:     0x0
                          SectionIndex: SHNIndex 14
                          Value:     0x8048600
                          Size:      0x10
                        - NameIndex: 0x1c
                          Name:      "_ZStL8__ioinit"
                          Type:      STT_Object
                          Binding:   STBLocal
                          Other:     0x0
                          SectionIndex: SHNIndex 26
                          Value:     0x804a0cd
                          Size:      0x1
                        - NameIndex: 0x2b
                          Name:      "__cxx_global_var_init"
                          Type:      STT_Func
                          Binding:   STBLocal
                          Other:     0x0
                          SectionIndex: SHNIndex 14
                          Value:     0x80485c0
                          Size:      0x3e
                        - NameIndex: 0x41
                          Name:      "crtstuff.c"
                          Type:      STT_File
                          Binding:   STBLocal
                          Other:     0x0
                          SectionIndex: SHNAbs
                          Value:     0x0
                          Size:      0x0
                        - NameIndex: 0x4c
                          Name:      "__JCR_LIST__"
                          Type:      STT_Object
                          Binding:   STBLocal
                          Other:     0x0
                          SectionIndex: SHNIndex 21
                          Value:     0x8049ef8
                          Size:      0x0
                        - NameIndex: 0x59
                          Name:      "deregister_tm_clones"
                          Type:      STT_Func
                          Binding:   STBLocal
                          Other:     0x0
                          SectionIndex: SHNIndex 14
                          Value:     0x8048650
                          Size:      0x0
                        - NameIndex: 0x5b
                          Name:      "register_tm_clones"
                          Type:      STT_Func
                          Binding:   STBLocal
                          Other:     0x0
                          SectionIndex: SHNIndex 14
                          Value:     0x8048680
                          Size:      0x0
                        - NameIndex: 0x6e
                          Name:      "__do_global_dtors_aux"
                          Type:      STT_Func
                          Binding:   STBLocal
                          Other:     0x0
                          SectionIndex: SHNIndex 14
                          Value:     0x80486c0
                          Size:      0x0
                        - NameIndex: 0x84
                          Name:      "completed.6554"
                          Type:      STT_Object
                          Binding:   STBLocal
                          Other:     0x0
                          SectionIndex: SHNIndex 26
                          Value:     0x804a0cc
                          Size:      0x1
                        - NameIndex: 0x93
                          Name:      "__do_global_dtors_aux_fini_array_entry"
                          Type:      STT_Object
                          Binding:   STBLocal
                          Other:     0x0
                          SectionIndex: SHNIndex 20
                          Value:     0x8049ef4
                          Size:      0x0
                        - NameIndex: 0xba
                          Name:      "frame_dummy"
                          Type:      STT_Func
                          Binding:   STBLocal
                          Other:     0x0
                          SectionIndex: SHNIndex 14
                          Value:     0x80486e0
                          Size:      0x0
                        - NameIndex: 0xc6
                          Name:      "__frame_dummy_init_array_entry"
                          Type:      STT_Object
                          Binding:   STBLocal
                          Other:     0x0
                          SectionIndex: SHNIndex 19
                          Value:     0x8049eec
                          Size:      0x0
                        - NameIndex: 0x41
                          Name:      "crtstuff.c"
                          Type:      STT_File
                          Binding:   STBLocal
                          Other:     0x0
                          SectionIndex: SHNAbs
                          Value:     0x0
                          Size:      0x0
                        - NameIndex: 0xe5
                          Name:      "__FRAME_END__"
                          Type:      STT_Object
                          Binding:   STBLocal
                          Other:     0x0
                          SectionIndex: SHNIndex 18
                          Value:     0x8048930
                          Size:      0x0
                        - NameIndex: 0xf3
                          Name:      "__JCR_END__"
                          Type:      STT_Object
                          Binding:   STBLocal
                          Other:     0x0
                          SectionIndex: SHNIndex 21
                          Value:     0x8049ef8
                          Size:      0x0
                        - NameIndex: 0x0
                          Name:      ""
                          Type:      STT_File
                          Binding:   STBLocal
                          Other:     0x0
                          SectionIndex: SHNAbs
                          Value:     0x0
                          Size:      0x0
                        - NameIndex: 0xff
                          Name:      "__GNU_EH_FRAME_HDR"
                          Type:      STT_NoType
                          Binding:   STBLocal
                          Other:     0x0
                          SectionIndex: SHNIndex 17
                          Value:     0x8048804
                          Size:      0x0
                        - NameIndex: 0x112
                          Name:      "_GLOBAL_OFFSET_TABLE_"
                          Type:      STT_Object
                          Binding:   STBLocal
                          Other:     0x0
                          SectionIndex: SHNIndex 24
                          Value:     0x804a000
                          Size:      0x0
                        - NameIndex: 0x128
                          Name:      "__init_array_end"
                          Type:      STT_NoType
                          Binding:   STBLocal
                          Other:     0x0
                          SectionIndex: SHNIndex 19
                          Value:     0x8049ef4
                          Size:      0x0
                        - NameIndex: 0x139
                          Name:      "__init_array_start"
                          Type:      STT_NoType
                          Binding:   STBLocal
                          Other:     0x0
                          SectionIndex: SHNIndex 19
                          Value:     0x8049eec
                          Size:      0x0
                        - NameIndex: 0x14c
                          Name:      "_DYNAMIC"
                          Type:      STT_Object
                          Binding:   STBLocal
                          Other:     0x0
                          SectionIndex: SHNIndex 22
                          Value:     0x8049efc
                          Size:      0x0
                        - NameIndex: 0x29c
                          Name:      "data_start"
                          Type:      STT_NoType
                          Binding:   STBWeak
                          Other:     0x0
                          SectionIndex: SHNIndex 25
                          Value:     0x804a028
                          Size:      0x0
                        - NameIndex: 0x155
                          Name:      "__cxa_atexit@@GLIBC_2.1.3"
                          Type:      STT_Func
                          Binding:   STBGlobal
                          Other:     0x0
                          SectionIndex: SHNUndef
                          Value:     0x0
                          Size:      0x0
                        - NameIndex: 0x16f
                          Name:      "__libc_csu_fini"
                          Type:      STT_Func
                          Binding:   STBGlobal
                          Other:     0x0
                          SectionIndex: SHNIndex 14
                          Value:     0x80487d0
                          Size:      0x2
                        - NameIndex: 0x2a0
                          Name:      "_start"
                          Type:      STT_Func
                          Binding:   STBGlobal
                          Other:     0x0
                          SectionIndex: SHNIndex 14
                          Value:     0x8048610
                          Size:      0x0
                        - NameIndex: 0x17f
                          Name:      "__gmon_start__"
                          Type:      STT_NoType
                          Binding:   STBWeak
                          Other:     0x0
                          SectionIndex: SHNUndef
                          Value:     0x0
                          Size:      0x0
                        - NameIndex: 0x18e
                          Name:      "_Jv_RegisterClasses"
                          Type:      STT_NoType
                          Binding:   STBWeak
                          Other:     0x0
                          SectionIndex: SHNUndef
                          Value:     0x0
                          Size:      0x0
                        - NameIndex: 0x1a2
                          Name:      "_fp_hw"
                          Type:      STT_Object
                          Binding:   STBGlobal
                          Other:     0x0
                          SectionIndex: SHNIndex 16
                          Value:     0x80487e8
                          Size:      0x4
                        - NameIndex: 0x179
                          Name:      "_fini"
                          Type:      STT_Func
                          Binding:   STBGlobal
                          Other:     0x0
                          SectionIndex: SHNIndex 15
                          Value:     0x80487d4
                          Size:      0x0
                        - NameIndex: 0x1a9
                          Name:      "_ZNSt8ios_base4InitC1Ev@@GLIBCXX_3.4"
                          Type:      STT_Func
                          Binding:   STBGlobal
                          Other:     0x0
                          SectionIndex: SHNUndef
                          Value:     0x0
                          Size:      0x0
                        - NameIndex: 0x1ce
                          Name:      "__libc_start_main@@GLIBC_2.0"
                          Type:      STT_Func
                          Binding:   STBGlobal
                          Other:     0x0
                          SectionIndex: SHNUndef
                          Value:     0x0
                          Size:      0x0
                        - NameIndex: 0x1eb
                          Name:      "_ZNSt8ios_base4InitD1Ev@@GLIBCXX_3.4"
                          Type:      STT_Func
                          Binding:   STBGlobal
                          Other:     0x0
                          SectionIndex: SHNUndef
                          Value:     0x8048570
                          Size:      0x0
                        - NameIndex: 0x210
                          Name:      "_ITM_deregisterTMCloneTable"
                          Type:      STT_NoType
                          Binding:   STBWeak
                          Other:     0x0
                          SectionIndex: SHNUndef
                          Value:     0x0
                          Size:      0x0
                        - NameIndex: 0x22c
                          Name:      "_ZStlsISt11char_traitsIcEERSt13basic_ostreamIcT_ES5_PKc@@GLIBCXX_3.4"
                          Type:      STT_Func
                          Binding:   STBGlobal
                          Other:     0x0
                          SectionIndex: SHNUndef
                          Value:     0x0
                          Size:      0x0
                        - NameIndex: 0x271
                          Name:      "_IO_stdin_used"
                          Type:      STT_Object
                          Binding:   STBGlobal
                          Other:     0x0
                          SectionIndex: SHNIndex 16
                          Value:     0x80487ec
                          Size:      0x4
                        - NameIndex: 0x280
                          Name:      "_ITM_registerTMCloneTable"
                          Type:      STT_NoType
                          Binding:   STBWeak
                          Other:     0x0
                          SectionIndex: SHNUndef
                          Value:     0x0
                          Size:      0x0
                        - NameIndex: 0x29a
                          Name:      "__data_start"
                          Type:      STT_NoType
                          Binding:   STBGlobal
                          Other:     0x0
                          SectionIndex: SHNIndex 25
                          Value:     0x804a028
                          Size:      0x0
                        - NameIndex: 0x2a7
                          Name:      "__x86.get_pc_thunk.bx"
                          Type:      STT_Func
                          Binding:   STBGlobal
                          Other:     0x2
                          SectionIndex: SHNIndex 14
                          Value:     0x8048640
                          Size:      0x4
                        - NameIndex: 0x2bd
                          Name:      "__TMC_END__"
                          Type:      STT_Object
                          Binding:   STBGlobal
                          Other:     0x2
                          SectionIndex: SHNIndex 25
                          Value:     0x804a02c
                          Size:      0x0
                        - NameIndex: 0x2c9
                          Name:      "_ZSt4cout@@GLIBCXX_3.4"
                          Type:      STT_Object
                          Binding:   STBGlobal
                          Other:     0x0
                          SectionIndex: SHNIndex 26
                          Value:     0x804a040
                          Size:      0x8c
                        - NameIndex: 0x2e0
                          Name:      "__dso_handle"
                          Type:      STT_Object
                          Binding:   STBGlobal
                          Other:     0x2
                          SectionIndex: SHNIndex 16
                          Value:     0x80487f0
                          Size:      0x0
                        - NameIndex: 0x2ed
                          Name:      "__libc_csu_init"
                          Type:      STT_Func
                          Binding:   STBGlobal
                          Other:     0x0
                          SectionIndex: SHNIndex 14
                          Value:     0x8048770
                          Size:      0x5d
                        - NameIndex: 0x2fd
                          Name:      "__bss_start"
                          Type:      STT_NoType
                          Binding:   STBGlobal
                          Other:     0x0
                          SectionIndex: SHNIndex 26
                          Value:     0x804a02c
                          Size:      0x0
                        - NameIndex: 0x134
                          Name:      "_end"
                          Type:      STT_NoType
                          Binding:   STBGlobal
                          Other:     0x0
                          SectionIndex: SHNIndex 26
                          Value:     0x804a0d0
                          Size:      0x0
                        - NameIndex: 0x309
                          Name:      "_ZNSolsEPFRSoS_E@@GLIBCXX_3.4"
                          Type:      STT_Func
                          Binding:   STBGlobal
                          Other:     0x0
                          SectionIndex: SHNUndef
                          Value:     0x0
                          Size:      0x0
                        - NameIndex: 0x327
                          Name:      "_ZSt4endlIcSt11char_traitsIcEERSt13basic_ostreamIT_T0_ES6_@@GLIBCXX_3.4"
                          Type:      STT_Func
                          Binding:   STBGlobal
                          Other:     0x0
                          SectionIndex: SHNUndef
                          Value:     0x80485a0
                          Size:      0x0
                        - NameIndex: 0x36f
                          Name:      "_edata"
                          Type:      STT_NoType
                          Binding:   STBGlobal
                          Other:     0x0
                          SectionIndex: SHNIndex 25
                          Value:     0x804a02c
                          Size:      0x0
                        - NameIndex: 0x376
                          Name:      "main"
                          Type:      STT_Func
                          Binding:   STBGlobal
                          Other:     0x0
                          SectionIndex: SHNIndex 14
                          Value:     0x8048710
                          Size:      0x51
                        - NameIndex: 0x3b
                          Name:      "_init"
                          Type:      STT_Func
                          Binding:   STBGlobal
                          Other:     0x0
                          SectionIndex: SHNIndex 11
                          Value:     0x804850c
                          Size:      0x0
           - Name:      ".strtab"
             Type:      SHT_STRTAB
             Flags:     
             Addr:      0x0
             Size:      891
             Link:      0
             Info:      0
             AddrAlign: 1
             EntSize:   0
             Data:      00 5f 47 4c 4f 42 41 4c 5f 5f 73 75 62 5f 49 5f # ._GLOBAL__sub_I_
                        62 6c 6f 61 74 65 64 2e 63 70 70 00 5f 5a 53 74 # bloated.cpp._ZSt
                        4c 38 5f 5f 69 6f 69 6e 69 74 00 5f 5f 63 78 78 # L8__ioinit.__cxx
                        5f 67 6c 6f 62 61 6c 5f 76 61 72 5f 69 6e 69 74 # _global_var_init
                        00 63 72 74 73 74 75 66 66 2e 63 00 5f 5f 4a 43 # .crtstuff.c.__JC
                        52 5f 4c 49 53 54 5f 5f 00 64 65 72 65 67 69 73 # R_LIST__.deregis
                        74 65 72 5f 74 6d 5f 63 6c 6f 6e 65 73 00 5f 5f # ter_tm_clones.__
                        64 6f 5f 67 6c 6f 62 61 6c 5f 64 74 6f 72 73 5f # do_global_dtors_
                        61 75 78 00 63 6f 6d 70 6c 65 74 65 64 2e 36 35 # aux.completed.65
                        35 34 00 5f 5f 64 6f 5f 67 6c 6f 62 61 6c 5f 64 # 54.__do_global_d
                        74 6f 72 73 5f 61 75 78 5f 66 69 6e 69 5f 61 72 # tors_aux_fini_ar
                        72 61 79 5f 65 6e 74 72 79 00 66 72 61 6d 65 5f # ray_entry.frame_
                        64 75 6d 6d 79 00 5f 5f 66 72 61 6d 65 5f 64 75 # dummy.__frame_du
                        6d 6d 79 5f 69 6e 69 74 5f 61 72 72 61 79 5f 65 # mmy_init_array_e
                        6e 74 72 79 00 5f 5f 46 52 41 4d 45 5f 45 4e 44 # ntry.__FRAME_END
                        5f 5f 00 5f 5f 4a 43 52 5f 45 4e 44 5f 5f 00 5f # __.__JCR_END__._
                        5f 47 4e 55 5f 45 48 5f 46 52 41 4d 45 5f 48 44 # _GNU_EH_FRAME_HD
                        52 00 5f 47 4c 4f 42 41 4c 5f 4f 46 46 53 45 54 # R._GLOBAL_OFFSET
                        5f 54 41 42 4c 45 5f 00 5f 5f 69 6e 69 74 5f 61 # _TABLE_.__init_a
                        72 72 61 79 5f 65 6e 64 00 5f 5f 69 6e 69 74 5f # rray_end.__init_
                        61 72 72 61 79 5f 73 74 61 72 74 00 5f 44 59 4e # array_start._DYN
                        41 4d 49 43 00 5f 5f 63 78 61 5f 61 74 65 78 69 # AMIC.__cxa_atexi
                        74 40 40 47 4c 49 42 43 5f 32 2e 31 2e 33 00 5f # t@@GLIBC_2.1.3._
                        5f 6c 69 62 63 5f 63 73 75 5f 66 69 6e 69 00 5f # _libc_csu_fini._
                        5f 67 6d 6f 6e 5f 73 74 61 72 74 5f 5f 00 5f 4a # _gmon_start__._J
                        76 5f 52 65 67 69 73 74 65 72 43 6c 61 73 73 65 # v_RegisterClasse
                        73 00 5f 66 70 5f 68 77 00 5f 5a 4e 53 74 38 69 # s._fp_hw._ZNSt8i
                        6f 73 5f 62 61 73 65 34 49 6e 69 74 43 31 45 76 # os_base4InitC1Ev
                        40 40 47 4c 49 42 43 58 58 5f 33 2e 34 00 5f 5f # @@GLIBCXX_3.4.__
                        6c 69 62 63 5f 73 74 61 72 74 5f 6d 61 69 6e 40 # libc_start_main@
                        40 47 4c 49 42 43 5f 32 2e 30 00 5f 5a 4e 53 74 # @GLIBC_2.0._ZNSt
                        38 69 6f 73 5f 62 61 73 65 34 49 6e 69 74 44 31 # 8ios_base4InitD1
                        45 76 40 40 47 4c 49 42 43 58 58 5f 33 2e 34 00 # Ev@@GLIBCXX_3.4.
                        5f 49 54 4d 5f 64 65 72 65 67 69 73 74 65 72 54 # _ITM_deregisterT
                        4d 43 6c 6f 6e 65 54 61 62 6c 65 00 5f 5a 53 74 # MCloneTable._ZSt
                        6c 73 49 53 74 31 31 63 68 61 72 5f 74 72 61 69 # lsISt11char_trai
                        74 73 49 63 45 45 52 53 74 31 33 62 61 73 69 63 # tsIcEERSt13basic
                        5f 6f 73 74 72 65 61 6d 49 63 54 5f 45 53 35 5f # _ostreamIcT_ES5_
                        50 4b 63 40 40 47 4c 49 42 43 58 58 5f 33 2e 34 # PKc@@GLIBCXX_3.4
                        00 5f 49 4f 5f 73 74 64 69 6e 5f 75 73 65 64 00 # ._IO_stdin_used.
                        5f 49 54 4d 5f 72 65 67 69 73 74 65 72 54 4d 43 # _ITM_registerTMC
                        6c 6f 6e 65 54 61 62 6c 65 00 5f 5f 64 61 74 61 # loneTable.__data
                        5f 73 74 61 72 74 00 5f 5f 78 38 36 2e 67 65 74 # _start.__x86.get
                        5f 70 63 5f 74 68 75 6e 6b 2e 62 78 00 5f 5f 54 # _pc_thunk.bx.__T
                        4d 43 5f 45 4e 44 5f 5f 00 5f 5a 53 74 34 63 6f # MC_END__._ZSt4co
                        75 74 40 40 47 4c 49 42 43 58 58 5f 33 2e 34 00 # ut@@GLIBCXX_3.4.
                        5f 5f 64 73 6f 5f 68 61 6e 64 6c 65 00 5f 5f 6c # __dso_handle.__l
                        69 62 63 5f 63 73 75 5f 69 6e 69 74 00 5f 5f 62 # ibc_csu_init.__b
                        73 73 5f 73 74 61 72 74 00 5f 5a 4e 53 6f 6c 73 # ss_start._ZNSols
                        45 50 46 52 53 6f 53 5f 45 40 40 47 4c 49 42 43 # EPFRSoS_E@@GLIBC
                        58 58 5f 33 2e 34 00 5f 5a 53 74 34 65 6e 64 6c # XX_3.4._ZSt4endl
                        49 63 53 74 31 31 63 68 61 72 5f 74 72 61 69 74 # IcSt11char_trait
                        73 49 63 45 45 52 53 74 31 33 62 61 73 69 63 5f # sIcEERSt13basic_
                        6f 73 74 72 65 61 6d 49 54 5f 54 30 5f 45 53 36 # ostreamIT_T0_ES6
                        5f 40 40 47 4c 49 42 43 58 58 5f 33 2e 34 00 5f # _@@GLIBCXX_3.4._
                        65 64 61 74 61 00 6d 61 69 6e 00                # edata.main.
Segments:  - Type:      PT_PHDR
             Flags:     - PF_X
                        - PF_R
             VirtAddr:  0x8048034
             PhysAddr:  0x8048034
             Align:     4
             Data:      06 00 00 00 34 00 00 00 34 80 04 08 34 80 04 08 # ....4...4...4...
                        20 01 00 00 20 01 00 00 05 00 00 00 04 00 00 00 #  ... ...........
                        03 00 00 00 54 01 00 00 54 81 04 08 54 81 04 08 # ....T...T...T...
                        13 00 00 00 13 00 00 00 04 00 00 00 01 00 00 00 # ................
                        01 00 00 00 00 00 00 00 00 80 04 08 00 80 04 08 # ................
                        34 09 00 00 34 09 00 00 05 00 00 00 00 10 00 00 # 4...4...........
                        01 00 00 00 ec 0e 00 00 ec 9e 04 08 ec 9e 04 08 # ................
                        40 01 00 00 e4 01 00 00 06 00 00 00 00 10 00 00 # @...............
                        02 00 00 00 fc 0e 00 00 fc 9e 04 08 fc 9e 04 08 # ................
                        00 01 00 00 00 01 00 00 06 00 00 00 04 00 00 00 # ................
                        04 00 00 00 68 01 00 00 68 81 04 08 68 81 04 08 # ....h...h...h...
                        44 00 00 00 44 00 00 00 04 00 00 00 04 00 00 00 # D...D...........
                        50 e5 74 64 04 08 00 00 04 88 04 08 04 88 04 08 # P.td............
                        3c 00 00 00 3c 00 00 00 04 00 00 00 04 00 00 00 # <...<...........
                        51 e5 74 64 00 00 00 00 00 00 00 00 00 00 00 00 # Q.td............
                        00 00 00 00 00 00 00 00 06 00 00 00 10 00 00 00 # ................
                        52 e5 74 64 ec 0e 00 00 ec 9e 04 08 ec 9e 04 08 # R.td............
                        14 01 00 00 14 01 00 00 04 00 00 00 01 00 00 00 # ................
             MemSize:   288
           - Type:      PT_INTERP
             Flags:     - PF_R
             VirtAddr:  0x8048154
             PhysAddr:  0x8048154
             Align:     1
             Data:      2f 6c 69 62 2f 6c 64 2d 6c 69 6e 75 78 2e 73 6f # /lib/ld-linux.so
                        2e 32 00                                        # .2.
             MemSize:   19
           - Type:      PT_LOAD
             Flags:     - PF_X
                        - PF_R
             VirtAddr:  0x8048000
             PhysAddr:  0x8048000
             Align:     4096
             Data:      7f 45 4c 46 01 01 01 00 00 00 00 00 00 00 00 00 # .ELF............
                        02 00 03 00 01 00 00 00 10 86 04 08 34 00 00 00 # ............4...
                        f0 19 00 00 00 00 00 00 34 00 20 00 09 00 28 00 # ........4. ...(.
                        1f 00 1c 00 06 00 00 00 34 00 00 00 34 80 04 08 # ........4...4...
                        34 80 04 08 20 01 00 00 20 01 00 00 05 00 00 00 # 4... ... .......
                        04 00 00 00 03 00 00 00 54 01 00 00 54 81 04 08 # ........T...T...
                        54 81 04 08 13 00 00 00 13 00 00 00 04 00 00 00 # T...............
                        01 00 00 00 01 00 00 00 00 00 00 00 00 80 04 08 # ................
                        00 80 04 08 34 09 00 00 34 09 00 00 05 00 00 00 # ....4...4.......
                        00 10 00 00 01 00 00 00 ec 0e 00 00 ec 9e 04 08 # ................
                        ec 9e 04 08 40 01 00 00 e4 01 00 00 06 00 00 00 # ....@...........
                        00 10 00 00 02 00 00 00 fc 0e 00 00 fc 9e 04 08 # ................
                        fc 9e 04 08 00 01 00 00 00 01 00 00 06 00 00 00 # ................
                        04 00 00 00 04 00 00 00 68 01 00 00 68 81 04 08 # ........h...h...
                        68 81 04 08 44 00 00 00 44 00 00 00 04 00 00 00 # h...D...D.......
                        04 00 00 00 50 e5 74 64 04 08 00 00 04 88 04 08 # ....P.td........
                        04 88 04 08 3c 00 00 00 3c 00 00 00 04 00 00 00 # ....<...<.......
                        04 00 00 00 51 e5 74 64 00 00 00 00 00 00 00 00 # ....Q.td........
                        00 00 00 00 00 00 00 00 00 00 00 00 06 00 00 00 # ................
                        10 00 00 00 52 e5 74 64 ec 0e 00 00 ec 9e 04 08 # ....R.td........
                        ec 9e 04 08 14 01 00 00 14 01 00 00 04 00 00 00 # ................
                        01 00 00 00 2f 6c 69 62 2f 6c 64 2d 6c 69 6e 75 # ..../lib/ld-linu
                        78 2e 73 6f 2e 32 00 00 04 00 00 00 10 00 00 00 # x.so.2..........
                        01 00 00 00 47 4e 55 00 00 00 00 00 02 00 00 00 # ....GNU.........
                        06 00 00 00 20 00 00 00 04 00 00 00 14 00 00 00 # .... ...........
                        03 00 00 00 47 4e 55 00 58 e3 4f e8 bc 03 f9 db # ....GNU.X.O.....
                        4b 07 fa e5 03 1e fd d0 88 97 6f 88 03 00 00 00 # K.........o.....
                        0a 00 00 00 01 00 00 00 05 00 00 00 01 23 10 20 # .............#. 
                        00 00 00 00 0a 00 00 00 0c 00 00 00 ac 4b e3 c0 # .............K..
                        21 fd f4 09 28 45 d5 4c 15 98 0c 43 00 00 00 00 # !...(E.L...C....
                        00 00 00 00 00 00 00 00 00 00 00 00 58 01 00 00 # ............X...
                        00 00 00 00 00 00 00 00 12 00 00 00 10 00 00 00 # ................
                        00 00 00 00 00 00 00 00 20 00 00 00 1f 00 00 00 # ........ .......
                        00 00 00 00 00 00 00 00 20 00 00 00 0f 01 00 00 # ........ .......
                        00 00 00 00 00 00 00 00 12 00 00 00 65 01 00 00 # ............e...
                        00 00 00 00 00 00 00 00 12 00 00 00 33 00 00 00 # ............3...
                        00 00 00 00 00 00 00 00 20 00 00 00 69 00 00 00 # ........ ...i...
                        00 00 00 00 00 00 00 00 12 00 00 00 4f 00 00 00 # ............O...
                        00 00 00 00 00 00 00 00 20 00 00 00 ab 00 00 00 # ........ .......
                        00 00 00 00 00 00 00 00 12 00 00 00 49 01 00 00 # ............I...
                        ec 87 04 08 04 00 00 00 11 00 10 00 bc 00 00 00 # ................
                        a0 85 04 08 00 00 00 00 12 00 00 00 f7 00 00 00 # ................
                        70 85 04 08 00 00 00 00 12 00 00 00 a1 00 00 00 # p...............
                        40 a0 04 08 8c 00 00 00 11 00 1a 00 00 6c 69 62 # @............lib
                        73 74 64 63 2b 2b 2e 73 6f 2e 36 00 5f 5f 67 6d # stdc++.so.6.__gm
                        6f 6e 5f 73 74 61 72 74 5f 5f 00 5f 4a 76 5f 52 # on_start__._Jv_R
                        65 67 69 73 74 65 72 43 6c 61 73 73 65 73 00 5f # egisterClasses._
                        49 54 4d 5f 64 65 72 65 67 69 73 74 65 72 54 4d # ITM_deregisterTM
                        43 6c 6f 6e 65 54 61 62 6c 65 00 5f 49 54 4d 5f # CloneTable._ITM_
                        72 65 67 69 73 74 65 72 54 4d 43 6c 6f 6e 65 54 # registerTMCloneT
                        61 62 6c 65 00 5f 5a 53 74 6c 73 49 53 74 31 31 # able._ZStlsISt11
                        63 68 61 72 5f 74 72 61 69 74 73 49 63 45 45 52 # char_traitsIcEER
                        53 74 31 33 62 61 73 69 63 5f 6f 73 74 72 65 61 # St13basic_ostrea
                        6d 49 63 54 5f 45 53 35 5f 50 4b 63 00 5f 5a 53 # mIcT_ES5_PKc._ZS
                        74 34 63 6f 75 74 00 5f 5a 4e 53 6f 6c 73 45 50 # t4cout._ZNSolsEP
                        46 52 53 6f 53 5f 45 00 5f 5a 53 74 34 65 6e 64 # FRSoS_E._ZSt4end
                        6c 49 63 53 74 31 31 63 68 61 72 5f 74 72 61 69 # lIcSt11char_trai
                        74 73 49 63 45 45 52 53 74 31 33 62 61 73 69 63 # tsIcEERSt13basic
                        5f 6f 73 74 72 65 61 6d 49 54 5f 54 30 5f 45 53 # _ostreamIT_T0_ES
                        36 5f 00 5f 5a 4e 53 74 38 69 6f 73 5f 62 61 73 # 6_._ZNSt8ios_bas
                        65 34 49 6e 69 74 44 31 45 76 00 5f 5a 4e 53 74 # e4InitD1Ev._ZNSt
                        38 69 6f 73 5f 62 61 73 65 34 49 6e 69 74 43 31 # 8ios_base4InitC1
                        45 76 00 6c 69 62 6d 2e 73 6f 2e 36 00 6c 69 62 # Ev.libm.so.6.lib
                        67 63 63 5f 73 2e 73 6f 2e 31 00 6c 69 62 63 2e # gcc_s.so.1.libc.
                        73 6f 2e 36 00 5f 49 4f 5f 73 74 64 69 6e 5f 75 # so.6._IO_stdin_u
                        73 65 64 00 5f 5f 63 78 61 5f 61 74 65 78 69 74 # sed.__cxa_atexit
                        00 5f 5f 6c 69 62 63 5f 73 74 61 72 74 5f 6d 61 # .__libc_start_ma
                        69 6e 00 47 4c 49 42 43 58 58 5f 33 2e 34 00 47 # in.GLIBCXX_3.4.G
                        4c 49 42 43 5f 32 2e 30 00 47 4c 49 42 43 5f 32 # LIBC_2.0.GLIBC_2
                        2e 31 2e 33 00 00 00 00 02 00 00 00 00 00 03 00 # .1.3............
                        04 00 00 00 03 00 00 00 03 00 01 00 03 00 03 00 # ................
                        03 00 00 00 01 00 01 00 01 00 00 00 10 00 00 00 # ................
                        20 00 00 00 74 29 92 08 00 00 03 00 77 01 00 00 #  ...t)......w...
                        00 00 00 00 01 00 02 00 3f 01 00 00 10 00 00 00 # ........?.......
                        00 00 00 00 10 69 69 0d 00 00 04 00 83 01 00 00 # .....ii.........
                        10 00 00 00 73 1f 69 09 00 00 02 00 8d 01 00 00 # ....s.i.........
                        00 00 00 00 fc 9f 04 08 06 02 00 00 40 a0 04 08 # ............@...
                        05 0d 00 00 0c a0 04 08 07 01 00 00 10 a0 04 08 # ................
                        07 04 00 00 14 a0 04 08 07 05 00 00 18 a0 04 08 # ................
                        07 0c 00 00 1c a0 04 08 07 07 00 00 20 a0 04 08 # ............ ...
                        07 09 00 00 24 a0 04 08 07 0b 00 00 53 83 ec 08 # ....$.......S...
                        e8 2b 01 00 00 81 c3 eb 1a 00 00 8b 83 fc ff ff # .+..............
                        ff 85 c0 74 05 e8 86 00 00 00 83 c4 08 5b c3 00 # ...t.........[..
                        ff 35 04 a0 04 08 ff 25 08 a0 04 08 00 00 00 00 # .5.....%........
                        ff 25 0c a0 04 08 68 00 00 00 00 e9 e0 ff ff ff # .%....h.........
                        ff 25 10 a0 04 08 68 08 00 00 00 e9 d0 ff ff ff # .%....h.........
                        ff 25 14 a0 04 08 68 10 00 00 00 e9 c0 ff ff ff # .%....h.........
                        ff 25 18 a0 04 08 68 18 00 00 00 e9 b0 ff ff ff # .%....h.........
                        ff 25 1c a0 04 08 68 20 00 00 00 e9 a0 ff ff ff # .%....h ........
                        ff 25 20 a0 04 08 68 28 00 00 00 e9 90 ff ff ff # .% ...h(........
                        ff 25 24 a0 04 08 68 30 00 00 00 e9 80 ff ff ff # .%$...h0........
                        ff 25 fc 9f 04 08 66 90 00 00 00 00 00 00 00 00 # .%....f.........
                        55 89 e5 83 ec 18 8d 05 cd a0 04 08 89 04 24 e8 # U.............$.
                        7c ff ff ff 8d 05 70 85 04 08 8d 0d cd a0 04 08 # |.....p.........
                        8d 15 f0 87 04 08 89 04 24 89 4c 24 04 89 54 24 # ........$.L$..T$
                        08 e8 4a ff ff ff 89 45 fc 83 c4 18 5d c3 66 90 # ..J....E....].f.
                        55 89 e5 83 ec 08 e8 b5 ff ff ff 83 c4 08 5d c3 # U.............].
                        31 ed 5e 89 e1 83 e4 f0 50 54 52 68 d0 87 04 08 # 1.^.....PTRh....
                        68 70 87 04 08 51 56 68 10 87 04 08 e8 2f ff ff # hp...QVh...../..
                        ff f4 66 90 66 90 66 90 66 90 66 90 66 90 66 90 # ..f.f.f.f.f.f.f.
                        8b 1c 24 c3 66 90 66 90 66 90 66 90 66 90 66 90 # ..$.f.f.f.f.f.f.
                        b8 2f a0 04 08 2d 2c a0 04 08 83 f8 06 76 1a b8 # ./...-,......v..
                        00 00 00 00 85 c0 74 11 55 89 e5 83 ec 14 68 2c # ......t.U.....h,
                        a0 04 08 ff d0 83 c4 10 c9 f3 c3 90 8d 74 26 00 # .............t&.
                        b8 2c a0 04 08 2d 2c a0 04 08 c1 f8 02 89 c2 c1 # .,...-,.........
                        ea 1f 01 d0 d1 f8 74 1b ba 00 00 00 00 85 d2 74 # ......t........t
                        12 55 89 e5 83 ec 10 50 68 2c a0 04 08 ff d2 83 # .U.....Ph,......
                        c4 10 c9 f3 c3 8d 74 26 00 8d bc 27 00 00 00 00 # ......t&...'....
                        80 3d cc a0 04 08 00 75 13 55 89 e5 83 ec 08 e8 # .=.....u.U......
                        7c ff ff ff c6 05 cc a0 04 08 01 c9 f3 c3 66 90 # |.............f.
                        b8 f8 9e 04 08 8b 10 85 d2 75 05 eb 93 8d 76 00 # .........u....v.
                        ba 00 00 00 00 85 d2 74 f2 55 89 e5 83 ec 14 50 # .......t.U.....P
                        ff d2 83 c4 10 c9 e9 75 ff ff ff 66 90 66 90 90 # .......u...f.f..
                        55 89 e5 56 83 ec 24 8b 45 0c 8b 4d 08 8d 15 40 # U..V..$.E..M...@
                        a0 04 08 8d 35 f4 87 04 08 c7 45 f8 00 00 00 00 # ....5.....E.....
                        89 4d f4 89 45 f0 89 14 24 89 74 24 04 e8 3e fe # .M..E...$.t$..>.
                        ff ff 8d 0d a0 85 04 08 89 04 24 89 4c 24 04 e8 # ..........$.L$..
                        3c fe ff ff 31 c9 89 45 ec 89 c8 83 c4 24 5e 5d # <...1..E.....$^]
                        c3 66 90 66 90 66 90 66 90 66 90 66 90 66 90 90 # .f.f.f.f.f.f.f..
                        55 57 56 53 e8 c7 fe ff ff 81 c3 87 18 00 00 83 # UWVS............
                        ec 0c 8b 6c 24 20 8d b3 f4 fe ff ff e8 7b fd ff # ...l$ .......{..
                        ff 8d 83 ec fe ff ff 29 c6 c1 fe 02 85 f6 74 25 # .......)......t%
                        31 ff 8d b6 00 00 00 00 83 ec 04 ff 74 24 2c ff # 1...........t$,.
                        74 24 2c 55 ff 94 bb ec fe ff ff 83 c7 01 83 c4 # t$,U............
                        10 39 fe 75 e3 83 c4 0c 5b 5e 5f 5d c3 8d 76 00 # .9.u....[^_]..v.
                        f3 c3 00 00 53 83 ec 08 e8 63 fe ff ff 81 c3 23 # ....S....c.....#
                        18 00 00 83 c4 08 5b c3 03 00 00 00 01 00 02 00 # ......[.........
                        00 00 00 00 48 65 6c 6c 6f 20 77 6f 72 6c 64 21 # ....Hello world!
                        00 00 00 00 01 1b 03 3b 38 00 00 00 06 00 00 00 # .......;8.......
                        2c fd ff ff 54 00 00 00 bc fd ff ff 78 00 00 00 # ,...T.......x...
                        fc fd ff ff b0 00 00 00 0c ff ff ff 94 00 00 00 # ................
                        6c ff ff ff cc 00 00 00 cc ff ff ff 18 01 00 00 # l...............
                        14 00 00 00 00 00 00 00 01 7a 52 00 01 7c 08 01 # .........zR..|..
                        1b 0c 04 04 88 01 00 00 20 00 00 00 1c 00 00 00 # ........ .......
                        d0 fc ff ff 80 00 00 00 00 0e 08 46 0e 0c 4a 0f # ...........F..J.
                        0b 74 04 78 00 3f 1a 3b 2a 32 24 22 18 00 00 00 # .t.x.?.;*2$"....
                        40 00 00 00 3c fd ff ff 3e 00 00 00 00 41 0e 08 # @...<...>....A..
                        85 02 42 0d 05 00 00 00 18 00 00 00 5c 00 00 00 # ..B.........\...
                        70 fe ff ff 51 00 00 00 00 41 0e 08 85 02 42 0d # p...Q....A....B.
                        05 44 86 03 18 00 00 00 78 00 00 00 44 fd ff ff # .D......x...D...
                        10 00 00 00 00 41 0e 08 85 02 42 0d 05 00 00 00 # .....A....B.....
                        48 00 00 00 94 00 00 00 98 fe ff ff 5d 00 00 00 # H...........]...
                        00 41 0e 08 85 02 41 0e 0c 87 03 41 0e 10 86 04 # .A....A....A....
                        41 0e 14 83 05 4e 0e 20 69 0e 24 44 0e 28 44 0e # A....N. i.$D.(D.
                        2c 41 0e 30 4d 0e 20 47 0e 14 41 c3 0e 10 41 c6 # ,A.0M. G..A...A.
                        0e 0c 41 c7 0e 08 41 c5 0e 04 00 00 10 00 00 00 # ..A...A.........
                        e0 00 00 00 ac fe ff ff 02 00 00 00 00 00 00 00 # ................
                        00 00 00 00                                     # ....
             MemSize:   2356
           - Type:      PT_LOAD
             Flags:     - PF_W
                        - PF_R
             VirtAddr:  0x8049eec
             PhysAddr:  0x8049eec
             Align:     4096
             Data:      e0 86 04 08 00 86 04 08 c0 86 04 08 00 00 00 00 # ................
                        01 00 00 00 01 00 00 00 01 00 00 00 27 01 00 00 # ............'...
                        01 00 00 00 31 01 00 00 01 00 00 00 3f 01 00 00 # ....1.......?...
                        0c 00 00 00 0c 85 04 08 0d 00 00 00 d4 87 04 08 # ................
                        19 00 00 00 ec 9e 04 08 1b 00 00 00 08 00 00 00 # ................
                        1a 00 00 00 f4 9e 04 08 1c 00 00 00 04 00 00 00 # ................
                        f5 fe ff 6f ac 81 04 08 05 00 00 00 bc 82 04 08 # ...o............
                        06 00 00 00 dc 81 04 08 0a 00 00 00 99 01 00 00 # ................
                        0b 00 00 00 10 00 00 00 15 00 00 00 00 00 00 00 # ................
                        03 00 00 00 00 a0 04 08 02 00 00 00 38 00 00 00 # ............8...
                        14 00 00 00 11 00 00 00 17 00 00 00 d4 84 04 08 # ................
                        11 00 00 00 c4 84 04 08 12 00 00 00 10 00 00 00 # ................
                        13 00 00 00 08 00 00 00 fe ff ff 6f 74 84 04 08 # ...........ot...
                        ff ff ff 6f 02 00 00 00 f0 ff ff 6f 56 84 04 08 # ...o.......oV...
                        00 00 00 00 00 00 00 00 00 00 00 00 00 00 00 00 # ................
                        00 00 00 00 00 00 00 00 00 00 00 00 00 00 00 00 # ................
                        00 00 00 00 00 00 00 00 00 00 00 00 00 00 00 00 # ................
                        00 00 00 00 fc 9e 04 08 00 00 00 00 00 00 00 00 # ................
                        46 85 04 08 56 85 04 08 66 85 04 08 76 85 04 08 # F...V...f...v...
                        86 85 04 08 96 85 04 08 a6 85 04 08 00 00 00 00 # ................
             MemSize:   484
           - Type:      PT_DYNAMIC
             Flags:     - PF_W
                        - PF_R
             VirtAddr:  0x8049efc
             PhysAddr:  0x8049efc
             Align:     4
             Data:      01 00 00 00 01 00 00 00 01 00 00 00 27 01 00 00 # ............'...
                        01 00 00 00 31 01 00 00 01 00 00 00 3f 01 00 00 # ....1.......?...
                        0c 00 00 00 0c 85 04 08 0d 00 00 00 d4 87 04 08 # ................
                        19 00 00 00 ec 9e 04 08 1b 00 00 00 08 00 00 00 # ................
                        1a 00 00 00 f4 9e 04 08 1c 00 00 00 04 00 00 00 # ................
                        f5 fe ff 6f ac 81 04 08 05 00 00 00 bc 82 04 08 # ...o............
                        06 00 00 00 dc 81 04 08 0a 00 00 00 99 01 00 00 # ................
                        0b 00 00 00 10 00 00 00 15 00 00 00 00 00 00 00 # ................
                        03 00 00 00 00 a0 04 08 02 00 00 00 38 00 00 00 # ............8...
                        14 00 00 00 11 00 00 00 17 00 00 00 d4 84 04 08 # ................
                        11 00 00 00 c4 84 04 08 12 00 00 00 10 00 00 00 # ................
                        13 00 00 00 08 00 00 00 fe ff ff 6f 74 84 04 08 # ...........ot...
                        ff ff ff 6f 02 00 00 00 f0 ff ff 6f 56 84 04 08 # ...o.......oV...
                        00 00 00 00 00 00 00 00 00 00 00 00 00 00 00 00 # ................
                        00 00 00 00 00 00 00 00 00 00 00 00 00 00 00 00 # ................
                        00 00 00 00 00 00 00 00 00 00 00 00 00 00 00 00 # ................
             MemSize:   256
           - Type:      PT_NOTE
             Flags:     - PF_R
             VirtAddr:  0x8048168
             PhysAddr:  0x8048168
             Align:     4
             Data:      04 00 00 00 10 00 00 00 01 00 00 00 47 4e 55 00 # ............GNU.
                        00 00 00 00 02 00 00 00 06 00 00 00 20 00 00 00 # ............ ...
                        04 00 00 00 14 00 00 00 03 00 00 00 47 4e 55 00 # ............GNU.
                        58 e3 4f e8 bc 03 f9 db 4b 07 fa e5 03 1e fd d0 # X.O.....K.......
                        88 97 6f 88                                     # ..o.
             MemSize:   68
           - Type:      PT_EXT 1685382480
             Flags:     - PF_R
             VirtAddr:  0x8048804
             PhysAddr:  0x8048804
             Align:     4
             Data:      01 1b 03 3b 38 00 00 00 06 00 00 00 2c fd ff ff # ...;8.......,...
                        54 00 00 00 bc fd ff ff 78 00 00 00 fc fd ff ff # T.......x.......
                        b0 00 00 00 0c ff ff ff 94 00 00 00 6c ff ff ff # ............l...
                        cc 00 00 00 cc ff ff ff 18 01 00 00             # ............
             MemSize:   60
           - Type:      PT_EXT 1685382481
             Flags:     - PF_W
                        - PF_R
             VirtAddr:  0x0
             PhysAddr:  0x0
             Align:     16
             Data:      
             MemSize:   0
           - Type:      PT_EXT 1685382482
             Flags:     - PF_R
             VirtAddr:  0x8049eec
             PhysAddr:  0x8049eec
             Align:     1
             Data:      e0 86 04 08 00 86 04 08 c0 86 04 08 00 00 00 00 # ................
                        01 00 00 00 01 00 00 00 01 00 00 00 27 01 00 00 # ............'...
                        01 00 00 00 31 01 00 00 01 00 00 00 3f 01 00 00 # ....1.......?...
                        0c 00 00 00 0c 85 04 08 0d 00 00 00 d4 87 04 08 # ................
                        19 00 00 00 ec 9e 04 08 1b 00 00 00 08 00 00 00 # ................
                        1a 00 00 00 f4 9e 04 08 1c 00 00 00 04 00 00 00 # ................
                        f5 fe ff 6f ac 81 04 08 05 00 00 00 bc 82 04 08 # ...o............
                        06 00 00 00 dc 81 04 08 0a 00 00 00 99 01 00 00 # ................
                        0b 00 00 00 10 00 00 00 15 00 00 00 00 00 00 00 # ................
                        03 00 00 00 00 a0 04 08 02 00 00 00 38 00 00 00 # ............8...
                        14 00 00 00 11 00 00 00 17 00 00 00 d4 84 04 08 # ................
                        11 00 00 00 c4 84 04 08 12 00 00 00 10 00 00 00 # ................
                        13 00 00 00 08 00 00 00 fe ff ff 6f 74 84 04 08 # ...........ot...
                        ff ff ff 6f 02 00 00 00 f0 ff ff 6f 56 84 04 08 # ...o.......oV...
                        00 00 00 00 00 00 00 00 00 00 00 00 00 00 00 00 # ................
                        00 00 00 00 00 00 00 00 00 00 00 00 00 00 00 00 # ................
                        00 00 00 00 00 00 00 00 00 00 00 00 00 00 00 00 # ................
                        00 00 00 00                                     # ....
             MemSize:   276
